[2026-03-16 00:41:20] Smoke execution started. baseline_module_args=['-pl', 'herd-code/herd-service'] pit_module_args=['-pl', 'herd-code/herd-service'] test_classes=-Dtest=SearchIndexUpdateHelperTest#testModifyTagInSearchIndexSearchIndexUpdateJmsListenerDisabled target_tests=['org.finra.herd.service.helper.SearchIndexUpdateHelperTest'] target_classes=['org.finra.herd.service.helper.SearchIndexUpdateHelper'] ast_test_method=testModifyTagInSearchIndexSearchIndexUpdateJmsListenerDisabled ast_focal_method=modifyTagInSearchIndex excluded_mutation_methods=['getSqsQueueName', 'modifyBusinessObjectDefinitionInSearchIndex', 'modifyBusinessObjectDefinitionsInSearchIndex', 'modifyTagsInSearchIndex', 'processMessage'] timeout=900s
[2026-03-16 00:41:20] Maven baseline command: mvn.cmd -o -B -pl herd-code/herd-service -Dtest=SearchIndexUpdateHelperTest#testModifyTagInSearchIndexSearchIndexUpdateJmsListenerDisabled -Drat.skip=true -DfailIfNoTests=false -Dcheckstyle.skip=true jacoco:prepare-agent test jacoco:report
[2026-03-16 00:41:20] Maven PIT command: mvn.cmd -o -B -pl herd-code/herd-service -DtargetTests=org.finra.herd.service.helper.SearchIndexUpdateHelperTest -DtargetClasses=org.finra.herd.service.helper.SearchIndexUpdateHelper -DincludedTestMethods=testModifyTagInSearchIndexSearchIndexUpdateJmsListenerDisabled -Dpitest.includedMethods=modifyTagInSearchIndex -DexcludedMethods=getSqsQueueName,modifyBusinessObjectDefinitionInSearchIndex,modifyBusinessObjectDefinitionsInSearchIndex,modifyTagsInSearchIndex,processMessage -DfailWhenNoMutations=false -Dthreads=1 -DtimeoutConstant=120000 -DtimeoutFactor=4.0 -DparseSurefireArgLine=false -Dfeatures=-auto_threads -Drat.skip=true -DfailIfNoTests=false -Dcheckstyle.skip=true org.pitest:pitest-maven:mutationCoverage
[2026-03-16 00:41:20] Starting smoke baseline-test command=mvn.cmd -o -B -pl herd-code/herd-service -Dtest=SearchIndexUpdateHelperTest#testModifyTagInSearchIndexSearchIndexUpdateJmsListenerDisabled -Drat.skip=true -DfailIfNoTests=false -Dcheckstyle.skip=true jacoco:prepare-agent test jacoco:report cwd=C:\Users\osart\ATR_ProjectV2\compiledrepos\worker_smokefresh1\42949039

===== MAVEN BASELINE-TEST START =====
[INFO] Scanning for projects...
[INFO] 
[INFO] --------------------< org.finra.herd:herd-service >---------------------
[INFO] Building herd service 0.176.0-SNAPSHOT
[INFO]   from pom.xml
[INFO] --------------------------------[ jar ]---------------------------------
[INFO] 
[INFO] --- jacoco:0.8.7:prepare-agent (default-cli) @ herd-service ---
[INFO] surefireArgLine set to -javaagent:C:\\Users\\osart\\.m2\\repository\\org\\jacoco\\org.jacoco.agent\\0.8.7\\org.jacoco.agent-0.8.7-runtime.jar=destfile=C:\\Users\\osart\\ATR_ProjectV2\\compiledrepos\\worker_smokefresh1\\42949039\\herd-code\\herd-service\\target\\jacoco.exec,includes=org/finra/herd/service/helper/SearchIndexUpdateHelper*,output=file
[INFO] 
[INFO] --- jacoco:0.8.7:prepare-agent (jacoco-initialize) @ herd-service ---
[INFO] surefireArgLine set to -javaagent:C:\\Users\\osart\\.m2\\repository\\org\\jacoco\\org.jacoco.agent\\0.8.7\\org.jacoco.agent-0.8.7-runtime.jar=destfile=C:\\Users\\osart\\ATR_ProjectV2\\compiledrepos\\worker_smokefresh1\\42949039\\herd-code\\herd-service\\target\\jacoco.exec,includes=org/finra/herd/service/helper/SearchIndexUpdateHelper*,output=file
[INFO] 
[INFO] --- build-helper:3.0.0:add-source (default) @ herd-service ---
[INFO] Source directory: C:\Users\osart\ATR_ProjectV2\compiledrepos\worker_smokefresh1\42949039\herd-code\herd-service\target\generated-sources added.
[INFO] 
[INFO] --- resources:3.0.2:resources (default-resources) @ herd-service ---
[INFO] Using 'UTF-8' encoding to copy filtered resources.
[INFO] skip non existing resourceDirectory C:\Users\osart\ATR_ProjectV2\compiledrepos\worker_smokefresh1\42949039\herd-code\herd-service\src\main\resources
[INFO] 
[INFO] --- flatten:1.1.0:flatten (flatten) @ herd-service ---
[INFO] Generating flattened POM of project org.finra.herd:herd-service:jar:0.176.0-SNAPSHOT...
[INFO] 
[INFO] --- compiler:3.7.0:compile (default-compile) @ herd-service ---
[INFO] Changes detected - recompiling the module!
[INFO] Compiling 359 source files to C:\Users\osart\ATR_ProjectV2\compiledrepos\worker_smokefresh1\42949039\herd-code\herd-service\target\classes
[INFO] /C:/Users/osart/ATR_ProjectV2/compiledrepos/worker_smokefresh1/42949039/herd-code/herd-service/src/main/java/org/finra/herd/service/helper/BusinessObjectDataDdlPartitionsHelper.java: Some input files use unchecked or unsafe operations.
[INFO] /C:/Users/osart/ATR_ProjectV2/compiledrepos/worker_smokefresh1/42949039/herd-code/herd-service/src/main/java/org/finra/herd/service/helper/BusinessObjectDataDdlPartitionsHelper.java: Recompile with -Xlint:unchecked for details.
[INFO] 
[INFO] --- resources:3.0.2:testResources (default-testResources) @ herd-service ---
[INFO] Using 'UTF-8' encoding to copy filtered resources.
[INFO] Copying 17 resources
[INFO] 
[INFO] --- compiler:3.7.0:testCompile (default-testCompile) @ herd-service ---
[INFO] Changes detected - recompiling the module!
[INFO] Compiling 285 source files to C:\Users\osart\ATR_ProjectV2\compiledrepos\worker_smokefresh1\42949039\herd-code\herd-service\target\test-classes
[INFO] /C:/Users/osart/ATR_ProjectV2/compiledrepos/worker_smokefresh1/42949039/herd-code/herd-service/src/test/java/org/finra/herd/service/BusinessObjectDataServiceTestHelper.java: Some input files use unchecked or unsafe operations.
[INFO] /C:/Users/osart/ATR_ProjectV2/compiledrepos/worker_smokefresh1/42949039/herd-code/herd-service/src/test/java/org/finra/herd/service/BusinessObjectDataServiceTestHelper.java: Recompile with -Xlint:unchecked for details.
[INFO] 
[INFO] --- surefire:2.22.2:test (default-test) @ herd-service ---
[INFO] 
[INFO] -------------------------------------------------------
[INFO]  T E S T S
[INFO] -------------------------------------------------------
[INFO] Running org.finra.herd.service.helper.SearchIndexUpdateHelperTest
Using Log4J configuration location "classpath:herd-log4j-test.xml".
[INFO] Tests run: 1, Failures: 0, Errors: 0, Skipped: 0, Time elapsed: 27.295 s - in org.finra.herd.service.helper.SearchIndexUpdateHelperTest
[INFO] 
[INFO] Results:
[INFO] 
[INFO] Tests run: 1, Failures: 0, Errors: 0, Skipped: 0
[INFO] 
[INFO] 
[INFO] --- jacoco:0.8.7:report (jacoco-site) @ herd-service ---
[INFO] Loading execution data file C:\Users\osart\ATR_ProjectV2\compiledrepos\worker_smokefresh1\42949039\herd-code\herd-service\target\jacoco.exec
[INFO] Analyzed bundle 'herd service' with 1 classes
[INFO] 
[INFO] --- jacoco:0.8.7:report (default-cli) @ herd-service ---
[INFO] Loading execution data file C:\Users\osart\ATR_ProjectV2\compiledrepos\worker_smokefresh1\42949039\herd-code\herd-service\target\jacoco.exec
[INFO] Analyzed bundle 'herd service' with 1 classes
[INFO] ------------------------------------------------------------------------
[INFO] BUILD SUCCESS
[INFO] ------------------------------------------------------------------------
[INFO] Total time:  01:17 min
[INFO] Finished at: 2026-03-16T00:42:42-04:00
[INFO] ------------------------------------------------------------------------

===== MAVEN BASELINE-TEST END returncode=0 =====
[2026-03-16 00:42:42] Finished smoke baseline-test in 82.49s with returncode=0
[2026-03-16 00:42:43] Smoke execution started. baseline_module_args=['-pl', 'herd-code/herd-service'] pit_module_args=['-pl', 'herd-code/herd-service'] test_classes=-Dtest=SearchIndexUpdateHelperTest#testModifyTagInSearchIndexSearchIndexUpdateJmsListenerDisabled target_tests=['org.finra.herd.service.helper.SearchIndexUpdateHelperTest'] target_classes=['org.finra.herd.service.helper.SearchIndexUpdateHelper'] ast_test_method=testModifyTagInSearchIndexSearchIndexUpdateJmsListenerDisabled ast_focal_method=modifyTagInSearchIndex excluded_mutation_methods=['getSqsQueueName', 'modifyBusinessObjectDefinitionInSearchIndex', 'modifyBusinessObjectDefinitionsInSearchIndex', 'modifyTagsInSearchIndex', 'processMessage'] timeout=900s
[2026-03-16 00:42:43] Maven baseline command: mvn.cmd -o -B -pl herd-code/herd-service -Dtest=SearchIndexUpdateHelperTest#testModifyTagInSearchIndexSearchIndexUpdateJmsListenerDisabled -Drat.skip=true -DfailIfNoTests=false -Dcheckstyle.skip=true jacoco:prepare-agent test jacoco:report
[2026-03-16 00:42:43] Maven PIT command: mvn.cmd -o -B -pl herd-code/herd-service -DtargetTests=org.finra.herd.service.helper.SearchIndexUpdateHelperTest -DtargetClasses=org.finra.herd.service.helper.SearchIndexUpdateHelper -DincludedTestMethods=testModifyTagInSearchIndexSearchIndexUpdateJmsListenerDisabled -Dpitest.includedMethods=modifyTagInSearchIndex -DexcludedMethods=getSqsQueueName,modifyBusinessObjectDefinitionInSearchIndex,modifyBusinessObjectDefinitionsInSearchIndex,modifyTagsInSearchIndex,processMessage -DfailWhenNoMutations=false -Dthreads=1 -DtimeoutConstant=120000 -DtimeoutFactor=4.0 -DparseSurefireArgLine=false -Dfeatures=-auto_threads -Drat.skip=true -DfailIfNoTests=false -Dcheckstyle.skip=true org.pitest:pitest-maven:mutationCoverage
[2026-03-16 00:42:43] Starting smoke pit-targeted command=mvn.cmd -o -B -pl herd-code/herd-service -DtargetTests=org.finra.herd.service.helper.SearchIndexUpdateHelperTest -DtargetClasses=org.finra.herd.service.helper.SearchIndexUpdateHelper -DincludedTestMethods=testModifyTagInSearchIndexSearchIndexUpdateJmsListenerDisabled -Dpitest.includedMethods=modifyTagInSearchIndex -DexcludedMethods=getSqsQueueName,modifyBusinessObjectDefinitionInSearchIndex,modifyBusinessObjectDefinitionsInSearchIndex,modifyTagsInSearchIndex,processMessage -DfailWhenNoMutations=false -Dthreads=1 -DtimeoutConstant=120000 -DtimeoutFactor=4.0 -DparseSurefireArgLine=false -Dfeatures=-auto_threads -Drat.skip=true -DfailIfNoTests=false -Dcheckstyle.skip=true org.pitest:pitest-maven:mutationCoverage cwd=C:\Users\osart\ATR_ProjectV2\compiledrepos\worker_smokefresh1\42949039

===== MAVEN PIT-TARGETED START =====
[INFO] Scanning for projects...
[INFO] 
[INFO] --------------------< org.finra.herd:herd-service >---------------------
[INFO] Building herd service 0.176.0-SNAPSHOT
[INFO]   from pom.xml
[INFO] --------------------------------[ jar ]---------------------------------
[INFO] 
[INFO] --- pitest:1.16.0:mutationCoverage (default-cli) @ herd-service ---
[INFO] Root dir is : C:\Users\osart\ATR_ProjectV2\compiledrepos\worker_smokefresh1\42949039
[INFO] Found plugin : Default csv report plugin
[INFO] Found plugin : Default xml report plugin
[INFO] Found plugin : Default html report plugin
[INFO] Found plugin : Static initializer code detector plugin
[INFO] Found plugin : Excluded annotations plugin
[INFO] Found plugin : Try with resources filter
[INFO] Found plugin : Inlined finally block filter plugin
[INFO] Found plugin : Implicit null check filter
[INFO] Found plugin : Method reference null check filter
[INFO] Found plugin : For each loop filter
[INFO] Found plugin : Enum junk filter
[INFO] Found plugin : Record junk mutation filter
[INFO] Found plugin : String switch filter
[INFO] Found plugin : Assertions filter
[INFO] Found plugin : Enum switch filter
[INFO] Found plugin : Logging calls filter
[INFO] Found plugin : Infinite for loop filter
[INFO] Found plugin : Long running iterator loop filter
[INFO] Found plugin : For loop counter filter
[INFO] Found plugin : Kotlin junk mutations filter
[INFO] Found plugin : Groovy junk mutations filter
[INFO] Found plugin : Max mutations per class limit
[INFO] Found plugin : Equals shortcut equivalent mutant filter
[INFO] Found plugin : Trivial return vals equivalence filter
[INFO] Found plugin : Filters mutants with line number <= 1
[INFO] Found plugin : Division by one equivalent mutant filter
[INFO] Found plugin : Lombok junk mutations filter
[INFO] Found plugin : Filter mutations to defensive wrappers such as unmodifiableCollection on return or field write
[INFO] Found plugin : Mutant export plugin
[INFO] Found plugin : Auto add java.awt.headless=true to keep keyboard focus on Mac OS
[INFO] Found plugin : Auto set number of threads based on machine
[INFO] Found plugin : Automatically add -ea to launch args to enable assertions
[INFO] Found plugin : Default build verifier
[INFO] Found plugin : Detect missing JUnit5 plugin
[INFO] Found plugin : Detect missing TestNG plugin
[INFO] Found plugin : Detect missing kotlin plugin
[INFO] Found plugin : Detect missing spring plugin
[INFO] Found plugin : Default coverage exporter
[INFO] Found shared classpath plugin : Default mutation engine
[INFO] Found shared classpath plugin : JUnit plugin
[INFO] Available mutators : EXPERIMENTAL_ARGUMENT_PROPAGATION,FALSE_RETURNS,TRUE_RETURNS,CONDITIONALS_BOUNDARY,CONSTRUCTOR_CALLS,EMPTY_RETURNS,INCREMENTS,INLINE_CONSTS,INVERT_NEGS,MATH,NEGATE_CONDITIONALS,NON_VOID_METHOD_CALLS,NULL_RETURNS,PRIMITIVE_RETURNS,REMOVE_CONDITIONALS_EQUAL_IF,REMOVE_CONDITIONALS_EQUAL_ELSE,REMOVE_CONDITIONALS_ORDER_IF,REMOVE_CONDITIONALS_ORDER_ELSE,VOID_METHOD_CALLS,EXPERIMENTAL_BIG_DECIMAL,EXPERIMENTAL_BIG_INTEGER,EXPERIMENTAL_MEMBER_VARIABLE,EXPERIMENTAL_NAKED_RECEIVER,REMOVE_INCREMENTS,EXPERIMENTAL_SWITCH,EXPERIMENTAL_BIG_DECIMAL,EXPERIMENTAL_BIG_INTEGER
[INFO] Adding org.pitest:pitest to SUT classpath
[INFO] Mutating from C:\Users\osart\ATR_ProjectV2\compiledrepos\worker_smokefresh1\42949039\herd-code\herd-service\target\classes
12:42:56 AM PIT >> INFO : Verbose logging is disabled. If you encounter a problem, please enable it before reporting an issue.
12:42:56 AM PIT >> INFO : Created 1 mutation test units in pre scan
12:42:57 AM PIT >> INFO : Sending 1 test classes to minion
12:42:57 AM PIT >> INFO : Sent tests to minion
/12:43:23 AM PIT >> INFO : Calculated coverage in 27 seconds.
12:43:23 AM PIT >> INFO : Created 1 mutation test units
/12:43:52 AM PIT >> INFO : Completed in 56 seconds
================================================================================
- Mutators
================================================================================
> org.pitest.mutationtest.engine.gregor.mutators.VoidMethodCallMutator
>> Generated 1 Killed 1 (100%)
> KILLED 1 SURVIVED 0 TIMED_OUT 0 NON_VIABLE 0 
> MEMORY_ERROR 0 NOT_STARTED 0 STARTED 0 RUN_ERROR 0 
> NO_COVERAGE 0 
--------------------------------------------------------------------------------
================================================================================
- Timings
================================================================================
> pre-scan for mutations : < 1 second
> scan classpath : < 1 second
> coverage and dependency analysis : 27 seconds
> build mutation tests : < 1 second
> run mutation analysis : 28 seconds
--------------------------------------------------------------------------------
> Total  : 56 seconds
--------------------------------------------------------------------------------
================================================================================
- Statistics
================================================================================
>> Line Coverage (for mutated classes only): 11/41 (27%)
>> Generated 1 mutations Killed 1 (100%)
>> Mutations with no coverage 0. Test strength 100%
>> Ran 1 tests (1 tests per mutation)
Enhanced functionality available at https://www.arcmutate.com/

Build messages:- 
* Project uses Spring, but the Arcmutate Spring plugin is not present. (https://docs.arcmutate.com/docs/spring.html)
[INFO] ------------------------------------------------------------------------
[INFO] BUILD SUCCESS
[INFO] ------------------------------------------------------------------------
[INFO] Total time:  01:06 min
[INFO] Finished at: 2026-03-16T00:43:52-04:00
[INFO] ------------------------------------------------------------------------

===== MAVEN PIT-TARGETED END returncode=0 =====
[2026-03-16 00:43:52] Finished smoke pit-targeted in 69.33s with returncode=0
[2026-03-16 00:43:54] Smoke execution started. baseline_module_args=['-pl', 'herd-code/herd-service'] pit_module_args=['-pl', 'herd-code/herd-service'] test_classes=-Dtest=SearchIndexUpdateHelperTest#testModifyTagInSearchIndexSearchIndexUpdateJmsListenerDisabled target_tests=['org.finra.herd.service.helper.SearchIndexUpdateHelperTest'] target_classes=['org.finra.herd.service.helper.SearchIndexUpdateHelper'] ast_test_method=testModifyTagInSearchIndexSearchIndexUpdateJmsListenerDisabled ast_focal_method=modifyTagInSearchIndex excluded_mutation_methods=['getSqsQueueName', 'modifyBusinessObjectDefinitionInSearchIndex', 'modifyBusinessObjectDefinitionsInSearchIndex', 'modifyTagsInSearchIndex', 'processMessage'] timeout=900s
[2026-03-16 00:43:54] Maven baseline command: mvn.cmd -o -B -pl herd-code/herd-service -Dtest=SearchIndexUpdateHelperTest#testModifyTagInSearchIndexSearchIndexUpdateJmsListenerDisabled -Drat.skip=true -DfailIfNoTests=false -Dcheckstyle.skip=true jacoco:prepare-agent test jacoco:report
[2026-03-16 00:43:54] Maven PIT command: mvn.cmd -o -B -pl herd-code/herd-service -DtargetTests=org.finra.herd.service.helper.SearchIndexUpdateHelperTest -DtargetClasses=org.finra.herd.service.helper.SearchIndexUpdateHelper -DincludedTestMethods=testModifyTagInSearchIndexSearchIndexUpdateJmsListenerDisabled -Dpitest.includedMethods=modifyTagInSearchIndex -DexcludedMethods=getSqsQueueName,modifyBusinessObjectDefinitionInSearchIndex,modifyBusinessObjectDefinitionsInSearchIndex,modifyTagsInSearchIndex,processMessage -DfailWhenNoMutations=false -Dthreads=1 -DtimeoutConstant=120000 -DtimeoutFactor=4.0 -DparseSurefireArgLine=false -Dfeatures=-auto_threads -Drat.skip=true -DfailIfNoTests=false -Dcheckstyle.skip=true org.pitest:pitest-maven:mutationCoverage
[2026-03-16 00:43:54] Starting smoke baseline-test command=mvn.cmd -o -B -pl herd-code/herd-service -Dtest=SearchIndexUpdateHelperTest#testModifyTagInSearchIndexSearchIndexUpdateJmsListenerDisabled -Drat.skip=true -DfailIfNoTests=false -Dcheckstyle.skip=true jacoco:prepare-agent test jacoco:report cwd=C:\Users\osart\ATR_ProjectV2\compiledrepos\worker_smokefresh1\42949039

===== MAVEN BASELINE-TEST START =====
[INFO] Scanning for projects...
[INFO] 
[INFO] --------------------< org.finra.herd:herd-service >---------------------
[INFO] Building herd service 0.176.0-SNAPSHOT
[INFO]   from pom.xml
[INFO] --------------------------------[ jar ]---------------------------------
[INFO] 
[INFO] --- jacoco:0.8.7:prepare-agent (default-cli) @ herd-service ---
[INFO] surefireArgLine set to -javaagent:C:\\Users\\osart\\.m2\\repository\\org\\jacoco\\org.jacoco.agent\\0.8.7\\org.jacoco.agent-0.8.7-runtime.jar=destfile=C:\\Users\\osart\\ATR_ProjectV2\\compiledrepos\\worker_smokefresh1\\42949039\\herd-code\\herd-service\\target\\jacoco.exec,includes=org/finra/herd/service/helper/SearchIndexUpdateHelper*,output=file
[INFO] 
[INFO] --- jacoco:0.8.7:prepare-agent (jacoco-initialize) @ herd-service ---
[INFO] surefireArgLine set to -javaagent:C:\\Users\\osart\\.m2\\repository\\org\\jacoco\\org.jacoco.agent\\0.8.7\\org.jacoco.agent-0.8.7-runtime.jar=destfile=C:\\Users\\osart\\ATR_ProjectV2\\compiledrepos\\worker_smokefresh1\\42949039\\herd-code\\herd-service\\target\\jacoco.exec,includes=org/finra/herd/service/helper/SearchIndexUpdateHelper*,output=file
[INFO] 
[INFO] --- build-helper:3.0.0:add-source (default) @ herd-service ---
[INFO] Source directory: C:\Users\osart\ATR_ProjectV2\compiledrepos\worker_smokefresh1\42949039\herd-code\herd-service\target\generated-sources added.
[INFO] 
[INFO] --- resources:3.0.2:resources (default-resources) @ herd-service ---
[INFO] Using 'UTF-8' encoding to copy filtered resources.
[INFO] skip non existing resourceDirectory C:\Users\osart\ATR_ProjectV2\compiledrepos\worker_smokefresh1\42949039\herd-code\herd-service\src\main\resources
[INFO] 
[INFO] --- flatten:1.1.0:flatten (flatten) @ herd-service ---
[INFO] Generating flattened POM of project org.finra.herd:herd-service:jar:0.176.0-SNAPSHOT...
[INFO] 
[INFO] --- compiler:3.7.0:compile (default-compile) @ herd-service ---
[INFO] Changes detected - recompiling the module!
[INFO] Compiling 359 source files to C:\Users\osart\ATR_ProjectV2\compiledrepos\worker_smokefresh1\42949039\herd-code\herd-service\target\classes
[INFO] /C:/Users/osart/ATR_ProjectV2/compiledrepos/worker_smokefresh1/42949039/herd-code/herd-service/src/main/java/org/finra/herd/service/helper/BusinessObjectDataDdlPartitionsHelper.java: Some input files use unchecked or unsafe operations.
[INFO] /C:/Users/osart/ATR_ProjectV2/compiledrepos/worker_smokefresh1/42949039/herd-code/herd-service/src/main/java/org/finra/herd/service/helper/BusinessObjectDataDdlPartitionsHelper.java: Recompile with -Xlint:unchecked for details.
[INFO] 
[INFO] --- resources:3.0.2:testResources (default-testResources) @ herd-service ---
[INFO] Using 'UTF-8' encoding to copy filtered resources.
[INFO] Copying 17 resources
[INFO] 
[INFO] --- compiler:3.7.0:testCompile (default-testCompile) @ herd-service ---
[INFO] Nothing to compile - all classes are up to date
[INFO] 
[INFO] --- surefire:2.22.2:test (default-test) @ herd-service ---
[INFO] 
[INFO] -------------------------------------------------------
[INFO]  T E S T S
[INFO] -------------------------------------------------------
[INFO] Running org.finra.herd.service.helper.SearchIndexUpdateHelperTest
Using Log4J configuration location "classpath:herd-log4j-test.xml".
[ERROR] Tests run: 1, Failures: 1, Errors: 0, Skipped: 0, Time elapsed: 26.335 s <<< FAILURE! - in org.finra.herd.service.helper.SearchIndexUpdateHelperTest
[ERROR] testModifyTagInSearchIndexSearchIndexUpdateJmsListenerDisabled(org.finra.herd.service.helper.SearchIndexUpdateHelperTest)  Time elapsed: 0.745 s  <<< FAILURE!
java.lang.AssertionError: AGONE_MUTATION_TRIGGER
	at org.finra.herd.service.helper.SearchIndexUpdateHelperTest.testModifyTagInSearchIndexSearchIndexUpdateJmsListenerDisabled(SearchIndexUpdateHelperTest.java:390)

[INFO] 
[INFO] Results:
[INFO] 
[ERROR] Failures: 
[ERROR]   SearchIndexUpdateHelperTest.testModifyTagInSearchIndexSearchIndexUpdateJmsListenerDisabled:390 AGONE_MUTATION_TRIGGER
[INFO] 
[ERROR] Tests run: 1, Failures: 1, Errors: 0, Skipped: 0
[INFO] 
[ERROR] There are test failures.

Please refer to C:\Users\osart\ATR_ProjectV2\compiledrepos\worker_smokefresh1\42949039\herd-code\herd-service\target\surefire-reports for the individual test results.
Please refer to dump files (if any exist) [date].dump, [date]-jvmRun[N].dump and [date].dumpstream.
[INFO] 
[INFO] --- jacoco:0.8.7:report (jacoco-site) @ herd-service ---
[INFO] Loading execution data file C:\Users\osart\ATR_ProjectV2\compiledrepos\worker_smokefresh1\42949039\herd-code\herd-service\target\jacoco.exec
[INFO] Analyzed bundle 'herd service' with 1 classes
[INFO] 
[INFO] --- jacoco:0.8.7:report (default-cli) @ herd-service ---
[INFO] Loading execution data file C:\Users\osart\ATR_ProjectV2\compiledrepos\worker_smokefresh1\42949039\herd-code\herd-service\target\jacoco.exec
[INFO] Analyzed bundle 'herd service' with 1 classes
[INFO] ------------------------------------------------------------------------
[INFO] BUILD SUCCESS
[INFO] ------------------------------------------------------------------------
[INFO] Total time:  54.406 s
[INFO] Finished at: 2026-03-16T00:44:50-04:00
[INFO] ------------------------------------------------------------------------

===== MAVEN BASELINE-TEST END returncode=0 =====
[2026-03-16 00:44:51] Finished smoke baseline-test in 57.26s with returncode=0
[2026-03-16 00:44:51] Detected explicit Surefire failure markers despite successful Maven exit code.
[2026-03-16 00:44:51] Baseline failure log captured at C:\Users\osart\ATR_ProjectV2\output\worker_smokefresh1\42949039\latest_failure_log.txt
[2026-03-16 00:44:51] [IterativeHealing] Baseline failed for SearchIndexUpdateHelperTest; starting retry loop (max_retries=3).
[2026-03-16 00:44:51] [IterativeHealing] Retry 1/3 for SearchIndexUpdateHelperTest on focal SearchIndexUpdateHelper.
[2026-03-16 00:45:28] Smoke execution started. baseline_module_args=['-pl', 'herd-code/herd-service'] pit_module_args=['-pl', 'herd-code/herd-service'] test_classes=-Dtest=SearchIndexUpdateHelperTest#testModifyTagInSearchIndexSearchIndexUpdateJmsListenerDisabled target_tests=['org.finra.herd.service.helper.SearchIndexUpdateHelperTest'] target_classes=['org.finra.herd.service.helper.SearchIndexUpdateHelper'] ast_test_method=testModifyTagInSearchIndexSearchIndexUpdateJmsListenerDisabled ast_focal_method=modifyTagInSearchIndex excluded_mutation_methods=['getSqsQueueName', 'modifyBusinessObjectDefinitionInSearchIndex', 'modifyBusinessObjectDefinitionsInSearchIndex', 'modifyTagsInSearchIndex', 'processMessage'] timeout=900s
[2026-03-16 00:45:28] Maven baseline command: mvn.cmd -o -B -pl herd-code/herd-service -Dtest=SearchIndexUpdateHelperTest#testModifyTagInSearchIndexSearchIndexUpdateJmsListenerDisabled -Drat.skip=true -DfailIfNoTests=false -Dcheckstyle.skip=true jacoco:prepare-agent test jacoco:report
[2026-03-16 00:45:28] Maven PIT command: mvn.cmd -o -B -pl herd-code/herd-service -DtargetTests=org.finra.herd.service.helper.SearchIndexUpdateHelperTest -DtargetClasses=org.finra.herd.service.helper.SearchIndexUpdateHelper -DincludedTestMethods=testModifyTagInSearchIndexSearchIndexUpdateJmsListenerDisabled -Dpitest.includedMethods=modifyTagInSearchIndex -DexcludedMethods=getSqsQueueName,modifyBusinessObjectDefinitionInSearchIndex,modifyBusinessObjectDefinitionsInSearchIndex,modifyTagsInSearchIndex,processMessage -DfailWhenNoMutations=false -Dthreads=1 -DtimeoutConstant=120000 -DtimeoutFactor=4.0 -DparseSurefireArgLine=false -Dfeatures=-auto_threads -Drat.skip=true -DfailIfNoTests=false -Dcheckstyle.skip=true org.pitest:pitest-maven:mutationCoverage
[2026-03-16 00:45:28] Starting smoke baseline-test command=mvn.cmd -o -B -pl herd-code/herd-service -Dtest=SearchIndexUpdateHelperTest#testModifyTagInSearchIndexSearchIndexUpdateJmsListenerDisabled -Drat.skip=true -DfailIfNoTests=false -Dcheckstyle.skip=true jacoco:prepare-agent test jacoco:report cwd=C:\Users\osart\ATR_ProjectV2\compiledrepos\worker_smokefresh1\42949039

===== MAVEN BASELINE-TEST START =====
[INFO] Scanning for projects...
[INFO] 
[INFO] --------------------< org.finra.herd:herd-service >---------------------
[INFO] Building herd service 0.176.0-SNAPSHOT
[INFO]   from pom.xml
[INFO] --------------------------------[ jar ]---------------------------------
[INFO] 
[INFO] --- jacoco:0.8.7:prepare-agent (default-cli) @ herd-service ---
[INFO] surefireArgLine set to -javaagent:C:\\Users\\osart\\.m2\\repository\\org\\jacoco\\org.jacoco.agent\\0.8.7\\org.jacoco.agent-0.8.7-runtime.jar=destfile=C:\\Users\\osart\\ATR_ProjectV2\\compiledrepos\\worker_smokefresh1\\42949039\\herd-code\\herd-service\\target\\jacoco.exec,includes=org/finra/herd/service/helper/SearchIndexUpdateHelper*,output=file
[INFO] 
[INFO] --- jacoco:0.8.7:prepare-agent (jacoco-initialize) @ herd-service ---
[INFO] surefireArgLine set to -javaagent:C:\\Users\\osart\\.m2\\repository\\org\\jacoco\\org.jacoco.agent\\0.8.7\\org.jacoco.agent-0.8.7-runtime.jar=destfile=C:\\Users\\osart\\ATR_ProjectV2\\compiledrepos\\worker_smokefresh1\\42949039\\herd-code\\herd-service\\target\\jacoco.exec,includes=org/finra/herd/service/helper/SearchIndexUpdateHelper*,output=file
[INFO] 
[INFO] --- build-helper:3.0.0:add-source (default) @ herd-service ---
[INFO] Source directory: C:\Users\osart\ATR_ProjectV2\compiledrepos\worker_smokefresh1\42949039\herd-code\herd-service\target\generated-sources added.
[INFO] 
[INFO] --- resources:3.0.2:resources (default-resources) @ herd-service ---
[INFO] Using 'UTF-8' encoding to copy filtered resources.
[INFO] skip non existing resourceDirectory C:\Users\osart\ATR_ProjectV2\compiledrepos\worker_smokefresh1\42949039\herd-code\herd-service\src\main\resources
[INFO] 
[INFO] --- flatten:1.1.0:flatten (flatten) @ herd-service ---
[INFO] Generating flattened POM of project org.finra.herd:herd-service:jar:0.176.0-SNAPSHOT...
[INFO] 
[INFO] --- compiler:3.7.0:compile (default-compile) @ herd-service ---
[INFO] Nothing to compile - all classes are up to date
[INFO] 
[INFO] --- resources:3.0.2:testResources (default-testResources) @ herd-service ---
[INFO] Using 'UTF-8' encoding to copy filtered resources.
[INFO] Copying 17 resources
[INFO] 
[INFO] --- compiler:3.7.0:testCompile (default-testCompile) @ herd-service ---
[INFO] Changes detected - recompiling the module!
[INFO] Compiling 285 source files to C:\Users\osart\ATR_ProjectV2\compiledrepos\worker_smokefresh1\42949039\herd-code\herd-service\target\test-classes
[INFO] /C:/Users/osart/ATR_ProjectV2/compiledrepos/worker_smokefresh1/42949039/herd-code/herd-service/src/test/java/org/finra/herd/service/BusinessObjectDataServiceTestHelper.java: Some input files use unchecked or unsafe operations.
[INFO] /C:/Users/osart/ATR_ProjectV2/compiledrepos/worker_smokefresh1/42949039/herd-code/herd-service/src/test/java/org/finra/herd/service/BusinessObjectDataServiceTestHelper.java: Recompile with -Xlint:unchecked for details.
[INFO] 
[INFO] --- surefire:2.22.2:test (default-test) @ herd-service ---
[INFO] 
[INFO] -------------------------------------------------------
[INFO]  T E S T S
[INFO] -------------------------------------------------------
[INFO] Running org.finra.herd.service.helper.SearchIndexUpdateHelperTest
Using Log4J configuration location "classpath:herd-log4j-test.xml".
[INFO] Tests run: 1, Failures: 0, Errors: 0, Skipped: 0, Time elapsed: 26.007 s - in org.finra.herd.service.helper.SearchIndexUpdateHelperTest
[INFO] 
[INFO] Results:
[INFO] 
[INFO] Tests run: 1, Failures: 0, Errors: 0, Skipped: 0
[INFO] 
[INFO] 
[INFO] --- jacoco:0.8.7:report (jacoco-site) @ herd-service ---
[INFO] Loading execution data file C:\Users\osart\ATR_ProjectV2\compiledrepos\worker_smokefresh1\42949039\herd-code\herd-service\target\jacoco.exec
[INFO] Analyzed bundle 'herd service' with 1 classes
[INFO] 
[INFO] --- jacoco:0.8.7:report (default-cli) @ herd-service ---
[INFO] Loading execution data file C:\Users\osart\ATR_ProjectV2\compiledrepos\worker_smokefresh1\42949039\herd-code\herd-service\target\jacoco.exec
[INFO] Analyzed bundle 'herd service' with 1 classes
[INFO] ------------------------------------------------------------------------
[INFO] BUILD SUCCESS
[INFO] ------------------------------------------------------------------------
[INFO] Total time:  59.069 s
[INFO] Finished at: 2026-03-16T00:46:30-04:00
[INFO] ------------------------------------------------------------------------

===== MAVEN BASELINE-TEST END returncode=0 =====
[2026-03-16 00:46:31] Finished smoke baseline-test in 62.32s with returncode=0
[2026-03-16 00:46:31] [IterativeHealing] Baseline passed on retry 1 for SearchIndexUpdateHelperTest; running targeted PIT.
[2026-03-16 00:46:31] Smoke execution started. baseline_module_args=['-pl', 'herd-code/herd-service'] pit_module_args=['-pl', 'herd-code/herd-service'] test_classes=-Dtest=SearchIndexUpdateHelperTest#testModifyTagInSearchIndexSearchIndexUpdateJmsListenerDisabled target_tests=['org.finra.herd.service.helper.SearchIndexUpdateHelperTest'] target_classes=['org.finra.herd.service.helper.SearchIndexUpdateHelper'] ast_test_method=testModifyTagInSearchIndexSearchIndexUpdateJmsListenerDisabled ast_focal_method=modifyTagInSearchIndex excluded_mutation_methods=['getSqsQueueName', 'modifyBusinessObjectDefinitionInSearchIndex', 'modifyBusinessObjectDefinitionsInSearchIndex', 'modifyTagsInSearchIndex', 'processMessage'] timeout=900s
[2026-03-16 00:46:31] Maven baseline command: mvn.cmd -o -B -pl herd-code/herd-service -Dtest=SearchIndexUpdateHelperTest#testModifyTagInSearchIndexSearchIndexUpdateJmsListenerDisabled -Drat.skip=true -DfailIfNoTests=false -Dcheckstyle.skip=true jacoco:prepare-agent test jacoco:report
[2026-03-16 00:46:31] Maven PIT command: mvn.cmd -o -B -pl herd-code/herd-service -DtargetTests=org.finra.herd.service.helper.SearchIndexUpdateHelperTest -DtargetClasses=org.finra.herd.service.helper.SearchIndexUpdateHelper -DincludedTestMethods=testModifyTagInSearchIndexSearchIndexUpdateJmsListenerDisabled -Dpitest.includedMethods=modifyTagInSearchIndex -DexcludedMethods=getSqsQueueName,modifyBusinessObjectDefinitionInSearchIndex,modifyBusinessObjectDefinitionsInSearchIndex,modifyTagsInSearchIndex,processMessage -DfailWhenNoMutations=false -Dthreads=1 -DtimeoutConstant=120000 -DtimeoutFactor=4.0 -DparseSurefireArgLine=false -Dfeatures=-auto_threads -Drat.skip=true -DfailIfNoTests=false -Dcheckstyle.skip=true org.pitest:pitest-maven:mutationCoverage
[2026-03-16 00:46:31] Starting smoke pit-targeted command=mvn.cmd -o -B -pl herd-code/herd-service -DtargetTests=org.finra.herd.service.helper.SearchIndexUpdateHelperTest -DtargetClasses=org.finra.herd.service.helper.SearchIndexUpdateHelper -DincludedTestMethods=testModifyTagInSearchIndexSearchIndexUpdateJmsListenerDisabled -Dpitest.includedMethods=modifyTagInSearchIndex -DexcludedMethods=getSqsQueueName,modifyBusinessObjectDefinitionInSearchIndex,modifyBusinessObjectDefinitionsInSearchIndex,modifyTagsInSearchIndex,processMessage -DfailWhenNoMutations=false -Dthreads=1 -DtimeoutConstant=120000 -DtimeoutFactor=4.0 -DparseSurefireArgLine=false -Dfeatures=-auto_threads -Drat.skip=true -DfailIfNoTests=false -Dcheckstyle.skip=true org.pitest:pitest-maven:mutationCoverage cwd=C:\Users\osart\ATR_ProjectV2\compiledrepos\worker_smokefresh1\42949039

===== MAVEN PIT-TARGETED START =====
[INFO] Scanning for projects...
[INFO] 
[INFO] --------------------< org.finra.herd:herd-service >---------------------
[INFO] Building herd service 0.176.0-SNAPSHOT
[INFO]   from pom.xml
[INFO] --------------------------------[ jar ]---------------------------------
[INFO] 
[INFO] --- pitest:1.16.0:mutationCoverage (default-cli) @ herd-service ---
[INFO] Root dir is : C:\Users\osart\ATR_ProjectV2\compiledrepos\worker_smokefresh1\42949039
[INFO] Found plugin : Default csv report plugin
[INFO] Found plugin : Default xml report plugin
[INFO] Found plugin : Default html report plugin
[INFO] Found plugin : Static initializer code detector plugin
[INFO] Found plugin : Excluded annotations plugin
[INFO] Found plugin : Try with resources filter
[INFO] Found plugin : Inlined finally block filter plugin
[INFO] Found plugin : Implicit null check filter
[INFO] Found plugin : Method reference null check filter
[INFO] Found plugin : For each loop filter
[INFO] Found plugin : Enum junk filter
[INFO] Found plugin : Record junk mutation filter
[INFO] Found plugin : String switch filter
[INFO] Found plugin : Assertions filter
[INFO] Found plugin : Enum switch filter
[INFO] Found plugin : Logging calls filter
[INFO] Found plugin : Infinite for loop filter
[INFO] Found plugin : Long running iterator loop filter
[INFO] Found plugin : For loop counter filter
[INFO] Found plugin : Kotlin junk mutations filter
[INFO] Found plugin : Groovy junk mutations filter
[INFO] Found plugin : Max mutations per class limit
[INFO] Found plugin : Equals shortcut equivalent mutant filter
[INFO] Found plugin : Trivial return vals equivalence filter
[INFO] Found plugin : Filters mutants with line number <= 1
[INFO] Found plugin : Division by one equivalent mutant filter
[INFO] Found plugin : Lombok junk mutations filter
[INFO] Found plugin : Filter mutations to defensive wrappers such as unmodifiableCollection on return or field write
[INFO] Found plugin : Mutant export plugin
[INFO] Found plugin : Auto add java.awt.headless=true to keep keyboard focus on Mac OS
[INFO] Found plugin : Auto set number of threads based on machine
[INFO] Found plugin : Automatically add -ea to launch args to enable assertions
[INFO] Found plugin : Default build verifier
[INFO] Found plugin : Detect missing JUnit5 plugin
[INFO] Found plugin : Detect missing TestNG plugin
[INFO] Found plugin : Detect missing kotlin plugin
[INFO] Found plugin : Detect missing spring plugin
[INFO] Found plugin : Default coverage exporter
[INFO] Found shared classpath plugin : Default mutation engine
[INFO] Found shared classpath plugin : JUnit plugin
[INFO] Available mutators : EXPERIMENTAL_ARGUMENT_PROPAGATION,FALSE_RETURNS,TRUE_RETURNS,CONDITIONALS_BOUNDARY,CONSTRUCTOR_CALLS,EMPTY_RETURNS,INCREMENTS,INLINE_CONSTS,INVERT_NEGS,MATH,NEGATE_CONDITIONALS,NON_VOID_METHOD_CALLS,NULL_RETURNS,PRIMITIVE_RETURNS,REMOVE_CONDITIONALS_EQUAL_IF,REMOVE_CONDITIONALS_EQUAL_ELSE,REMOVE_CONDITIONALS_ORDER_IF,REMOVE_CONDITIONALS_ORDER_ELSE,VOID_METHOD_CALLS,EXPERIMENTAL_BIG_DECIMAL,EXPERIMENTAL_BIG_INTEGER,EXPERIMENTAL_MEMBER_VARIABLE,EXPERIMENTAL_NAKED_RECEIVER,REMOVE_INCREMENTS,EXPERIMENTAL_SWITCH,EXPERIMENTAL_BIG_DECIMAL,EXPERIMENTAL_BIG_INTEGER
[INFO] Adding org.pitest:pitest to SUT classpath
[INFO] Mutating from C:\Users\osart\ATR_ProjectV2\compiledrepos\worker_smokefresh1\42949039\herd-code\herd-service\target\classes
12:46:43 AM PIT >> INFO : Verbose logging is disabled. If you encounter a problem, please enable it before reporting an issue.
12:46:44 AM PIT >> INFO : Created 1 mutation test units in pre scan
12:46:45 AM PIT >> INFO : Sending 1 test classes to minion
12:46:45 AM PIT >> INFO : Sent tests to minion
/12:47:11 AM PIT >> INFO : Calculated coverage in 27 seconds.
12:47:12 AM PIT >> INFO : Created 1 mutation test units
/12:47:58 AM PIT >> INFO : Completed in 74 seconds
================================================================================
- Mutators
================================================================================
> org.pitest.mutationtest.engine.gregor.mutators.VoidMethodCallMutator
>> Generated 1 Killed 1 (100%)
> KILLED 1 SURVIVED 0 TIMED_OUT 0 NON_VIABLE 0 
> MEMORY_ERROR 0 NOT_STARTED 0 STARTED 0 RUN_ERROR 0 
> NO_COVERAGE 0 
--------------------------------------------------------------------------------
> org.pitest.mutationtest.engine.gregor.mutators.NegateConditionalsMutator
>> Generated 1 Killed 1 (100%)
> KILLED 1 SURVIVED 0 TIMED_OUT 0 NON_VIABLE 0 
> MEMORY_ERROR 0 NOT_STARTED 0 STARTED 0 RUN_ERROR 0 
> NO_COVERAGE 0 
--------------------------------------------------------------------------------
================================================================================
- Timings
================================================================================
> pre-scan for mutations : < 1 second
> scan classpath : < 1 second
> coverage and dependency analysis : 27 seconds
> build mutation tests : < 1 second
> run mutation analysis : 46 seconds
--------------------------------------------------------------------------------
> Total  : 1 minutes and 14 seconds
--------------------------------------------------------------------------------
================================================================================
- Statistics
================================================================================
>> Line Coverage (for mutated classes only): 12/42 (29%)
>> Generated 2 mutations Killed 2 (100%)
>> Mutations with no coverage 0. Test strength 100%
>> Ran 2 tests (1 tests per mutation)
Enhanced functionality available at https://www.arcmutate.com/

Build messages:- 
* Project uses Spring, but the Arcmutate Spring plugin is not present. (https://docs.arcmutate.com/docs/spring.html)
[INFO] ------------------------------------------------------------------------
[INFO] BUILD SUCCESS
[INFO] ------------------------------------------------------------------------
[INFO] Total time:  01:24 min
[INFO] Finished at: 2026-03-16T00:47:58-04:00
[INFO] ------------------------------------------------------------------------

===== MAVEN PIT-TARGETED END returncode=0 =====
[2026-03-16 00:47:58] Finished smoke pit-targeted in 87.39s with returncode=0
[2026-03-16 00:48:00] Smoke execution started. baseline_module_args=['-pl', 'herd-code/herd-service'] pit_module_args=['-pl', 'herd-code/herd-service'] test_classes=-Dtest=SearchIndexUpdateHelperTest#testModifyTagInSearchIndexSearchIndexUpdateJmsListenerDisabled target_tests=['org.finra.herd.service.helper.SearchIndexUpdateHelperTest'] target_classes=['org.finra.herd.service.helper.SearchIndexUpdateHelper'] ast_test_method=testModifyTagInSearchIndexSearchIndexUpdateJmsListenerDisabled ast_focal_method=modifyTagInSearchIndex excluded_mutation_methods=['getSqsQueueName', 'modifyBusinessObjectDefinitionInSearchIndex', 'modifyBusinessObjectDefinitionsInSearchIndex', 'modifyTagsInSearchIndex', 'processMessage'] timeout=900s
[2026-03-16 00:48:00] Maven baseline command: mvn.cmd -o -B -pl herd-code/herd-service -Dtest=SearchIndexUpdateHelperTest#testModifyTagInSearchIndexSearchIndexUpdateJmsListenerDisabled -Drat.skip=true -DfailIfNoTests=false -Dcheckstyle.skip=true jacoco:prepare-agent test jacoco:report
[2026-03-16 00:48:00] Maven PIT command: mvn.cmd -o -B -pl herd-code/herd-service -DtargetTests=org.finra.herd.service.helper.SearchIndexUpdateHelperTest -DtargetClasses=org.finra.herd.service.helper.SearchIndexUpdateHelper -DincludedTestMethods=testModifyTagInSearchIndexSearchIndexUpdateJmsListenerDisabled -Dpitest.includedMethods=modifyTagInSearchIndex -DexcludedMethods=getSqsQueueName,modifyBusinessObjectDefinitionInSearchIndex,modifyBusinessObjectDefinitionsInSearchIndex,modifyTagsInSearchIndex,processMessage -DfailWhenNoMutations=false -Dthreads=1 -DtimeoutConstant=120000 -DtimeoutFactor=4.0 -DparseSurefireArgLine=false -Dfeatures=-auto_threads -Drat.skip=true -DfailIfNoTests=false -Dcheckstyle.skip=true org.pitest:pitest-maven:mutationCoverage
[2026-03-16 00:48:00] Starting smoke baseline-test command=mvn.cmd -o -B -pl herd-code/herd-service -Dtest=SearchIndexUpdateHelperTest#testModifyTagInSearchIndexSearchIndexUpdateJmsListenerDisabled -Drat.skip=true -DfailIfNoTests=false -Dcheckstyle.skip=true jacoco:prepare-agent test jacoco:report cwd=C:\Users\osart\ATR_ProjectV2\compiledrepos\worker_smokefresh1\42949039

===== MAVEN BASELINE-TEST START =====
[INFO] Scanning for projects...
[INFO] 
[INFO] --------------------< org.finra.herd:herd-service >---------------------
[INFO] Building herd service 0.176.0-SNAPSHOT
[INFO]   from pom.xml
[INFO] --------------------------------[ jar ]---------------------------------
[INFO] 
[INFO] --- jacoco:0.8.7:prepare-agent (default-cli) @ herd-service ---
[INFO] surefireArgLine set to -javaagent:C:\\Users\\osart\\.m2\\repository\\org\\jacoco\\org.jacoco.agent\\0.8.7\\org.jacoco.agent-0.8.7-runtime.jar=destfile=C:\\Users\\osart\\ATR_ProjectV2\\compiledrepos\\worker_smokefresh1\\42949039\\herd-code\\herd-service\\target\\jacoco.exec,includes=org/finra/herd/service/helper/SearchIndexUpdateHelper*,output=file
[INFO] 
[INFO] --- jacoco:0.8.7:prepare-agent (jacoco-initialize) @ herd-service ---
[INFO] surefireArgLine set to -javaagent:C:\\Users\\osart\\.m2\\repository\\org\\jacoco\\org.jacoco.agent\\0.8.7\\org.jacoco.agent-0.8.7-runtime.jar=destfile=C:\\Users\\osart\\ATR_ProjectV2\\compiledrepos\\worker_smokefresh1\\42949039\\herd-code\\herd-service\\target\\jacoco.exec,includes=org/finra/herd/service/helper/SearchIndexUpdateHelper*,output=file
[INFO] 
[INFO] --- build-helper:3.0.0:add-source (default) @ herd-service ---
[INFO] Source directory: C:\Users\osart\ATR_ProjectV2\compiledrepos\worker_smokefresh1\42949039\herd-code\herd-service\target\generated-sources added.
[INFO] 
[INFO] --- resources:3.0.2:resources (default-resources) @ herd-service ---
[INFO] Using 'UTF-8' encoding to copy filtered resources.
[INFO] skip non existing resourceDirectory C:\Users\osart\ATR_ProjectV2\compiledrepos\worker_smokefresh1\42949039\herd-code\herd-service\src\main\resources
[INFO] 
[INFO] --- flatten:1.1.0:flatten (flatten) @ herd-service ---
[INFO] Generating flattened POM of project org.finra.herd:herd-service:jar:0.176.0-SNAPSHOT...
[INFO] 
[INFO] --- compiler:3.7.0:compile (default-compile) @ herd-service ---
[INFO] Nothing to compile - all classes are up to date
[INFO] 
[INFO] --- resources:3.0.2:testResources (default-testResources) @ herd-service ---
[INFO] Using 'UTF-8' encoding to copy filtered resources.
[INFO] Copying 17 resources
[INFO] 
[INFO] --- compiler:3.7.0:testCompile (default-testCompile) @ herd-service ---
[INFO] Changes detected - recompiling the module!
[INFO] Compiling 285 source files to C:\Users\osart\ATR_ProjectV2\compiledrepos\worker_smokefresh1\42949039\herd-code\herd-service\target\test-classes
[INFO] /C:/Users/osart/ATR_ProjectV2/compiledrepos/worker_smokefresh1/42949039/herd-code/herd-service/src/test/java/org/finra/herd/service/BusinessObjectDataServiceTestHelper.java: Some input files use unchecked or unsafe operations.
[INFO] /C:/Users/osart/ATR_ProjectV2/compiledrepos/worker_smokefresh1/42949039/herd-code/herd-service/src/test/java/org/finra/herd/service/BusinessObjectDataServiceTestHelper.java: Recompile with -Xlint:unchecked for details.
[INFO] 
[INFO] --- surefire:2.22.2:test (default-test) @ herd-service ---
[INFO] 
[INFO] -------------------------------------------------------
[INFO]  T E S T S
[INFO] -------------------------------------------------------
[INFO] Running org.finra.herd.service.helper.SearchIndexUpdateHelperTest
Using Log4J configuration location "classpath:herd-log4j-test.xml".
[ERROR] Tests run: 1, Failures: 1, Errors: 0, Skipped: 0, Time elapsed: 47.934 s <<< FAILURE! - in org.finra.herd.service.helper.SearchIndexUpdateHelperTest
[ERROR] testModifyTagInSearchIndexSearchIndexUpdateJmsListenerDisabled(org.finra.herd.service.helper.SearchIndexUpdateHelperTest)  Time elapsed: 1.31 s  <<< FAILURE!
java.lang.AssertionError: AGONE_MUTATION_TRIGGER
	at org.finra.herd.service.helper.SearchIndexUpdateHelperTest.testModifyTagInSearchIndexSearchIndexUpdateJmsListenerDisabled(SearchIndexUpdateHelperTest.java:390)

[INFO] 
[INFO] Results:
[INFO] 
[ERROR] Failures: 
[ERROR]   SearchIndexUpdateHelperTest.testModifyTagInSearchIndexSearchIndexUpdateJmsListenerDisabled:390 AGONE_MUTATION_TRIGGER
[INFO] 
[ERROR] Tests run: 1, Failures: 1, Errors: 0, Skipped: 0
[INFO] 
[ERROR] There are test failures.

Please refer to C:\Users\osart\ATR_ProjectV2\compiledrepos\worker_smokefresh1\42949039\herd-code\herd-service\target\surefire-reports for the individual test results.
Please refer to dump files (if any exist) [date].dump, [date]-jvmRun[N].dump and [date].dumpstream.
[INFO] 
[INFO] --- jacoco:0.8.7:report (jacoco-site) @ herd-service ---
[INFO] Loading execution data file C:\Users\osart\ATR_ProjectV2\compiledrepos\worker_smokefresh1\42949039\herd-code\herd-service\target\jacoco.exec
[INFO] Analyzed bundle 'herd service' with 1 classes
[INFO] 
[INFO] --- jacoco:0.8.7:report (default-cli) @ herd-service ---
[INFO] Loading execution data file C:\Users\osart\ATR_ProjectV2\compiledrepos\worker_smokefresh1\42949039\herd-code\herd-service\target\jacoco.exec
[INFO] Analyzed bundle 'herd service' with 1 classes
[INFO] ------------------------------------------------------------------------
[INFO] BUILD SUCCESS
[INFO] ------------------------------------------------------------------------
[INFO] Total time:  01:49 min
[INFO] Finished at: 2026-03-16T00:49:54-04:00
[INFO] ------------------------------------------------------------------------

===== MAVEN BASELINE-TEST END returncode=0 =====
[2026-03-16 00:49:56] Finished smoke baseline-test in 115.07s with returncode=0
[2026-03-16 00:49:56] Detected explicit Surefire failure markers despite successful Maven exit code.
[2026-03-16 00:49:56] Baseline failure log captured at C:\Users\osart\ATR_ProjectV2\output\worker_smokefresh1\42949039\latest_failure_log.txt
[2026-03-16 00:49:56] [RegenerativeSync] Starting primary generation pass for SearchIndexUpdateHelperTest on focal SearchIndexUpdateHelper.
[2026-03-16 00:53:22] Smoke execution started. baseline_module_args=['-pl', 'herd-code/herd-service'] pit_module_args=['-pl', 'herd-code/herd-service'] test_classes=-Dtest=SearchIndexUpdateHelperTest#testModifyTagInSearchIndexSearchIndexUpdateJmsListenerDisabled target_tests=['org.finra.herd.service.helper.SearchIndexUpdateHelperTest'] target_classes=['org.finra.herd.service.helper.SearchIndexUpdateHelper'] ast_test_method=testModifyTagInSearchIndexSearchIndexUpdateJmsListenerDisabled ast_focal_method=modifyTagInSearchIndex excluded_mutation_methods=['getSqsQueueName', 'modifyBusinessObjectDefinitionInSearchIndex', 'modifyBusinessObjectDefinitionsInSearchIndex', 'modifyTagsInSearchIndex', 'processMessage'] timeout=900s
[2026-03-16 00:53:22] Maven baseline command: mvn.cmd -o -B -pl herd-code/herd-service -Dtest=SearchIndexUpdateHelperTest#testModifyTagInSearchIndexSearchIndexUpdateJmsListenerDisabled -Drat.skip=true -DfailIfNoTests=false -Dcheckstyle.skip=true jacoco:prepare-agent test jacoco:report
[2026-03-16 00:53:22] Maven PIT command: mvn.cmd -o -B -pl herd-code/herd-service -DtargetTests=org.finra.herd.service.helper.SearchIndexUpdateHelperTest -DtargetClasses=org.finra.herd.service.helper.SearchIndexUpdateHelper -DincludedTestMethods=testModifyTagInSearchIndexSearchIndexUpdateJmsListenerDisabled -Dpitest.includedMethods=modifyTagInSearchIndex -DexcludedMethods=getSqsQueueName,modifyBusinessObjectDefinitionInSearchIndex,modifyBusinessObjectDefinitionsInSearchIndex,modifyTagsInSearchIndex,processMessage -DfailWhenNoMutations=false -Dthreads=1 -DtimeoutConstant=120000 -DtimeoutFactor=4.0 -DparseSurefireArgLine=false -Dfeatures=-auto_threads -Drat.skip=true -DfailIfNoTests=false -Dcheckstyle.skip=true org.pitest:pitest-maven:mutationCoverage
[2026-03-16 00:53:22] Starting smoke baseline-test command=mvn.cmd -o -B -pl herd-code/herd-service -Dtest=SearchIndexUpdateHelperTest#testModifyTagInSearchIndexSearchIndexUpdateJmsListenerDisabled -Drat.skip=true -DfailIfNoTests=false -Dcheckstyle.skip=true jacoco:prepare-agent test jacoco:report cwd=C:\Users\osart\ATR_ProjectV2\compiledrepos\worker_smokefresh1\42949039

===== MAVEN BASELINE-TEST START =====
[INFO] Scanning for projects...
[INFO] 
[INFO] --------------------< org.finra.herd:herd-service >---------------------
[INFO] Building herd service 0.176.0-SNAPSHOT
[INFO]   from pom.xml
[INFO] --------------------------------[ jar ]---------------------------------
[INFO] 
[INFO] --- jacoco:0.8.7:prepare-agent (default-cli) @ herd-service ---
[INFO] surefireArgLine set to -javaagent:C:\\Users\\osart\\.m2\\repository\\org\\jacoco\\org.jacoco.agent\\0.8.7\\org.jacoco.agent-0.8.7-runtime.jar=destfile=C:\\Users\\osart\\ATR_ProjectV2\\compiledrepos\\worker_smokefresh1\\42949039\\herd-code\\herd-service\\target\\jacoco.exec,includes=org/finra/herd/service/helper/SearchIndexUpdateHelper*,output=file
[INFO] 
[INFO] --- jacoco:0.8.7:prepare-agent (jacoco-initialize) @ herd-service ---
[INFO] surefireArgLine set to -javaagent:C:\\Users\\osart\\.m2\\repository\\org\\jacoco\\org.jacoco.agent\\0.8.7\\org.jacoco.agent-0.8.7-runtime.jar=destfile=C:\\Users\\osart\\ATR_ProjectV2\\compiledrepos\\worker_smokefresh1\\42949039\\herd-code\\herd-service\\target\\jacoco.exec,includes=org/finra/herd/service/helper/SearchIndexUpdateHelper*,output=file
[INFO] 
[INFO] --- build-helper:3.0.0:add-source (default) @ herd-service ---
[INFO] Source directory: C:\Users\osart\ATR_ProjectV2\compiledrepos\worker_smokefresh1\42949039\herd-code\herd-service\target\generated-sources added.
[INFO] 
[INFO] --- resources:3.0.2:resources (default-resources) @ herd-service ---
[INFO] Using 'UTF-8' encoding to copy filtered resources.
[INFO] skip non existing resourceDirectory C:\Users\osart\ATR_ProjectV2\compiledrepos\worker_smokefresh1\42949039\herd-code\herd-service\src\main\resources
[INFO] 
[INFO] --- flatten:1.1.0:flatten (flatten) @ herd-service ---
[INFO] Generating flattened POM of project org.finra.herd:herd-service:jar:0.176.0-SNAPSHOT...
[INFO] 
[INFO] --- compiler:3.7.0:compile (default-compile) @ herd-service ---
[INFO] Nothing to compile - all classes are up to date
[INFO] 
[INFO] --- resources:3.0.2:testResources (default-testResources) @ herd-service ---
[INFO] Using 'UTF-8' encoding to copy filtered resources.
[INFO] Copying 17 resources
[INFO] 
[INFO] --- compiler:3.7.0:testCompile (default-testCompile) @ herd-service ---
[INFO] Changes detected - recompiling the module!
[INFO] Compiling 285 source files to C:\Users\osart\ATR_ProjectV2\compiledrepos\worker_smokefresh1\42949039\herd-code\herd-service\target\test-classes
[INFO] /C:/Users/osart/ATR_ProjectV2/compiledrepos/worker_smokefresh1/42949039/herd-code/herd-service/src/test/java/org/finra/herd/service/BusinessObjectDataServiceTestHelper.java: Some input files use unchecked or unsafe operations.
[INFO] /C:/Users/osart/ATR_ProjectV2/compiledrepos/worker_smokefresh1/42949039/herd-code/herd-service/src/test/java/org/finra/herd/service/BusinessObjectDataServiceTestHelper.java: Recompile with -Xlint:unchecked for details.
[INFO] 
[INFO] --- surefire:2.22.2:test (default-test) @ herd-service ---
[INFO] 
[INFO] -------------------------------------------------------
[INFO]  T E S T S
[INFO] -------------------------------------------------------
[INFO] Running org.finra.herd.service.helper.SearchIndexUpdateHelperTest
Using Log4J configuration location "classpath:herd-log4j-test.xml".
[INFO] Tests run: 1, Failures: 0, Errors: 0, Skipped: 0, Time elapsed: 48.002 s - in org.finra.herd.service.helper.SearchIndexUpdateHelperTest
[INFO] 
[INFO] Results:
[INFO] 
[INFO] Tests run: 1, Failures: 0, Errors: 0, Skipped: 0
[INFO] 
[INFO] 
[INFO] --- jacoco:0.8.7:report (jacoco-site) @ herd-service ---
[INFO] Loading execution data file C:\Users\osart\ATR_ProjectV2\compiledrepos\worker_smokefresh1\42949039\herd-code\herd-service\target\jacoco.exec
[INFO] Analyzed bundle 'herd service' with 1 classes
[INFO] 
[INFO] --- jacoco:0.8.7:report (default-cli) @ herd-service ---
[INFO] Loading execution data file C:\Users\osart\ATR_ProjectV2\compiledrepos\worker_smokefresh1\42949039\herd-code\herd-service\target\jacoco.exec
[INFO] Analyzed bundle 'herd service' with 1 classes
[INFO] ------------------------------------------------------------------------
[INFO] BUILD SUCCESS
[INFO] ------------------------------------------------------------------------
[INFO] Total time:  01:49 min
[INFO] Finished at: 2026-03-16T00:55:15-04:00
[INFO] ------------------------------------------------------------------------

===== MAVEN BASELINE-TEST END returncode=0 =====
[2026-03-16 00:55:15] Finished smoke baseline-test in 113.10s with returncode=0
[2026-03-16 00:55:15] [RegenerativeSync] Baseline passed on first pass for SearchIndexUpdateHelperTest; running targeted PIT.
[2026-03-16 00:55:16] Smoke execution started. baseline_module_args=['-pl', 'herd-code/herd-service'] pit_module_args=['-pl', 'herd-code/herd-service'] test_classes=-Dtest=SearchIndexUpdateHelperTest#testModifyTagInSearchIndexSearchIndexUpdateJmsListenerDisabled target_tests=['org.finra.herd.service.helper.SearchIndexUpdateHelperTest'] target_classes=['org.finra.herd.service.helper.SearchIndexUpdateHelper'] ast_test_method=testModifyTagInSearchIndexSearchIndexUpdateJmsListenerDisabled ast_focal_method=modifyTagInSearchIndex excluded_mutation_methods=['getSqsQueueName', 'modifyBusinessObjectDefinitionInSearchIndex', 'modifyBusinessObjectDefinitionsInSearchIndex', 'modifyTagsInSearchIndex', 'processMessage'] timeout=900s
[2026-03-16 00:55:16] Maven baseline command: mvn.cmd -o -B -pl herd-code/herd-service -Dtest=SearchIndexUpdateHelperTest#testModifyTagInSearchIndexSearchIndexUpdateJmsListenerDisabled -Drat.skip=true -DfailIfNoTests=false -Dcheckstyle.skip=true jacoco:prepare-agent test jacoco:report
[2026-03-16 00:55:16] Maven PIT command: mvn.cmd -o -B -pl herd-code/herd-service -DtargetTests=org.finra.herd.service.helper.SearchIndexUpdateHelperTest -DtargetClasses=org.finra.herd.service.helper.SearchIndexUpdateHelper -DincludedTestMethods=testModifyTagInSearchIndexSearchIndexUpdateJmsListenerDisabled -Dpitest.includedMethods=modifyTagInSearchIndex -DexcludedMethods=getSqsQueueName,modifyBusinessObjectDefinitionInSearchIndex,modifyBusinessObjectDefinitionsInSearchIndex,modifyTagsInSearchIndex,processMessage -DfailWhenNoMutations=false -Dthreads=1 -DtimeoutConstant=120000 -DtimeoutFactor=4.0 -DparseSurefireArgLine=false -Dfeatures=-auto_threads -Drat.skip=true -DfailIfNoTests=false -Dcheckstyle.skip=true org.pitest:pitest-maven:mutationCoverage
[2026-03-16 00:55:16] Starting smoke pit-targeted command=mvn.cmd -o -B -pl herd-code/herd-service -DtargetTests=org.finra.herd.service.helper.SearchIndexUpdateHelperTest -DtargetClasses=org.finra.herd.service.helper.SearchIndexUpdateHelper -DincludedTestMethods=testModifyTagInSearchIndexSearchIndexUpdateJmsListenerDisabled -Dpitest.includedMethods=modifyTagInSearchIndex -DexcludedMethods=getSqsQueueName,modifyBusinessObjectDefinitionInSearchIndex,modifyBusinessObjectDefinitionsInSearchIndex,modifyTagsInSearchIndex,processMessage -DfailWhenNoMutations=false -Dthreads=1 -DtimeoutConstant=120000 -DtimeoutFactor=4.0 -DparseSurefireArgLine=false -Dfeatures=-auto_threads -Drat.skip=true -DfailIfNoTests=false -Dcheckstyle.skip=true org.pitest:pitest-maven:mutationCoverage cwd=C:\Users\osart\ATR_ProjectV2\compiledrepos\worker_smokefresh1\42949039

===== MAVEN PIT-TARGETED START =====
[INFO] Scanning for projects...
[INFO] 
[INFO] --------------------< org.finra.herd:herd-service >---------------------
[INFO] Building herd service 0.176.0-SNAPSHOT
[INFO]   from pom.xml
[INFO] --------------------------------[ jar ]---------------------------------
[INFO] 
[INFO] --- pitest:1.16.0:mutationCoverage (default-cli) @ herd-service ---
[INFO] Root dir is : C:\Users\osart\ATR_ProjectV2\compiledrepos\worker_smokefresh1\42949039
[INFO] Found plugin : Default csv report plugin
[INFO] Found plugin : Default xml report plugin
[INFO] Found plugin : Default html report plugin
[INFO] Found plugin : Static initializer code detector plugin
[INFO] Found plugin : Excluded annotations plugin
[INFO] Found plugin : Try with resources filter
[INFO] Found plugin : Inlined finally block filter plugin
[INFO] Found plugin : Implicit null check filter
[INFO] Found plugin : Method reference null check filter
[INFO] Found plugin : For each loop filter
[INFO] Found plugin : Enum junk filter
[INFO] Found plugin : Record junk mutation filter
[INFO] Found plugin : String switch filter
[INFO] Found plugin : Assertions filter
[INFO] Found plugin : Enum switch filter
[INFO] Found plugin : Logging calls filter
[INFO] Found plugin : Infinite for loop filter
[INFO] Found plugin : Long running iterator loop filter
[INFO] Found plugin : For loop counter filter
[INFO] Found plugin : Kotlin junk mutations filter
[INFO] Found plugin : Groovy junk mutations filter
[INFO] Found plugin : Max mutations per class limit
[INFO] Found plugin : Equals shortcut equivalent mutant filter
[INFO] Found plugin : Trivial return vals equivalence filter
[INFO] Found plugin : Filters mutants with line number <= 1
[INFO] Found plugin : Division by one equivalent mutant filter
[INFO] Found plugin : Lombok junk mutations filter
[INFO] Found plugin : Filter mutations to defensive wrappers such as unmodifiableCollection on return or field write
[INFO] Found plugin : Mutant export plugin
[INFO] Found plugin : Auto add java.awt.headless=true to keep keyboard focus on Mac OS
[INFO] Found plugin : Auto set number of threads based on machine
[INFO] Found plugin : Automatically add -ea to launch args to enable assertions
[INFO] Found plugin : Default build verifier
[INFO] Found plugin : Detect missing JUnit5 plugin
[INFO] Found plugin : Detect missing TestNG plugin
[INFO] Found plugin : Detect missing kotlin plugin
[INFO] Found plugin : Detect missing spring plugin
[INFO] Found plugin : Default coverage exporter
[INFO] Found shared classpath plugin : Default mutation engine
[INFO] Found shared classpath plugin : JUnit plugin
[INFO] Available mutators : EXPERIMENTAL_ARGUMENT_PROPAGATION,FALSE_RETURNS,TRUE_RETURNS,CONDITIONALS_BOUNDARY,CONSTRUCTOR_CALLS,EMPTY_RETURNS,INCREMENTS,INLINE_CONSTS,INVERT_NEGS,MATH,NEGATE_CONDITIONALS,NON_VOID_METHOD_CALLS,NULL_RETURNS,PRIMITIVE_RETURNS,REMOVE_CONDITIONALS_EQUAL_IF,REMOVE_CONDITIONALS_EQUAL_ELSE,REMOVE_CONDITIONALS_ORDER_IF,REMOVE_CONDITIONALS_ORDER_ELSE,VOID_METHOD_CALLS,EXPERIMENTAL_BIG_DECIMAL,EXPERIMENTAL_BIG_INTEGER,EXPERIMENTAL_MEMBER_VARIABLE,EXPERIMENTAL_NAKED_RECEIVER,REMOVE_INCREMENTS,EXPERIMENTAL_SWITCH,EXPERIMENTAL_BIG_DECIMAL,EXPERIMENTAL_BIG_INTEGER
[INFO] Adding org.pitest:pitest to SUT classpath
[INFO] Mutating from C:\Users\osart\ATR_ProjectV2\compiledrepos\worker_smokefresh1\42949039\herd-code\herd-service\target\classes
12:55:47 AM PIT >> INFO : Verbose logging is disabled. If you encounter a problem, please enable it before reporting an issue.
12:55:48 AM PIT >> INFO : Created 1 mutation test units in pre scan
12:55:51 AM PIT >> INFO : Sending 1 test classes to minion
12:55:51 AM PIT >> INFO : Sent tests to minion
/12:56:18 AM PIT >> INFO : Calculated coverage in 30 seconds.
12:56:19 AM PIT >> INFO : Created 1 mutation test units
/12:57:05 AM PIT >> INFO : Completed in 77 seconds
================================================================================
- Mutators
================================================================================
> org.pitest.mutationtest.engine.gregor.mutators.VoidMethodCallMutator
>> Generated 1 Killed 0 (0%)
> KILLED 0 SURVIVED 1 TIMED_OUT 0 NON_VIABLE 0 
> MEMORY_ERROR 0 NOT_STARTED 0 STARTED 0 RUN_ERROR 0 
> NO_COVERAGE 0 
--------------------------------------------------------------------------------
> org.pitest.mutationtest.engine.gregor.mutators.NegateConditionalsMutator
>> Generated 1 Killed 1 (100%)
> KILLED 1 SURVIVED 0 TIMED_OUT 0 NON_VIABLE 0 
> MEMORY_ERROR 0 NOT_STARTED 0 STARTED 0 RUN_ERROR 0 
> NO_COVERAGE 0 
--------------------------------------------------------------------------------
================================================================================
- Timings
================================================================================
> pre-scan for mutations : < 1 second
> scan classpath : < 1 second
> coverage and dependency analysis : 30 seconds
> build mutation tests : < 1 second
> run mutation analysis : 45 seconds
--------------------------------------------------------------------------------
> Total  : 1 minutes and 17 seconds
--------------------------------------------------------------------------------
================================================================================
- Statistics
================================================================================
>> Line Coverage (for mutated classes only): 12/42 (29%)
>> Generated 2 mutations Killed 1 (50%)
>> Mutations with no coverage 0. Test strength 50%
>> Ran 2 tests (1 tests per mutation)
Enhanced functionality available at https://www.arcmutate.com/

Build messages:- 
* Project uses Spring, but the Arcmutate Spring plugin is not present. (https://docs.arcmutate.com/docs/spring.html)
[INFO] ------------------------------------------------------------------------
[INFO] BUILD SUCCESS
[INFO] ------------------------------------------------------------------------
[INFO] Total time:  01:43 min
[INFO] Finished at: 2026-03-16T00:57:05-04:00
[INFO] ------------------------------------------------------------------------

===== MAVEN PIT-TARGETED END returncode=0 =====
[2026-03-16 00:57:06] Finished smoke pit-targeted in 110.12s with returncode=0
