[2026-03-15 23:24:59] Smoke execution started. baseline_module_args=['-pl', 'herd-code/herd-service'] pit_module_args=['-pl', 'herd-code/herd-service'] test_classes=-Dtest=StorageFileDaoHelperTest#testCreateStorageFileEntitiesFromStorageFiles target_tests=['org.finra.herd.service.helper.StorageFileDaoHelperTest'] target_classes=['org.finra.herd.service.helper.StorageFileDaoHelper'] ast_test_method=testCreateStorageFileEntitiesFromStorageFiles ast_focal_method=createStorageFileEntitiesFromStorageFiles excluded_mutation_methods=['getStorageFileEntity'] timeout=900s
[2026-03-15 23:24:59] Maven baseline command: mvn.cmd -o -B -pl herd-code/herd-service -Dtest=StorageFileDaoHelperTest#testCreateStorageFileEntitiesFromStorageFiles -Drat.skip=true -DfailIfNoTests=false -Dcheckstyle.skip=true jacoco:prepare-agent test jacoco:report
[2026-03-15 23:24:59] Maven PIT command: mvn.cmd -o -B -pl herd-code/herd-service -DtargetTests=org.finra.herd.service.helper.StorageFileDaoHelperTest -DtargetClasses=org.finra.herd.service.helper.StorageFileDaoHelper -DincludedTestMethods=testCreateStorageFileEntitiesFromStorageFiles -Dpitest.includedMethods=createStorageFileEntitiesFromStorageFiles -DexcludedMethods=getStorageFileEntity -DfailWhenNoMutations=false -Dthreads=1 -DtimeoutConstant=120000 -DtimeoutFactor=4.0 -DparseSurefireArgLine=false -Dfeatures=-auto_threads -Drat.skip=true -DfailIfNoTests=false -Dcheckstyle.skip=true org.pitest:pitest-maven:mutationCoverage
[2026-03-15 23:24:59] Starting smoke baseline-test command=mvn.cmd -o -B -pl herd-code/herd-service -Dtest=StorageFileDaoHelperTest#testCreateStorageFileEntitiesFromStorageFiles -Drat.skip=true -DfailIfNoTests=false -Dcheckstyle.skip=true jacoco:prepare-agent test jacoco:report cwd=C:\Users\osart\ATR_ProjectV2\compiledrepos\worker_b\42949039

===== MAVEN BASELINE-TEST START =====
[INFO] Scanning for projects...
[INFO] 
[INFO] --------------------< org.finra.herd:herd-service >---------------------
[INFO] Building herd service 0.176.0-SNAPSHOT
[INFO]   from pom.xml
[INFO] --------------------------------[ jar ]---------------------------------
[INFO] 
[INFO] --- jacoco:0.8.7:prepare-agent (default-cli) @ herd-service ---
[INFO] surefireArgLine set to -javaagent:C:\\Users\\osart\\.m2\\repository\\org\\jacoco\\org.jacoco.agent\\0.8.7\\org.jacoco.agent-0.8.7-runtime.jar=destfile=C:\\Users\\osart\\ATR_ProjectV2\\compiledrepos\\worker_b\\42949039\\herd-code\\herd-service\\target\\jacoco.exec,includes=org/finra/herd/service/helper/StorageFileDaoHelper*,output=file
[INFO] 
[INFO] --- jacoco:0.8.7:prepare-agent (jacoco-initialize) @ herd-service ---
[INFO] surefireArgLine set to -javaagent:C:\\Users\\osart\\.m2\\repository\\org\\jacoco\\org.jacoco.agent\\0.8.7\\org.jacoco.agent-0.8.7-runtime.jar=destfile=C:\\Users\\osart\\ATR_ProjectV2\\compiledrepos\\worker_b\\42949039\\herd-code\\herd-service\\target\\jacoco.exec,includes=org/finra/herd/service/helper/StorageFileDaoHelper*,output=file
[INFO] 
[INFO] --- build-helper:3.0.0:add-source (default) @ herd-service ---
[INFO] Source directory: C:\Users\osart\ATR_ProjectV2\compiledrepos\worker_b\42949039\herd-code\herd-service\target\generated-sources added.
[INFO] 
[INFO] --- resources:3.0.2:resources (default-resources) @ herd-service ---
[INFO] Using 'UTF-8' encoding to copy filtered resources.
[INFO] skip non existing resourceDirectory C:\Users\osart\ATR_ProjectV2\compiledrepos\worker_b\42949039\herd-code\herd-service\src\main\resources
[INFO] 
[INFO] --- flatten:1.1.0:flatten (flatten) @ herd-service ---
[INFO] Generating flattened POM of project org.finra.herd:herd-service:jar:0.176.0-SNAPSHOT...
[INFO] ------------------------------------------------------------------------
[INFO] BUILD FAILURE
[INFO] ------------------------------------------------------------------------
[INFO] Total time:  26.457 s
[INFO] Finished at: 2026-03-15T23:25:40-04:00
[INFO] ------------------------------------------------------------------------
[ERROR] Failed to execute goal org.codehaus.mojo:flatten-maven-plugin:1.1.0:flatten (flatten) on project herd-service: 1 problem was encountered while building the effective model
[ERROR] [FATAL] Non-readable POM C:\Users\osart\ATR_ProjectV2\compiledrepos\worker_b\42949039\herd-code\herd-service\pom.xml: C:\Users\osart\ATR_ProjectV2\compiledrepos\worker_b\42949039\herd-code\herd-service\pom.xml (The system cannot find the path specified) @
[ERROR] -> [Help 1]
[ERROR] 
[ERROR] To see the full stack trace of the errors, re-run Maven with the -e switch.
[ERROR] Re-run Maven using the -X switch to enable full debug logging.
[ERROR] 
[ERROR] For more information about the errors and possible solutions, please read the following articles:
[ERROR] [Help 1] http://cwiki.apache.org/confluence/display/MAVEN/MojoExecutionException
