[2026-03-16 01:08:57] Smoke execution started. baseline_module_args=['-pl', 'herd-code/herd-service'] pit_module_args=['-pl', 'herd-code/herd-service'] test_classes=-Dtest=SecurityFunctionDaoHelperTest#testGetSecurityFunctionEntity target_tests=['org.finra.herd.service.helper.SecurityFunctionDaoHelperTest'] target_classes=['org.finra.herd.service.helper.SecurityFunctionDaoHelper'] ast_test_method=testGetSecurityFunctionEntity ast_focal_method=getSecurityFunctionEntity excluded_mutation_methods=[] timeout=900s
[2026-03-16 01:08:57] Maven baseline command: mvn.cmd -o -B -pl herd-code/herd-service -Dtest=SecurityFunctionDaoHelperTest#testGetSecurityFunctionEntity -Drat.skip=true -DfailIfNoTests=false -Dcheckstyle.skip=true jacoco:prepare-agent test jacoco:report
[2026-03-16 01:08:57] Maven PIT command: mvn.cmd -o -B -pl herd-code/herd-service -DtargetTests=org.finra.herd.service.helper.SecurityFunctionDaoHelperTest -DtargetClasses=org.finra.herd.service.helper.SecurityFunctionDaoHelper -DincludedTestMethods=testGetSecurityFunctionEntity -Dpitest.includedMethods=getSecurityFunctionEntity -DfailWhenNoMutations=false -Dthreads=1 -DtimeoutConstant=120000 -DtimeoutFactor=4.0 -DparseSurefireArgLine=false -Dfeatures=-auto_threads -Drat.skip=true -DfailIfNoTests=false -Dcheckstyle.skip=true org.pitest:pitest-maven:mutationCoverage
[2026-03-16 01:08:57] Starting smoke baseline-test command=mvn.cmd -o -B -pl herd-code/herd-service -Dtest=SecurityFunctionDaoHelperTest#testGetSecurityFunctionEntity -Drat.skip=true -DfailIfNoTests=false -Dcheckstyle.skip=true jacoco:prepare-agent test jacoco:report cwd=C:\Users\osart\ATR_ProjectV2\compiledrepos\worker_dualB\42949039

===== MAVEN BASELINE-TEST START =====
[INFO] Scanning for projects...
[INFO] 
[INFO] --------------------< org.finra.herd:herd-service >---------------------
[INFO] Building herd service 0.176.0-SNAPSHOT
[INFO]   from pom.xml
[INFO] --------------------------------[ jar ]---------------------------------
[INFO] 
[INFO] --- jacoco:0.8.7:prepare-agent (default-cli) @ herd-service ---
[INFO] surefireArgLine set to -javaagent:C:\\Users\\osart\\.m2\\repository\\org\\jacoco\\org.jacoco.agent\\0.8.7\\org.jacoco.agent-0.8.7-runtime.jar=destfile=C:\\Users\\osart\\ATR_ProjectV2\\compiledrepos\\worker_dualB\\42949039\\herd-code\\herd-service\\target\\jacoco.exec,includes=org/finra/herd/service/helper/SecurityFunctionDaoHelper*,output=file
[INFO] 
[INFO] --- jacoco:0.8.7:prepare-agent (jacoco-initialize) @ herd-service ---
[INFO] surefireArgLine set to -javaagent:C:\\Users\\osart\\.m2\\repository\\org\\jacoco\\org.jacoco.agent\\0.8.7\\org.jacoco.agent-0.8.7-runtime.jar=destfile=C:\\Users\\osart\\ATR_ProjectV2\\compiledrepos\\worker_dualB\\42949039\\herd-code\\herd-service\\target\\jacoco.exec,includes=org/finra/herd/service/helper/SecurityFunctionDaoHelper*,output=file
[INFO] 
[INFO] --- build-helper:3.0.0:add-source (default) @ herd-service ---
[INFO] Source directory: C:\Users\osart\ATR_ProjectV2\compiledrepos\worker_dualB\42949039\herd-code\herd-service\target\generated-sources added.
[INFO] 
[INFO] --- resources:3.0.2:resources (default-resources) @ herd-service ---
[INFO] Using 'UTF-8' encoding to copy filtered resources.
[INFO] skip non existing resourceDirectory C:\Users\osart\ATR_ProjectV2\compiledrepos\worker_dualB\42949039\herd-code\herd-service\src\main\resources
[INFO] 
[INFO] --- flatten:1.1.0:flatten (flatten) @ herd-service ---
[INFO] Generating flattened POM of project org.finra.herd:herd-service:jar:0.176.0-SNAPSHOT...
[INFO] 
[INFO] --- compiler:3.7.0:compile (default-compile) @ herd-service ---
[INFO] Changes detected - recompiling the module!
[INFO] Compiling 359 source files to C:\Users\osart\ATR_ProjectV2\compiledrepos\worker_dualB\42949039\herd-code\herd-service\target\classes
[INFO] /C:/Users/osart/ATR_ProjectV2/compiledrepos/worker_dualB/42949039/herd-code/herd-service/src/main/java/org/finra/herd/service/helper/BusinessObjectDataDdlPartitionsHelper.java: Some input files use unchecked or unsafe operations.
[INFO] /C:/Users/osart/ATR_ProjectV2/compiledrepos/worker_dualB/42949039/herd-code/herd-service/src/main/java/org/finra/herd/service/helper/BusinessObjectDataDdlPartitionsHelper.java: Recompile with -Xlint:unchecked for details.
[INFO] 
[INFO] --- resources:3.0.2:testResources (default-testResources) @ herd-service ---
[INFO] Using 'UTF-8' encoding to copy filtered resources.
[INFO] Copying 17 resources
[INFO] 
[INFO] --- compiler:3.7.0:testCompile (default-testCompile) @ herd-service ---
[INFO] Changes detected - recompiling the module!
[INFO] Compiling 285 source files to C:\Users\osart\ATR_ProjectV2\compiledrepos\worker_dualB\42949039\herd-code\herd-service\target\test-classes
[INFO] /C:/Users/osart/ATR_ProjectV2/compiledrepos/worker_dualB/42949039/herd-code/herd-service/src/test/java/org/finra/herd/service/BusinessObjectDataServiceTestHelper.java: Some input files use unchecked or unsafe operations.
[INFO] /C:/Users/osart/ATR_ProjectV2/compiledrepos/worker_dualB/42949039/herd-code/herd-service/src/test/java/org/finra/herd/service/BusinessObjectDataServiceTestHelper.java: Recompile with -Xlint:unchecked for details.
[INFO] 
[INFO] --- surefire:2.22.2:test (default-test) @ herd-service ---
[INFO] 
[INFO] -------------------------------------------------------
[INFO]  T E S T S
[INFO] -------------------------------------------------------
[INFO] Running org.finra.herd.service.helper.SecurityFunctionDaoHelperTest
[INFO] Tests run: 1, Failures: 0, Errors: 0, Skipped: 0, Time elapsed: 3.183 s - in org.finra.herd.service.helper.SecurityFunctionDaoHelperTest
[INFO] 
[INFO] Results:
[INFO] 
[INFO] Tests run: 1, Failures: 0, Errors: 0, Skipped: 0
[INFO] 
[INFO] 
[INFO] --- jacoco:0.8.7:report (jacoco-site) @ herd-service ---
[INFO] Loading execution data file C:\Users\osart\ATR_ProjectV2\compiledrepos\worker_dualB\42949039\herd-code\herd-service\target\jacoco.exec
[INFO] Analyzed bundle 'herd service' with 1 classes
[INFO] 
[INFO] --- jacoco:0.8.7:report (default-cli) @ herd-service ---
[INFO] Loading execution data file C:\Users\osart\ATR_ProjectV2\compiledrepos\worker_dualB\42949039\herd-code\herd-service\target\jacoco.exec
[INFO] Analyzed bundle 'herd service' with 1 classes
[INFO] ------------------------------------------------------------------------
[INFO] BUILD SUCCESS
[INFO] ------------------------------------------------------------------------
[INFO] Total time:  47.593 s
[INFO] Finished at: 2026-03-16T01:09:49-04:00
[INFO] ------------------------------------------------------------------------

===== MAVEN BASELINE-TEST END returncode=0 =====
[2026-03-16 01:09:49] Finished smoke baseline-test in 52.45s with returncode=0
[2026-03-16 01:09:49] Smoke execution started. baseline_module_args=['-pl', 'herd-code/herd-service'] pit_module_args=['-pl', 'herd-code/herd-service'] test_classes=-Dtest=SecurityFunctionDaoHelperTest#testGetSecurityFunctionEntity target_tests=['org.finra.herd.service.helper.SecurityFunctionDaoHelperTest'] target_classes=['org.finra.herd.service.helper.SecurityFunctionDaoHelper'] ast_test_method=testGetSecurityFunctionEntity ast_focal_method=getSecurityFunctionEntity excluded_mutation_methods=[] timeout=900s
[2026-03-16 01:09:49] Maven baseline command: mvn.cmd -o -B -pl herd-code/herd-service -Dtest=SecurityFunctionDaoHelperTest#testGetSecurityFunctionEntity -Drat.skip=true -DfailIfNoTests=false -Dcheckstyle.skip=true jacoco:prepare-agent test jacoco:report
[2026-03-16 01:09:49] Maven PIT command: mvn.cmd -o -B -pl herd-code/herd-service -DtargetTests=org.finra.herd.service.helper.SecurityFunctionDaoHelperTest -DtargetClasses=org.finra.herd.service.helper.SecurityFunctionDaoHelper -DincludedTestMethods=testGetSecurityFunctionEntity -Dpitest.includedMethods=getSecurityFunctionEntity -DfailWhenNoMutations=false -Dthreads=1 -DtimeoutConstant=120000 -DtimeoutFactor=4.0 -DparseSurefireArgLine=false -Dfeatures=-auto_threads -Drat.skip=true -DfailIfNoTests=false -Dcheckstyle.skip=true org.pitest:pitest-maven:mutationCoverage
[2026-03-16 01:09:49] Starting smoke pit-targeted command=mvn.cmd -o -B -pl herd-code/herd-service -DtargetTests=org.finra.herd.service.helper.SecurityFunctionDaoHelperTest -DtargetClasses=org.finra.herd.service.helper.SecurityFunctionDaoHelper -DincludedTestMethods=testGetSecurityFunctionEntity -Dpitest.includedMethods=getSecurityFunctionEntity -DfailWhenNoMutations=false -Dthreads=1 -DtimeoutConstant=120000 -DtimeoutFactor=4.0 -DparseSurefireArgLine=false -Dfeatures=-auto_threads -Drat.skip=true -DfailIfNoTests=false -Dcheckstyle.skip=true org.pitest:pitest-maven:mutationCoverage cwd=C:\Users\osart\ATR_ProjectV2\compiledrepos\worker_dualB\42949039

===== MAVEN PIT-TARGETED START =====
[INFO] Scanning for projects...
[INFO] 
[INFO] --------------------< org.finra.herd:herd-service >---------------------
[INFO] Building herd service 0.176.0-SNAPSHOT
[INFO]   from pom.xml
[INFO] --------------------------------[ jar ]---------------------------------
[INFO] 
[INFO] --- pitest:1.16.0:mutationCoverage (default-cli) @ herd-service ---
[INFO] Root dir is : C:\Users\osart\ATR_ProjectV2\compiledrepos\worker_dualB\42949039
[INFO] Found plugin : Default csv report plugin
[INFO] Found plugin : Default xml report plugin
[INFO] Found plugin : Default html report plugin
[INFO] Found plugin : Static initializer code detector plugin
[INFO] Found plugin : Excluded annotations plugin
[INFO] Found plugin : Try with resources filter
[INFO] Found plugin : Inlined finally block filter plugin
[INFO] Found plugin : Implicit null check filter
[INFO] Found plugin : Method reference null check filter
[INFO] Found plugin : For each loop filter
[INFO] Found plugin : Enum junk filter
[INFO] Found plugin : Record junk mutation filter
[INFO] Found plugin : String switch filter
[INFO] Found plugin : Assertions filter
[INFO] Found plugin : Enum switch filter
[INFO] Found plugin : Logging calls filter
[INFO] Found plugin : Infinite for loop filter
[INFO] Found plugin : Long running iterator loop filter
[INFO] Found plugin : For loop counter filter
[INFO] Found plugin : Kotlin junk mutations filter
[INFO] Found plugin : Groovy junk mutations filter
[INFO] Found plugin : Max mutations per class limit
[INFO] Found plugin : Equals shortcut equivalent mutant filter
[INFO] Found plugin : Trivial return vals equivalence filter
[INFO] Found plugin : Filters mutants with line number <= 1
[INFO] Found plugin : Division by one equivalent mutant filter
[INFO] Found plugin : Lombok junk mutations filter
[INFO] Found plugin : Filter mutations to defensive wrappers such as unmodifiableCollection on return or field write
[INFO] Found plugin : Mutant export plugin
[INFO] Found plugin : Auto add java.awt.headless=true to keep keyboard focus on Mac OS
[INFO] Found plugin : Auto set number of threads based on machine
[INFO] Found plugin : Automatically add -ea to launch args to enable assertions
[INFO] Found plugin : Default build verifier
[INFO] Found plugin : Detect missing JUnit5 plugin
[INFO] Found plugin : Detect missing TestNG plugin
[INFO] Found plugin : Detect missing kotlin plugin
[INFO] Found plugin : Detect missing spring plugin
[INFO] Found plugin : Default coverage exporter
[INFO] Found shared classpath plugin : Default mutation engine
[INFO] Found shared classpath plugin : JUnit plugin
[INFO] Available mutators : EXPERIMENTAL_ARGUMENT_PROPAGATION,FALSE_RETURNS,TRUE_RETURNS,CONDITIONALS_BOUNDARY,CONSTRUCTOR_CALLS,EMPTY_RETURNS,INCREMENTS,INLINE_CONSTS,INVERT_NEGS,MATH,NEGATE_CONDITIONALS,NON_VOID_METHOD_CALLS,NULL_RETURNS,PRIMITIVE_RETURNS,REMOVE_CONDITIONALS_EQUAL_IF,REMOVE_CONDITIONALS_EQUAL_ELSE,REMOVE_CONDITIONALS_ORDER_IF,REMOVE_CONDITIONALS_ORDER_ELSE,VOID_METHOD_CALLS,EXPERIMENTAL_BIG_DECIMAL,EXPERIMENTAL_BIG_INTEGER,EXPERIMENTAL_MEMBER_VARIABLE,EXPERIMENTAL_NAKED_RECEIVER,REMOVE_INCREMENTS,EXPERIMENTAL_SWITCH,EXPERIMENTAL_BIG_DECIMAL,EXPERIMENTAL_BIG_INTEGER
[INFO] Adding org.pitest:pitest to SUT classpath
[INFO] Mutating from C:\Users\osart\ATR_ProjectV2\compiledrepos\worker_dualB\42949039\herd-code\herd-service\target\classes
1:10:01 AM PIT >> INFO : Verbose logging is disabled. If you encounter a problem, please enable it before reporting an issue.
1:10:02 AM PIT >> INFO : Created 1 mutation test units in pre scan
1:10:03 AM PIT >> INFO : Sending 1 test classes to minion
1:10:03 AM PIT >> INFO : Sent tests to minion
/1:10:06 AM PIT >> INFO : Calculated coverage in 4 seconds.
1:10:07 AM PIT >> INFO : Created 1 mutation test units
/1:10:12 AM PIT >> INFO : Completed in 10 seconds
================================================================================
- Mutators
================================================================================
> org.pitest.mutationtest.engine.gregor.mutators.returns.NullReturnValsMutator
>> Generated 1 Killed 1 (100%)
> KILLED 1 SURVIVED 0 TIMED_OUT 0 NON_VIABLE 0 
> MEMORY_ERROR 0 NOT_STARTED 0 STARTED 0 RUN_ERROR 0 
> NO_COVERAGE 0 
--------------------------------------------------------------------------------
> org.pitest.mutationtest.engine.gregor.mutators.NegateConditionalsMutator
>> Generated 1 Killed 1 (100%)
> KILLED 1 SURVIVED 0 TIMED_OUT 0 NON_VIABLE 0 
> MEMORY_ERROR 0 NOT_STARTED 0 STARTED 0 RUN_ERROR 0 
> NO_COVERAGE 0 
--------------------------------------------------------------------------------
================================================================================
- Timings
================================================================================
> pre-scan for mutations : < 1 second
> scan classpath : < 1 second
> coverage and dependency analysis : 4 seconds
> build mutation tests : < 1 second
> run mutation analysis : 5 seconds
--------------------------------------------------------------------------------
> Total  : 10 seconds
--------------------------------------------------------------------------------
================================================================================
- Statistics
================================================================================
>> Line Coverage (for mutated classes only): 4/5 (80%)
>> Generated 2 mutations Killed 2 (100%)
>> Mutations with no coverage 0. Test strength 100%
>> Ran 2 tests (1 tests per mutation)
Enhanced functionality available at https://www.arcmutate.com/

Build messages:- 
* Project uses Spring, but the Arcmutate Spring plugin is not present. (https://docs.arcmutate.com/docs/spring.html)
[INFO] ------------------------------------------------------------------------
[INFO] BUILD SUCCESS
[INFO] ------------------------------------------------------------------------
[INFO] Total time:  20.029 s
[INFO] Finished at: 2026-03-16T01:10:12-04:00
[INFO] ------------------------------------------------------------------------

===== MAVEN PIT-TARGETED END returncode=0 =====
[2026-03-16 01:10:13] Finished smoke pit-targeted in 23.22s with returncode=0
[2026-03-16 01:10:14] Smoke execution started. baseline_module_args=['-pl', 'herd-code/herd-service'] pit_module_args=['-pl', 'herd-code/herd-service'] test_classes=-Dtest=SecurityFunctionDaoHelperTest#testGetSecurityFunctionEntity target_tests=['org.finra.herd.service.helper.SecurityFunctionDaoHelperTest'] target_classes=['org.finra.herd.service.helper.SecurityFunctionDaoHelper'] ast_test_method=testGetSecurityFunctionEntity ast_focal_method=getSecurityFunctionEntity excluded_mutation_methods=[] timeout=900s
[2026-03-16 01:10:14] Maven baseline command: mvn.cmd -o -B -pl herd-code/herd-service -Dtest=SecurityFunctionDaoHelperTest#testGetSecurityFunctionEntity -Drat.skip=true -DfailIfNoTests=false -Dcheckstyle.skip=true jacoco:prepare-agent test jacoco:report
[2026-03-16 01:10:14] Maven PIT command: mvn.cmd -o -B -pl herd-code/herd-service -DtargetTests=org.finra.herd.service.helper.SecurityFunctionDaoHelperTest -DtargetClasses=org.finra.herd.service.helper.SecurityFunctionDaoHelper -DincludedTestMethods=testGetSecurityFunctionEntity -Dpitest.includedMethods=getSecurityFunctionEntity -DfailWhenNoMutations=false -Dthreads=1 -DtimeoutConstant=120000 -DtimeoutFactor=4.0 -DparseSurefireArgLine=false -Dfeatures=-auto_threads -Drat.skip=true -DfailIfNoTests=false -Dcheckstyle.skip=true org.pitest:pitest-maven:mutationCoverage
[2026-03-16 01:10:14] Starting smoke baseline-test command=mvn.cmd -o -B -pl herd-code/herd-service -Dtest=SecurityFunctionDaoHelperTest#testGetSecurityFunctionEntity -Drat.skip=true -DfailIfNoTests=false -Dcheckstyle.skip=true jacoco:prepare-agent test jacoco:report cwd=C:\Users\osart\ATR_ProjectV2\compiledrepos\worker_dualB\42949039

===== MAVEN BASELINE-TEST START =====
[INFO] Scanning for projects...
[INFO] 
[INFO] --------------------< org.finra.herd:herd-service >---------------------
[INFO] Building herd service 0.176.0-SNAPSHOT
[INFO]   from pom.xml
[INFO] --------------------------------[ jar ]---------------------------------
[INFO] 
[INFO] --- jacoco:0.8.7:prepare-agent (default-cli) @ herd-service ---
[INFO] surefireArgLine set to -javaagent:C:\\Users\\osart\\.m2\\repository\\org\\jacoco\\org.jacoco.agent\\0.8.7\\org.jacoco.agent-0.8.7-runtime.jar=destfile=C:\\Users\\osart\\ATR_ProjectV2\\compiledrepos\\worker_dualB\\42949039\\herd-code\\herd-service\\target\\jacoco.exec,includes=org/finra/herd/service/helper/SecurityFunctionDaoHelper*,output=file
[INFO] 
[INFO] --- jacoco:0.8.7:prepare-agent (jacoco-initialize) @ herd-service ---
[INFO] surefireArgLine set to -javaagent:C:\\Users\\osart\\.m2\\repository\\org\\jacoco\\org.jacoco.agent\\0.8.7\\org.jacoco.agent-0.8.7-runtime.jar=destfile=C:\\Users\\osart\\ATR_ProjectV2\\compiledrepos\\worker_dualB\\42949039\\herd-code\\herd-service\\target\\jacoco.exec,includes=org/finra/herd/service/helper/SecurityFunctionDaoHelper*,output=file
[INFO] 
[INFO] --- build-helper:3.0.0:add-source (default) @ herd-service ---
[INFO] Source directory: C:\Users\osart\ATR_ProjectV2\compiledrepos\worker_dualB\42949039\herd-code\herd-service\target\generated-sources added.
[INFO] 
[INFO] --- resources:3.0.2:resources (default-resources) @ herd-service ---
[INFO] Using 'UTF-8' encoding to copy filtered resources.
[INFO] skip non existing resourceDirectory C:\Users\osart\ATR_ProjectV2\compiledrepos\worker_dualB\42949039\herd-code\herd-service\src\main\resources
[INFO] 
[INFO] --- flatten:1.1.0:flatten (flatten) @ herd-service ---
[INFO] Generating flattened POM of project org.finra.herd:herd-service:jar:0.176.0-SNAPSHOT...
[INFO] 
[INFO] --- compiler:3.7.0:compile (default-compile) @ herd-service ---
[INFO] Changes detected - recompiling the module!
[INFO] Compiling 359 source files to C:\Users\osart\ATR_ProjectV2\compiledrepos\worker_dualB\42949039\herd-code\herd-service\target\classes
[INFO] /C:/Users/osart/ATR_ProjectV2/compiledrepos/worker_dualB/42949039/herd-code/herd-service/src/main/java/org/finra/herd/service/helper/BusinessObjectDataDdlPartitionsHelper.java: Some input files use unchecked or unsafe operations.
[INFO] /C:/Users/osart/ATR_ProjectV2/compiledrepos/worker_dualB/42949039/herd-code/herd-service/src/main/java/org/finra/herd/service/helper/BusinessObjectDataDdlPartitionsHelper.java: Recompile with -Xlint:unchecked for details.
[INFO] 
[INFO] --- resources:3.0.2:testResources (default-testResources) @ herd-service ---
[INFO] Using 'UTF-8' encoding to copy filtered resources.
[INFO] Copying 17 resources
[INFO] 
[INFO] --- compiler:3.7.0:testCompile (default-testCompile) @ herd-service ---
[INFO] Nothing to compile - all classes are up to date
[INFO] 
[INFO] --- surefire:2.22.2:test (default-test) @ herd-service ---
[INFO] 
[INFO] -------------------------------------------------------
[INFO]  T E S T S
[INFO] -------------------------------------------------------
[INFO] Running org.finra.herd.service.helper.SecurityFunctionDaoHelperTest
[ERROR] Tests run: 1, Failures: 1, Errors: 0, Skipped: 0, Time elapsed: 3.178 s <<< FAILURE! - in org.finra.herd.service.helper.SecurityFunctionDaoHelperTest
[ERROR] testGetSecurityFunctionEntity(org.finra.herd.service.helper.SecurityFunctionDaoHelperTest)  Time elapsed: 3.011 s  <<< FAILURE!
java.lang.AssertionError: AGONE_MUTATION_TRIGGER
	at org.finra.herd.service.helper.SecurityFunctionDaoHelperTest.testGetSecurityFunctionEntity(SecurityFunctionDaoHelperTest.java:48)

[INFO] 
[INFO] Results:
[INFO] 
[ERROR] Failures: 
[ERROR]   SecurityFunctionDaoHelperTest.testGetSecurityFunctionEntity:48 AGONE_MUTATION_TRIGGER
[INFO] 
[ERROR] Tests run: 1, Failures: 1, Errors: 0, Skipped: 0
[INFO] 
[ERROR] There are test failures.

Please refer to C:\Users\osart\ATR_ProjectV2\compiledrepos\worker_dualB\42949039\herd-code\herd-service\target\surefire-reports for the individual test results.
Please refer to dump files (if any exist) [date].dump, [date]-jvmRun[N].dump and [date].dumpstream.
[INFO] 
[INFO] --- jacoco:0.8.7:report (jacoco-site) @ herd-service ---
[INFO] Loading execution data file C:\Users\osart\ATR_ProjectV2\compiledrepos\worker_dualB\42949039\herd-code\herd-service\target\jacoco.exec
[INFO] Analyzed bundle 'herd service' with 1 classes
[INFO] 
[INFO] --- jacoco:0.8.7:report (default-cli) @ herd-service ---
[INFO] Loading execution data file C:\Users\osart\ATR_ProjectV2\compiledrepos\worker_dualB\42949039\herd-code\herd-service\target\jacoco.exec
[INFO] Analyzed bundle 'herd service' with 1 classes
[INFO] ------------------------------------------------------------------------
[INFO] BUILD SUCCESS
[INFO] ------------------------------------------------------------------------
[INFO] Total time:  31.187 s
[INFO] Finished at: 2026-03-16T01:10:48-04:00
[INFO] ------------------------------------------------------------------------

===== MAVEN BASELINE-TEST END returncode=0 =====
[2026-03-16 01:10:48] Finished smoke baseline-test in 34.35s with returncode=0
[2026-03-16 01:10:48] Detected explicit Surefire failure markers despite successful Maven exit code.
[2026-03-16 01:10:48] Baseline failure log captured at C:\Users\osart\ATR_ProjectV2\output\worker_dualB\42949039\latest_failure_log.txt
[2026-03-16 01:10:48] [IterativeHealing] Baseline failed for SecurityFunctionDaoHelperTest; starting retry loop (max_retries=3).
[2026-03-16 01:10:48] [IterativeHealing] Retry 1/3 for SecurityFunctionDaoHelperTest on focal SecurityFunctionDaoHelper.
[2026-03-16 01:11:11] Smoke execution started. baseline_module_args=['-pl', 'herd-code/herd-service'] pit_module_args=['-pl', 'herd-code/herd-service'] test_classes=-Dtest=SecurityFunctionDaoHelperTest#testGetSecurityFunctionEntity target_tests=['org.finra.herd.service.helper.SecurityFunctionDaoHelperTest'] target_classes=['org.finra.herd.service.helper.SecurityFunctionDaoHelper'] ast_test_method=testGetSecurityFunctionEntity ast_focal_method=getSecurityFunctionEntity excluded_mutation_methods=[] timeout=900s
[2026-03-16 01:11:11] Maven baseline command: mvn.cmd -o -B -pl herd-code/herd-service -Dtest=SecurityFunctionDaoHelperTest#testGetSecurityFunctionEntity -Drat.skip=true -DfailIfNoTests=false -Dcheckstyle.skip=true jacoco:prepare-agent test jacoco:report
[2026-03-16 01:11:11] Maven PIT command: mvn.cmd -o -B -pl herd-code/herd-service -DtargetTests=org.finra.herd.service.helper.SecurityFunctionDaoHelperTest -DtargetClasses=org.finra.herd.service.helper.SecurityFunctionDaoHelper -DincludedTestMethods=testGetSecurityFunctionEntity -Dpitest.includedMethods=getSecurityFunctionEntity -DfailWhenNoMutations=false -Dthreads=1 -DtimeoutConstant=120000 -DtimeoutFactor=4.0 -DparseSurefireArgLine=false -Dfeatures=-auto_threads -Drat.skip=true -DfailIfNoTests=false -Dcheckstyle.skip=true org.pitest:pitest-maven:mutationCoverage
[2026-03-16 01:11:11] Starting smoke baseline-test command=mvn.cmd -o -B -pl herd-code/herd-service -Dtest=SecurityFunctionDaoHelperTest#testGetSecurityFunctionEntity -Drat.skip=true -DfailIfNoTests=false -Dcheckstyle.skip=true jacoco:prepare-agent test jacoco:report cwd=C:\Users\osart\ATR_ProjectV2\compiledrepos\worker_dualB\42949039

===== MAVEN BASELINE-TEST START =====
[INFO] Scanning for projects...
[INFO] 
[INFO] --------------------< org.finra.herd:herd-service >---------------------
[INFO] Building herd service 0.176.0-SNAPSHOT
[INFO]   from pom.xml
[INFO] --------------------------------[ jar ]---------------------------------
[INFO] 
[INFO] --- jacoco:0.8.7:prepare-agent (default-cli) @ herd-service ---
[INFO] surefireArgLine set to -javaagent:C:\\Users\\osart\\.m2\\repository\\org\\jacoco\\org.jacoco.agent\\0.8.7\\org.jacoco.agent-0.8.7-runtime.jar=destfile=C:\\Users\\osart\\ATR_ProjectV2\\compiledrepos\\worker_dualB\\42949039\\herd-code\\herd-service\\target\\jacoco.exec,includes=org/finra/herd/service/helper/SecurityFunctionDaoHelper*,output=file
[INFO] 
[INFO] --- jacoco:0.8.7:prepare-agent (jacoco-initialize) @ herd-service ---
[INFO] surefireArgLine set to -javaagent:C:\\Users\\osart\\.m2\\repository\\org\\jacoco\\org.jacoco.agent\\0.8.7\\org.jacoco.agent-0.8.7-runtime.jar=destfile=C:\\Users\\osart\\ATR_ProjectV2\\compiledrepos\\worker_dualB\\42949039\\herd-code\\herd-service\\target\\jacoco.exec,includes=org/finra/herd/service/helper/SecurityFunctionDaoHelper*,output=file
[INFO] 
[INFO] --- build-helper:3.0.0:add-source (default) @ herd-service ---
[INFO] Source directory: C:\Users\osart\ATR_ProjectV2\compiledrepos\worker_dualB\42949039\herd-code\herd-service\target\generated-sources added.
[INFO] 
[INFO] --- resources:3.0.2:resources (default-resources) @ herd-service ---
[INFO] Using 'UTF-8' encoding to copy filtered resources.
[INFO] skip non existing resourceDirectory C:\Users\osart\ATR_ProjectV2\compiledrepos\worker_dualB\42949039\herd-code\herd-service\src\main\resources
[INFO] 
[INFO] --- flatten:1.1.0:flatten (flatten) @ herd-service ---
[INFO] Generating flattened POM of project org.finra.herd:herd-service:jar:0.176.0-SNAPSHOT...
[INFO] 
[INFO] --- compiler:3.7.0:compile (default-compile) @ herd-service ---
[INFO] Nothing to compile - all classes are up to date
[INFO] 
[INFO] --- resources:3.0.2:testResources (default-testResources) @ herd-service ---
[INFO] Using 'UTF-8' encoding to copy filtered resources.
[INFO] Copying 17 resources
[INFO] 
[INFO] --- compiler:3.7.0:testCompile (default-testCompile) @ herd-service ---
[INFO] Changes detected - recompiling the module!
[INFO] Compiling 285 source files to C:\Users\osart\ATR_ProjectV2\compiledrepos\worker_dualB\42949039\herd-code\herd-service\target\test-classes
[INFO] /C:/Users/osart/ATR_ProjectV2/compiledrepos/worker_dualB/42949039/herd-code/herd-service/src/test/java/org/finra/herd/service/BusinessObjectDataServiceTestHelper.java: Some input files use unchecked or unsafe operations.
[INFO] /C:/Users/osart/ATR_ProjectV2/compiledrepos/worker_dualB/42949039/herd-code/herd-service/src/test/java/org/finra/herd/service/BusinessObjectDataServiceTestHelper.java: Recompile with -Xlint:unchecked for details.
[INFO] 
[INFO] --- surefire:2.22.2:test (default-test) @ herd-service ---
[INFO] 
[INFO] -------------------------------------------------------
[INFO]  T E S T S
[INFO] -------------------------------------------------------
[INFO] Running org.finra.herd.service.helper.SecurityFunctionDaoHelperTest
[INFO] Tests run: 1, Failures: 0, Errors: 0, Skipped: 0, Time elapsed: 3.42 s - in org.finra.herd.service.helper.SecurityFunctionDaoHelperTest
[INFO] 
[INFO] Results:
[INFO] 
[INFO] Tests run: 1, Failures: 0, Errors: 0, Skipped: 0
[INFO] 
[INFO] 
[INFO] --- jacoco:0.8.7:report (jacoco-site) @ herd-service ---
[INFO] Loading execution data file C:\Users\osart\ATR_ProjectV2\compiledrepos\worker_dualB\42949039\herd-code\herd-service\target\jacoco.exec
[INFO] Analyzed bundle 'herd service' with 1 classes
[INFO] 
[INFO] --- jacoco:0.8.7:report (default-cli) @ herd-service ---
[INFO] Loading execution data file C:\Users\osart\ATR_ProjectV2\compiledrepos\worker_dualB\42949039\herd-code\herd-service\target\jacoco.exec
[INFO] Analyzed bundle 'herd service' with 1 classes
[INFO] ------------------------------------------------------------------------
[INFO] BUILD SUCCESS
[INFO] ------------------------------------------------------------------------
[INFO] Total time:  34.643 s
[INFO] Finished at: 2026-03-16T01:11:48-04:00
[INFO] ------------------------------------------------------------------------

===== MAVEN BASELINE-TEST END returncode=0 =====
[2026-03-16 01:11:49] Finished smoke baseline-test in 37.31s with returncode=0
[2026-03-16 01:11:49] [IterativeHealing] Baseline passed on retry 1 for SecurityFunctionDaoHelperTest; running targeted PIT.
[2026-03-16 01:11:49] Smoke execution started. baseline_module_args=['-pl', 'herd-code/herd-service'] pit_module_args=['-pl', 'herd-code/herd-service'] test_classes=-Dtest=SecurityFunctionDaoHelperTest#testGetSecurityFunctionEntity target_tests=['org.finra.herd.service.helper.SecurityFunctionDaoHelperTest'] target_classes=['org.finra.herd.service.helper.SecurityFunctionDaoHelper'] ast_test_method=testGetSecurityFunctionEntity ast_focal_method=getSecurityFunctionEntity excluded_mutation_methods=[] timeout=900s
[2026-03-16 01:11:49] Maven baseline command: mvn.cmd -o -B -pl herd-code/herd-service -Dtest=SecurityFunctionDaoHelperTest#testGetSecurityFunctionEntity -Drat.skip=true -DfailIfNoTests=false -Dcheckstyle.skip=true jacoco:prepare-agent test jacoco:report
[2026-03-16 01:11:49] Maven PIT command: mvn.cmd -o -B -pl herd-code/herd-service -DtargetTests=org.finra.herd.service.helper.SecurityFunctionDaoHelperTest -DtargetClasses=org.finra.herd.service.helper.SecurityFunctionDaoHelper -DincludedTestMethods=testGetSecurityFunctionEntity -Dpitest.includedMethods=getSecurityFunctionEntity -DfailWhenNoMutations=false -Dthreads=1 -DtimeoutConstant=120000 -DtimeoutFactor=4.0 -DparseSurefireArgLine=false -Dfeatures=-auto_threads -Drat.skip=true -DfailIfNoTests=false -Dcheckstyle.skip=true org.pitest:pitest-maven:mutationCoverage
[2026-03-16 01:11:49] Starting smoke pit-targeted command=mvn.cmd -o -B -pl herd-code/herd-service -DtargetTests=org.finra.herd.service.helper.SecurityFunctionDaoHelperTest -DtargetClasses=org.finra.herd.service.helper.SecurityFunctionDaoHelper -DincludedTestMethods=testGetSecurityFunctionEntity -Dpitest.includedMethods=getSecurityFunctionEntity -DfailWhenNoMutations=false -Dthreads=1 -DtimeoutConstant=120000 -DtimeoutFactor=4.0 -DparseSurefireArgLine=false -Dfeatures=-auto_threads -Drat.skip=true -DfailIfNoTests=false -Dcheckstyle.skip=true org.pitest:pitest-maven:mutationCoverage cwd=C:\Users\osart\ATR_ProjectV2\compiledrepos\worker_dualB\42949039

===== MAVEN PIT-TARGETED START =====
[INFO] Scanning for projects...
[INFO] 
[INFO] --------------------< org.finra.herd:herd-service >---------------------
[INFO] Building herd service 0.176.0-SNAPSHOT
[INFO]   from pom.xml
[INFO] --------------------------------[ jar ]---------------------------------
[INFO] 
[INFO] --- pitest:1.16.0:mutationCoverage (default-cli) @ herd-service ---
[INFO] Root dir is : C:\Users\osart\ATR_ProjectV2\compiledrepos\worker_dualB\42949039
[INFO] Found plugin : Default csv report plugin
[INFO] Found plugin : Default xml report plugin
[INFO] Found plugin : Default html report plugin
[INFO] Found plugin : Static initializer code detector plugin
[INFO] Found plugin : Excluded annotations plugin
[INFO] Found plugin : Try with resources filter
[INFO] Found plugin : Inlined finally block filter plugin
[INFO] Found plugin : Implicit null check filter
[INFO] Found plugin : Method reference null check filter
[INFO] Found plugin : For each loop filter
[INFO] Found plugin : Enum junk filter
[INFO] Found plugin : Record junk mutation filter
[INFO] Found plugin : String switch filter
[INFO] Found plugin : Assertions filter
[INFO] Found plugin : Enum switch filter
[INFO] Found plugin : Logging calls filter
[INFO] Found plugin : Infinite for loop filter
[INFO] Found plugin : Long running iterator loop filter
[INFO] Found plugin : For loop counter filter
[INFO] Found plugin : Kotlin junk mutations filter
[INFO] Found plugin : Groovy junk mutations filter
[INFO] Found plugin : Max mutations per class limit
[INFO] Found plugin : Equals shortcut equivalent mutant filter
[INFO] Found plugin : Trivial return vals equivalence filter
[INFO] Found plugin : Filters mutants with line number <= 1
[INFO] Found plugin : Division by one equivalent mutant filter
[INFO] Found plugin : Lombok junk mutations filter
[INFO] Found plugin : Filter mutations to defensive wrappers such as unmodifiableCollection on return or field write
[INFO] Found plugin : Mutant export plugin
[INFO] Found plugin : Auto add java.awt.headless=true to keep keyboard focus on Mac OS
[INFO] Found plugin : Auto set number of threads based on machine
[INFO] Found plugin : Automatically add -ea to launch args to enable assertions
[INFO] Found plugin : Default build verifier
[INFO] Found plugin : Detect missing JUnit5 plugin
[INFO] Found plugin : Detect missing TestNG plugin
[INFO] Found plugin : Detect missing kotlin plugin
[INFO] Found plugin : Detect missing spring plugin
[INFO] Found plugin : Default coverage exporter
[INFO] Found shared classpath plugin : Default mutation engine
[INFO] Found shared classpath plugin : JUnit plugin
[INFO] Available mutators : EXPERIMENTAL_ARGUMENT_PROPAGATION,FALSE_RETURNS,TRUE_RETURNS,CONDITIONALS_BOUNDARY,CONSTRUCTOR_CALLS,EMPTY_RETURNS,INCREMENTS,INLINE_CONSTS,INVERT_NEGS,MATH,NEGATE_CONDITIONALS,NON_VOID_METHOD_CALLS,NULL_RETURNS,PRIMITIVE_RETURNS,REMOVE_CONDITIONALS_EQUAL_IF,REMOVE_CONDITIONALS_EQUAL_ELSE,REMOVE_CONDITIONALS_ORDER_IF,REMOVE_CONDITIONALS_ORDER_ELSE,VOID_METHOD_CALLS,EXPERIMENTAL_BIG_DECIMAL,EXPERIMENTAL_BIG_INTEGER,EXPERIMENTAL_MEMBER_VARIABLE,EXPERIMENTAL_NAKED_RECEIVER,REMOVE_INCREMENTS,EXPERIMENTAL_SWITCH,EXPERIMENTAL_BIG_DECIMAL,EXPERIMENTAL_BIG_INTEGER
[INFO] Adding org.pitest:pitest to SUT classpath
[INFO] Mutating from C:\Users\osart\ATR_ProjectV2\compiledrepos\worker_dualB\42949039\herd-code\herd-service\target\classes
1:12:01 AM PIT >> INFO : Verbose logging is disabled. If you encounter a problem, please enable it before reporting an issue.
1:12:02 AM PIT >> INFO : Created 1 mutation test units in pre scan
1:12:03 AM PIT >> INFO : Sending 1 test classes to minion
1:12:03 AM PIT >> INFO : Sent tests to minion
/1:12:07 AM PIT >> INFO : Calculated coverage in 5 seconds.
1:12:07 AM PIT >> INFO : Created 1 mutation test units
/1:12:12 AM PIT >> INFO : Completed in 10 seconds
================================================================================
- Mutators
================================================================================
> org.pitest.mutationtest.engine.gregor.mutators.returns.NullReturnValsMutator
>> Generated 1 Killed 1 (100%)
> KILLED 1 SURVIVED 0 TIMED_OUT 0 NON_VIABLE 0 
> MEMORY_ERROR 0 NOT_STARTED 0 STARTED 0 RUN_ERROR 0 
> NO_COVERAGE 0 
--------------------------------------------------------------------------------
> org.pitest.mutationtest.engine.gregor.mutators.NegateConditionalsMutator
>> Generated 2 Killed 2 (100%)
> KILLED 2 SURVIVED 0 TIMED_OUT 0 NON_VIABLE 0 
> MEMORY_ERROR 0 NOT_STARTED 0 STARTED 0 RUN_ERROR 0 
> NO_COVERAGE 0 
--------------------------------------------------------------------------------
================================================================================
- Timings
================================================================================
> pre-scan for mutations : < 1 second
> scan classpath : < 1 second
> coverage and dependency analysis : 5 seconds
> build mutation tests : < 1 second
> run mutation analysis : 5 seconds
--------------------------------------------------------------------------------
> Total  : 10 seconds
--------------------------------------------------------------------------------
================================================================================
- Statistics
================================================================================
>> Line Coverage (for mutated classes only): 5/6 (83%)
>> Generated 3 mutations Killed 3 (100%)
>> Mutations with no coverage 0. Test strength 100%
>> Ran 3 tests (1 tests per mutation)
Enhanced functionality available at https://www.arcmutate.com/

Build messages:- 
* Project uses Spring, but the Arcmutate Spring plugin is not present. (https://docs.arcmutate.com/docs/spring.html)
[INFO] ------------------------------------------------------------------------
[INFO] BUILD SUCCESS
[INFO] ------------------------------------------------------------------------
[INFO] Total time:  21.072 s
[INFO] Finished at: 2026-03-16T01:12:12-04:00
[INFO] ------------------------------------------------------------------------

===== MAVEN PIT-TARGETED END returncode=0 =====
[2026-03-16 01:12:13] Finished smoke pit-targeted in 24.22s with returncode=0
[2026-03-16 01:12:14] Smoke execution started. baseline_module_args=['-pl', 'herd-code/herd-service'] pit_module_args=['-pl', 'herd-code/herd-service'] test_classes=-Dtest=SecurityFunctionDaoHelperTest#testGetSecurityFunctionEntity target_tests=['org.finra.herd.service.helper.SecurityFunctionDaoHelperTest'] target_classes=['org.finra.herd.service.helper.SecurityFunctionDaoHelper'] ast_test_method=testGetSecurityFunctionEntity ast_focal_method=getSecurityFunctionEntity excluded_mutation_methods=[] timeout=900s
[2026-03-16 01:12:14] Maven baseline command: mvn.cmd -o -B -pl herd-code/herd-service -Dtest=SecurityFunctionDaoHelperTest#testGetSecurityFunctionEntity -Drat.skip=true -DfailIfNoTests=false -Dcheckstyle.skip=true jacoco:prepare-agent test jacoco:report
[2026-03-16 01:12:14] Maven PIT command: mvn.cmd -o -B -pl herd-code/herd-service -DtargetTests=org.finra.herd.service.helper.SecurityFunctionDaoHelperTest -DtargetClasses=org.finra.herd.service.helper.SecurityFunctionDaoHelper -DincludedTestMethods=testGetSecurityFunctionEntity -Dpitest.includedMethods=getSecurityFunctionEntity -DfailWhenNoMutations=false -Dthreads=1 -DtimeoutConstant=120000 -DtimeoutFactor=4.0 -DparseSurefireArgLine=false -Dfeatures=-auto_threads -Drat.skip=true -DfailIfNoTests=false -Dcheckstyle.skip=true org.pitest:pitest-maven:mutationCoverage
[2026-03-16 01:12:14] Starting smoke baseline-test command=mvn.cmd -o -B -pl herd-code/herd-service -Dtest=SecurityFunctionDaoHelperTest#testGetSecurityFunctionEntity -Drat.skip=true -DfailIfNoTests=false -Dcheckstyle.skip=true jacoco:prepare-agent test jacoco:report cwd=C:\Users\osart\ATR_ProjectV2\compiledrepos\worker_dualB\42949039

===== MAVEN BASELINE-TEST START =====
[INFO] Scanning for projects...
[INFO] 
[INFO] --------------------< org.finra.herd:herd-service >---------------------
[INFO] Building herd service 0.176.0-SNAPSHOT
[INFO]   from pom.xml
[INFO] --------------------------------[ jar ]---------------------------------
[INFO] 
[INFO] --- jacoco:0.8.7:prepare-agent (default-cli) @ herd-service ---
[INFO] surefireArgLine set to -javaagent:C:\\Users\\osart\\.m2\\repository\\org\\jacoco\\org.jacoco.agent\\0.8.7\\org.jacoco.agent-0.8.7-runtime.jar=destfile=C:\\Users\\osart\\ATR_ProjectV2\\compiledrepos\\worker_dualB\\42949039\\herd-code\\herd-service\\target\\jacoco.exec,includes=org/finra/herd/service/helper/SecurityFunctionDaoHelper*,output=file
[INFO] 
[INFO] --- jacoco:0.8.7:prepare-agent (jacoco-initialize) @ herd-service ---
[INFO] surefireArgLine set to -javaagent:C:\\Users\\osart\\.m2\\repository\\org\\jacoco\\org.jacoco.agent\\0.8.7\\org.jacoco.agent-0.8.7-runtime.jar=destfile=C:\\Users\\osart\\ATR_ProjectV2\\compiledrepos\\worker_dualB\\42949039\\herd-code\\herd-service\\target\\jacoco.exec,includes=org/finra/herd/service/helper/SecurityFunctionDaoHelper*,output=file
[INFO] 
[INFO] --- build-helper:3.0.0:add-source (default) @ herd-service ---
[INFO] Source directory: C:\Users\osart\ATR_ProjectV2\compiledrepos\worker_dualB\42949039\herd-code\herd-service\target\generated-sources added.
[INFO] 
[INFO] --- resources:3.0.2:resources (default-resources) @ herd-service ---
[INFO] Using 'UTF-8' encoding to copy filtered resources.
[INFO] skip non existing resourceDirectory C:\Users\osart\ATR_ProjectV2\compiledrepos\worker_dualB\42949039\herd-code\herd-service\src\main\resources
[INFO] 
[INFO] --- flatten:1.1.0:flatten (flatten) @ herd-service ---
[INFO] Generating flattened POM of project org.finra.herd:herd-service:jar:0.176.0-SNAPSHOT...
[INFO] 
[INFO] --- compiler:3.7.0:compile (default-compile) @ herd-service ---
[INFO] Nothing to compile - all classes are up to date
[INFO] 
[INFO] --- resources:3.0.2:testResources (default-testResources) @ herd-service ---
[INFO] Using 'UTF-8' encoding to copy filtered resources.
[INFO] Copying 17 resources
[INFO] 
[INFO] --- compiler:3.7.0:testCompile (default-testCompile) @ herd-service ---
[INFO] Changes detected - recompiling the module!
[INFO] Compiling 285 source files to C:\Users\osart\ATR_ProjectV2\compiledrepos\worker_dualB\42949039\herd-code\herd-service\target\test-classes
[INFO] /C:/Users/osart/ATR_ProjectV2/compiledrepos/worker_dualB/42949039/herd-code/herd-service/src/test/java/org/finra/herd/service/BusinessObjectDataServiceTestHelper.java: Some input files use unchecked or unsafe operations.
[INFO] /C:/Users/osart/ATR_ProjectV2/compiledrepos/worker_dualB/42949039/herd-code/herd-service/src/test/java/org/finra/herd/service/BusinessObjectDataServiceTestHelper.java: Recompile with -Xlint:unchecked for details.
[INFO] 
[INFO] --- surefire:2.22.2:test (default-test) @ herd-service ---
[INFO] 
[INFO] -------------------------------------------------------
[INFO]  T E S T S
[INFO] -------------------------------------------------------
[INFO] Running org.finra.herd.service.helper.SecurityFunctionDaoHelperTest
[ERROR] Tests run: 1, Failures: 1, Errors: 0, Skipped: 0, Time elapsed: 3.163 s <<< FAILURE! - in org.finra.herd.service.helper.SecurityFunctionDaoHelperTest
[ERROR] testGetSecurityFunctionEntity(org.finra.herd.service.helper.SecurityFunctionDaoHelperTest)  Time elapsed: 2.997 s  <<< FAILURE!
java.lang.AssertionError: AGONE_MUTATION_TRIGGER
	at org.finra.herd.service.helper.SecurityFunctionDaoHelperTest.testGetSecurityFunctionEntity(SecurityFunctionDaoHelperTest.java:48)

[INFO] 
[INFO] Results:
[INFO] 
[ERROR] Failures: 
[ERROR]   SecurityFunctionDaoHelperTest.testGetSecurityFunctionEntity:48 AGONE_MUTATION_TRIGGER
[INFO] 
[ERROR] Tests run: 1, Failures: 1, Errors: 0, Skipped: 0
[INFO] 
[ERROR] There are test failures.

Please refer to C:\Users\osart\ATR_ProjectV2\compiledrepos\worker_dualB\42949039\herd-code\herd-service\target\surefire-reports for the individual test results.
Please refer to dump files (if any exist) [date].dump, [date]-jvmRun[N].dump and [date].dumpstream.
[INFO] 
[INFO] --- jacoco:0.8.7:report (jacoco-site) @ herd-service ---
[INFO] Loading execution data file C:\Users\osart\ATR_ProjectV2\compiledrepos\worker_dualB\42949039\herd-code\herd-service\target\jacoco.exec
[INFO] Analyzed bundle 'herd service' with 1 classes
[INFO] 
[INFO] --- jacoco:0.8.7:report (default-cli) @ herd-service ---
[INFO] Loading execution data file C:\Users\osart\ATR_ProjectV2\compiledrepos\worker_dualB\42949039\herd-code\herd-service\target\jacoco.exec
[INFO] Analyzed bundle 'herd service' with 1 classes
[INFO] ------------------------------------------------------------------------
[INFO] BUILD SUCCESS
[INFO] ------------------------------------------------------------------------
[INFO] Total time:  33.687 s
[INFO] Finished at: 2026-03-16T01:12:50-04:00
[INFO] ------------------------------------------------------------------------

===== MAVEN BASELINE-TEST END returncode=0 =====
[2026-03-16 01:12:50] Finished smoke baseline-test in 36.28s with returncode=0
[2026-03-16 01:12:50] Detected explicit Surefire failure markers despite successful Maven exit code.
[2026-03-16 01:12:50] Baseline failure log captured at C:\Users\osart\ATR_ProjectV2\output\worker_dualB\42949039\latest_failure_log.txt
[2026-03-16 01:12:50] [RegenerativeSync] Starting primary generation pass for SecurityFunctionDaoHelperTest on focal SecurityFunctionDaoHelper.
[2026-03-16 01:14:21] Smoke execution started. baseline_module_args=['-pl', 'herd-code/herd-service'] pit_module_args=['-pl', 'herd-code/herd-service'] test_classes=-Dtest=SecurityFunctionDaoHelperTest#testGetSecurityFunctionEntity target_tests=['org.finra.herd.service.helper.SecurityFunctionDaoHelperTest'] target_classes=['org.finra.herd.service.helper.SecurityFunctionDaoHelper'] ast_test_method=testGetSecurityFunctionEntity ast_focal_method=getSecurityFunctionEntity excluded_mutation_methods=[] timeout=900s
[2026-03-16 01:14:21] Maven baseline command: mvn.cmd -o -B -pl herd-code/herd-service -Dtest=SecurityFunctionDaoHelperTest#testGetSecurityFunctionEntity -Drat.skip=true -DfailIfNoTests=false -Dcheckstyle.skip=true jacoco:prepare-agent test jacoco:report
[2026-03-16 01:14:21] Maven PIT command: mvn.cmd -o -B -pl herd-code/herd-service -DtargetTests=org.finra.herd.service.helper.SecurityFunctionDaoHelperTest -DtargetClasses=org.finra.herd.service.helper.SecurityFunctionDaoHelper -DincludedTestMethods=testGetSecurityFunctionEntity -Dpitest.includedMethods=getSecurityFunctionEntity -DfailWhenNoMutations=false -Dthreads=1 -DtimeoutConstant=120000 -DtimeoutFactor=4.0 -DparseSurefireArgLine=false -Dfeatures=-auto_threads -Drat.skip=true -DfailIfNoTests=false -Dcheckstyle.skip=true org.pitest:pitest-maven:mutationCoverage
[2026-03-16 01:14:21] Starting smoke baseline-test command=mvn.cmd -o -B -pl herd-code/herd-service -Dtest=SecurityFunctionDaoHelperTest#testGetSecurityFunctionEntity -Drat.skip=true -DfailIfNoTests=false -Dcheckstyle.skip=true jacoco:prepare-agent test jacoco:report cwd=C:\Users\osart\ATR_ProjectV2\compiledrepos\worker_dualB\42949039

===== MAVEN BASELINE-TEST START =====
[INFO] Scanning for projects...
[INFO] 
[INFO] --------------------< org.finra.herd:herd-service >---------------------
[INFO] Building herd service 0.176.0-SNAPSHOT
[INFO]   from pom.xml
[INFO] --------------------------------[ jar ]---------------------------------
[INFO] 
[INFO] --- jacoco:0.8.7:prepare-agent (default-cli) @ herd-service ---
[INFO] surefireArgLine set to -javaagent:C:\\Users\\osart\\.m2\\repository\\org\\jacoco\\org.jacoco.agent\\0.8.7\\org.jacoco.agent-0.8.7-runtime.jar=destfile=C:\\Users\\osart\\ATR_ProjectV2\\compiledrepos\\worker_dualB\\42949039\\herd-code\\herd-service\\target\\jacoco.exec,includes=org/finra/herd/service/helper/SecurityFunctionDaoHelper*,output=file
[INFO] 
[INFO] --- jacoco:0.8.7:prepare-agent (jacoco-initialize) @ herd-service ---
[INFO] surefireArgLine set to -javaagent:C:\\Users\\osart\\.m2\\repository\\org\\jacoco\\org.jacoco.agent\\0.8.7\\org.jacoco.agent-0.8.7-runtime.jar=destfile=C:\\Users\\osart\\ATR_ProjectV2\\compiledrepos\\worker_dualB\\42949039\\herd-code\\herd-service\\target\\jacoco.exec,includes=org/finra/herd/service/helper/SecurityFunctionDaoHelper*,output=file
[INFO] 
[INFO] --- build-helper:3.0.0:add-source (default) @ herd-service ---
[INFO] Source directory: C:\Users\osart\ATR_ProjectV2\compiledrepos\worker_dualB\42949039\herd-code\herd-service\target\generated-sources added.
[INFO] 
[INFO] --- resources:3.0.2:resources (default-resources) @ herd-service ---
[INFO] Using 'UTF-8' encoding to copy filtered resources.
[INFO] skip non existing resourceDirectory C:\Users\osart\ATR_ProjectV2\compiledrepos\worker_dualB\42949039\herd-code\herd-service\src\main\resources
[INFO] 
[INFO] --- flatten:1.1.0:flatten (flatten) @ herd-service ---
[INFO] Generating flattened POM of project org.finra.herd:herd-service:jar:0.176.0-SNAPSHOT...
[INFO] 
[INFO] --- compiler:3.7.0:compile (default-compile) @ herd-service ---
[INFO] Nothing to compile - all classes are up to date
[INFO] 
[INFO] --- resources:3.0.2:testResources (default-testResources) @ herd-service ---
[INFO] Using 'UTF-8' encoding to copy filtered resources.
[INFO] Copying 17 resources
[INFO] 
[INFO] --- compiler:3.7.0:testCompile (default-testCompile) @ herd-service ---
[INFO] Changes detected - recompiling the module!
[INFO] Compiling 285 source files to C:\Users\osart\ATR_ProjectV2\compiledrepos\worker_dualB\42949039\herd-code\herd-service\target\test-classes
[INFO] /C:/Users/osart/ATR_ProjectV2/compiledrepos/worker_dualB/42949039/herd-code/herd-service/src/test/java/org/finra/herd/service/BusinessObjectDataServiceTestHelper.java: Some input files use unchecked or unsafe operations.
[INFO] /C:/Users/osart/ATR_ProjectV2/compiledrepos/worker_dualB/42949039/herd-code/herd-service/src/test/java/org/finra/herd/service/BusinessObjectDataServiceTestHelper.java: Recompile with -Xlint:unchecked for details.
[INFO] 
[INFO] --- surefire:2.22.2:test (default-test) @ herd-service ---
[INFO] 
[INFO] -------------------------------------------------------
[INFO]  T E S T S
[INFO] -------------------------------------------------------
[INFO] Running org.finra.herd.service.helper.SecurityFunctionDaoHelperTest
[INFO] Tests run: 1, Failures: 0, Errors: 0, Skipped: 0, Time elapsed: 3.122 s - in org.finra.herd.service.helper.SecurityFunctionDaoHelperTest
[INFO] 
[INFO] Results:
[INFO] 
[INFO] Tests run: 1, Failures: 0, Errors: 0, Skipped: 0
[INFO] 
[INFO] 
[INFO] --- jacoco:0.8.7:report (jacoco-site) @ herd-service ---
[INFO] Loading execution data file C:\Users\osart\ATR_ProjectV2\compiledrepos\worker_dualB\42949039\herd-code\herd-service\target\jacoco.exec
[INFO] Analyzed bundle 'herd service' with 1 classes
[INFO] 
[INFO] --- jacoco:0.8.7:report (default-cli) @ herd-service ---
[INFO] Loading execution data file C:\Users\osart\ATR_ProjectV2\compiledrepos\worker_dualB\42949039\herd-code\herd-service\target\jacoco.exec
[INFO] Analyzed bundle 'herd service' with 1 classes
[INFO] ------------------------------------------------------------------------
[INFO] BUILD SUCCESS
[INFO] ------------------------------------------------------------------------
[INFO] Total time:  31.834 s
[INFO] Finished at: 2026-03-16T01:14:55-04:00
[INFO] ------------------------------------------------------------------------

===== MAVEN BASELINE-TEST END returncode=0 =====
[2026-03-16 01:14:56] Finished smoke baseline-test in 35.24s with returncode=0
[2026-03-16 01:14:56] [RegenerativeSync] Baseline passed on first pass for SecurityFunctionDaoHelperTest; running targeted PIT.
[2026-03-16 01:14:56] Smoke execution started. baseline_module_args=['-pl', 'herd-code/herd-service'] pit_module_args=['-pl', 'herd-code/herd-service'] test_classes=-Dtest=SecurityFunctionDaoHelperTest#testGetSecurityFunctionEntity target_tests=['org.finra.herd.service.helper.SecurityFunctionDaoHelperTest'] target_classes=['org.finra.herd.service.helper.SecurityFunctionDaoHelper'] ast_test_method=testGetSecurityFunctionEntity ast_focal_method=getSecurityFunctionEntity excluded_mutation_methods=[] timeout=900s
[2026-03-16 01:14:56] Maven baseline command: mvn.cmd -o -B -pl herd-code/herd-service -Dtest=SecurityFunctionDaoHelperTest#testGetSecurityFunctionEntity -Drat.skip=true -DfailIfNoTests=false -Dcheckstyle.skip=true jacoco:prepare-agent test jacoco:report
[2026-03-16 01:14:56] Maven PIT command: mvn.cmd -o -B -pl herd-code/herd-service -DtargetTests=org.finra.herd.service.helper.SecurityFunctionDaoHelperTest -DtargetClasses=org.finra.herd.service.helper.SecurityFunctionDaoHelper -DincludedTestMethods=testGetSecurityFunctionEntity -Dpitest.includedMethods=getSecurityFunctionEntity -DfailWhenNoMutations=false -Dthreads=1 -DtimeoutConstant=120000 -DtimeoutFactor=4.0 -DparseSurefireArgLine=false -Dfeatures=-auto_threads -Drat.skip=true -DfailIfNoTests=false -Dcheckstyle.skip=true org.pitest:pitest-maven:mutationCoverage
[2026-03-16 01:14:56] Starting smoke pit-targeted command=mvn.cmd -o -B -pl herd-code/herd-service -DtargetTests=org.finra.herd.service.helper.SecurityFunctionDaoHelperTest -DtargetClasses=org.finra.herd.service.helper.SecurityFunctionDaoHelper -DincludedTestMethods=testGetSecurityFunctionEntity -Dpitest.includedMethods=getSecurityFunctionEntity -DfailWhenNoMutations=false -Dthreads=1 -DtimeoutConstant=120000 -DtimeoutFactor=4.0 -DparseSurefireArgLine=false -Dfeatures=-auto_threads -Drat.skip=true -DfailIfNoTests=false -Dcheckstyle.skip=true org.pitest:pitest-maven:mutationCoverage cwd=C:\Users\osart\ATR_ProjectV2\compiledrepos\worker_dualB\42949039

===== MAVEN PIT-TARGETED START =====
[INFO] Scanning for projects...
[INFO] 
[INFO] --------------------< org.finra.herd:herd-service >---------------------
[INFO] Building herd service 0.176.0-SNAPSHOT
[INFO]   from pom.xml
[INFO] --------------------------------[ jar ]---------------------------------
[INFO] 
[INFO] --- pitest:1.16.0:mutationCoverage (default-cli) @ herd-service ---
[INFO] Root dir is : C:\Users\osart\ATR_ProjectV2\compiledrepos\worker_dualB\42949039
[INFO] Found plugin : Default csv report plugin
[INFO] Found plugin : Default xml report plugin
[INFO] Found plugin : Default html report plugin
[INFO] Found plugin : Static initializer code detector plugin
[INFO] Found plugin : Excluded annotations plugin
[INFO] Found plugin : Try with resources filter
[INFO] Found plugin : Inlined finally block filter plugin
[INFO] Found plugin : Implicit null check filter
[INFO] Found plugin : Method reference null check filter
[INFO] Found plugin : For each loop filter
[INFO] Found plugin : Enum junk filter
[INFO] Found plugin : Record junk mutation filter
[INFO] Found plugin : String switch filter
[INFO] Found plugin : Assertions filter
[INFO] Found plugin : Enum switch filter
[INFO] Found plugin : Logging calls filter
[INFO] Found plugin : Infinite for loop filter
[INFO] Found plugin : Long running iterator loop filter
[INFO] Found plugin : For loop counter filter
[INFO] Found plugin : Kotlin junk mutations filter
[INFO] Found plugin : Groovy junk mutations filter
[INFO] Found plugin : Max mutations per class limit
[INFO] Found plugin : Equals shortcut equivalent mutant filter
[INFO] Found plugin : Trivial return vals equivalence filter
[INFO] Found plugin : Filters mutants with line number <= 1
[INFO] Found plugin : Division by one equivalent mutant filter
[INFO] Found plugin : Lombok junk mutations filter
[INFO] Found plugin : Filter mutations to defensive wrappers such as unmodifiableCollection on return or field write
[INFO] Found plugin : Mutant export plugin
[INFO] Found plugin : Auto add java.awt.headless=true to keep keyboard focus on Mac OS
[INFO] Found plugin : Auto set number of threads based on machine
[INFO] Found plugin : Automatically add -ea to launch args to enable assertions
[INFO] Found plugin : Default build verifier
[INFO] Found plugin : Detect missing JUnit5 plugin
[INFO] Found plugin : Detect missing TestNG plugin
[INFO] Found plugin : Detect missing kotlin plugin
[INFO] Found plugin : Detect missing spring plugin
[INFO] Found plugin : Default coverage exporter
[INFO] Found shared classpath plugin : Default mutation engine
[INFO] Found shared classpath plugin : JUnit plugin
[INFO] Available mutators : EXPERIMENTAL_ARGUMENT_PROPAGATION,FALSE_RETURNS,TRUE_RETURNS,CONDITIONALS_BOUNDARY,CONSTRUCTOR_CALLS,EMPTY_RETURNS,INCREMENTS,INLINE_CONSTS,INVERT_NEGS,MATH,NEGATE_CONDITIONALS,NON_VOID_METHOD_CALLS,NULL_RETURNS,PRIMITIVE_RETURNS,REMOVE_CONDITIONALS_EQUAL_IF,REMOVE_CONDITIONALS_EQUAL_ELSE,REMOVE_CONDITIONALS_ORDER_IF,REMOVE_CONDITIONALS_ORDER_ELSE,VOID_METHOD_CALLS,EXPERIMENTAL_BIG_DECIMAL,EXPERIMENTAL_BIG_INTEGER,EXPERIMENTAL_MEMBER_VARIABLE,EXPERIMENTAL_NAKED_RECEIVER,REMOVE_INCREMENTS,EXPERIMENTAL_SWITCH,EXPERIMENTAL_BIG_DECIMAL,EXPERIMENTAL_BIG_INTEGER
[INFO] Adding org.pitest:pitest to SUT classpath
[INFO] Mutating from C:\Users\osart\ATR_ProjectV2\compiledrepos\worker_dualB\42949039\herd-code\herd-service\target\classes
1:15:08 AM PIT >> INFO : Verbose logging is disabled. If you encounter a problem, please enable it before reporting an issue.
1:15:09 AM PIT >> INFO : Created 1 mutation test units in pre scan
1:15:10 AM PIT >> INFO : Sending 1 test classes to minion
1:15:10 AM PIT >> INFO : Sent tests to minion
/1:15:13 AM PIT >> INFO : Calculated coverage in 4 seconds.
1:15:13 AM PIT >> INFO : Created 1 mutation test units
/1:15:18 AM PIT >> INFO : Completed in 10 seconds
================================================================================
- Mutators
================================================================================
> org.pitest.mutationtest.engine.gregor.mutators.returns.NullReturnValsMutator
>> Generated 1 Killed 1 (100%)
> KILLED 1 SURVIVED 0 TIMED_OUT 0 NON_VIABLE 0 
> MEMORY_ERROR 0 NOT_STARTED 0 STARTED 0 RUN_ERROR 0 
> NO_COVERAGE 0 
--------------------------------------------------------------------------------
> org.pitest.mutationtest.engine.gregor.mutators.NegateConditionalsMutator
>> Generated 2 Killed 2 (100%)
> KILLED 2 SURVIVED 0 TIMED_OUT 0 NON_VIABLE 0 
> MEMORY_ERROR 0 NOT_STARTED 0 STARTED 0 RUN_ERROR 0 
> NO_COVERAGE 0 
--------------------------------------------------------------------------------
================================================================================
- Timings
================================================================================
> pre-scan for mutations : < 1 second
> scan classpath : < 1 second
> coverage and dependency analysis : 4 seconds
> build mutation tests : < 1 second
> run mutation analysis : 4 seconds
--------------------------------------------------------------------------------
> Total  : 10 seconds
--------------------------------------------------------------------------------
================================================================================
- Statistics
================================================================================
>> Line Coverage (for mutated classes only): 5/6 (83%)
>> Generated 3 mutations Killed 3 (100%)
>> Mutations with no coverage 0. Test strength 100%
>> Ran 3 tests (1 tests per mutation)
Enhanced functionality available at https://www.arcmutate.com/

Build messages:- 
* Project uses Spring, but the Arcmutate Spring plugin is not present. (https://docs.arcmutate.com/docs/spring.html)
[INFO] ------------------------------------------------------------------------
[INFO] BUILD SUCCESS
[INFO] ------------------------------------------------------------------------
[INFO] Total time:  19.577 s
[INFO] Finished at: 2026-03-16T01:15:18-04:00
[INFO] ------------------------------------------------------------------------

===== MAVEN PIT-TARGETED END returncode=0 =====
[2026-03-16 01:15:19] Finished smoke pit-targeted in 22.20s with returncode=0
