[2026-03-15 23:59:32] Smoke execution started. baseline_module_args=['-pl', 'herd-code/herd-service'] pit_module_args=['-pl', 'herd-code/herd-service'] test_classes=-Dtest=SearchIndexUpdateHelperTest#testModifyTagInSearchIndexSearchIndexUpdateJmsListenerDisabled target_tests=['org.finra.herd.service.helper.SearchIndexUpdateHelperTest'] target_classes=['org.finra.herd.service.helper.SearchIndexUpdateHelper'] ast_test_method=testModifyTagInSearchIndexSearchIndexUpdateJmsListenerDisabled ast_focal_method=modifyTagInSearchIndex excluded_mutation_methods=['getSqsQueueName', 'modifyBusinessObjectDefinitionInSearchIndex', 'modifyBusinessObjectDefinitionsInSearchIndex', 'modifyTagsInSearchIndex', 'processMessage'] timeout=900s
[2026-03-15 23:59:32] Maven baseline command: mvn.cmd -o -B -pl herd-code/herd-service -Dtest=SearchIndexUpdateHelperTest#testModifyTagInSearchIndexSearchIndexUpdateJmsListenerDisabled -Drat.skip=true -DfailIfNoTests=false -Dcheckstyle.skip=true jacoco:prepare-agent test jacoco:report
[2026-03-15 23:59:32] Maven PIT command: mvn.cmd -o -B -pl herd-code/herd-service -DtargetTests=org.finra.herd.service.helper.SearchIndexUpdateHelperTest -DtargetClasses=org.finra.herd.service.helper.SearchIndexUpdateHelper -DincludedTestMethods=testModifyTagInSearchIndexSearchIndexUpdateJmsListenerDisabled -Dpitest.includedMethods=modifyTagInSearchIndex -DexcludedMethods=getSqsQueueName,modifyBusinessObjectDefinitionInSearchIndex,modifyBusinessObjectDefinitionsInSearchIndex,modifyTagsInSearchIndex,processMessage -DfailWhenNoMutations=false -Dthreads=1 -DtimeoutConstant=120000 -DtimeoutFactor=4.0 -DparseSurefireArgLine=false -Dfeatures=-auto_threads -Drat.skip=true -DfailIfNoTests=false -Dcheckstyle.skip=true org.pitest:pitest-maven:mutationCoverage
[2026-03-15 23:59:32] Starting smoke baseline-test command=mvn.cmd -o -B -pl herd-code/herd-service -Dtest=SearchIndexUpdateHelperTest#testModifyTagInSearchIndexSearchIndexUpdateJmsListenerDisabled -Drat.skip=true -DfailIfNoTests=false -Dcheckstyle.skip=true jacoco:prepare-agent test jacoco:report cwd=C:\Users\osart\ATR_ProjectV2\compiledrepos\worker_pilotx1\42949039

===== MAVEN BASELINE-TEST START =====
[INFO] Scanning for projects...
[INFO] 
[INFO] --------------------< org.finra.herd:herd-service >---------------------
[INFO] Building herd service 0.176.0-SNAPSHOT
[INFO]   from pom.xml
[INFO] --------------------------------[ jar ]---------------------------------
[INFO] 
[INFO] --- jacoco:0.8.7:prepare-agent (default-cli) @ herd-service ---
[INFO] surefireArgLine set to -javaagent:C:\\Users\\osart\\.m2\\repository\\org\\jacoco\\org.jacoco.agent\\0.8.7\\org.jacoco.agent-0.8.7-runtime.jar=destfile=C:\\Users\\osart\\ATR_ProjectV2\\compiledrepos\\worker_pilotx1\\42949039\\herd-code\\herd-service\\target\\jacoco.exec,includes=org/finra/herd/service/helper/SearchIndexUpdateHelper*,output=file
[INFO] 
[INFO] --- jacoco:0.8.7:prepare-agent (jacoco-initialize) @ herd-service ---
[INFO] surefireArgLine set to -javaagent:C:\\Users\\osart\\.m2\\repository\\org\\jacoco\\org.jacoco.agent\\0.8.7\\org.jacoco.agent-0.8.7-runtime.jar=destfile=C:\\Users\\osart\\ATR_ProjectV2\\compiledrepos\\worker_pilotx1\\42949039\\herd-code\\herd-service\\target\\jacoco.exec,includes=org/finra/herd/service/helper/SearchIndexUpdateHelper*,output=file
[INFO] 
[INFO] --- build-helper:3.0.0:add-source (default) @ herd-service ---
[INFO] Source directory: C:\Users\osart\ATR_ProjectV2\compiledrepos\worker_pilotx1\42949039\herd-code\herd-service\target\generated-sources added.
[INFO] 
[INFO] --- resources:3.0.2:resources (default-resources) @ herd-service ---
[INFO] Using 'UTF-8' encoding to copy filtered resources.
[INFO] skip non existing resourceDirectory C:\Users\osart\ATR_ProjectV2\compiledrepos\worker_pilotx1\42949039\herd-code\herd-service\src\main\resources
[INFO] 
[INFO] --- flatten:1.1.0:flatten (flatten) @ herd-service ---
[INFO] Generating flattened POM of project org.finra.herd:herd-service:jar:0.176.0-SNAPSHOT...
[INFO] 
[INFO] --- compiler:3.7.0:compile (default-compile) @ herd-service ---
[INFO] Changes detected - recompiling the module!
[INFO] Compiling 359 source files to C:\Users\osart\ATR_ProjectV2\compiledrepos\worker_pilotx1\42949039\herd-code\herd-service\target\classes
[INFO] /C:/Users/osart/ATR_ProjectV2/compiledrepos/worker_pilotx1/42949039/herd-code/herd-service/src/main/java/org/finra/herd/service/helper/Hive13DdlGenerator.java: Some input files use unchecked or unsafe operations.
[INFO] /C:/Users/osart/ATR_ProjectV2/compiledrepos/worker_pilotx1/42949039/herd-code/herd-service/src/main/java/org/finra/herd/service/helper/Hive13DdlGenerator.java: Recompile with -Xlint:unchecked for details.
[INFO] 
[INFO] --- resources:3.0.2:testResources (default-testResources) @ herd-service ---
[INFO] Using 'UTF-8' encoding to copy filtered resources.
[INFO] Copying 17 resources
[INFO] 
[INFO] --- compiler:3.7.0:testCompile (default-testCompile) @ herd-service ---
[INFO] Changes detected - recompiling the module!
[INFO] Compiling 285 source files to C:\Users\osart\ATR_ProjectV2\compiledrepos\worker_pilotx1\42949039\herd-code\herd-service\target\test-classes
[INFO] /C:/Users/osart/ATR_ProjectV2/compiledrepos/worker_pilotx1/42949039/herd-code/herd-service/src/test/java/org/finra/herd/service/BusinessObjectDataServiceTestHelper.java: Some input files use unchecked or unsafe operations.
[INFO] /C:/Users/osart/ATR_ProjectV2/compiledrepos/worker_pilotx1/42949039/herd-code/herd-service/src/test/java/org/finra/herd/service/BusinessObjectDataServiceTestHelper.java: Recompile with -Xlint:unchecked for details.
[INFO] 
[INFO] --- surefire:2.22.2:test (default-test) @ herd-service ---
[INFO] 
[INFO] -------------------------------------------------------
[INFO]  T E S T S
[INFO] -------------------------------------------------------
[INFO] Running org.finra.herd.service.helper.SearchIndexUpdateHelperTest
Using Log4J configuration location "classpath:herd-log4j-test.xml".
[INFO] Tests run: 1, Failures: 0, Errors: 0, Skipped: 0, Time elapsed: 47.037 s - in org.finra.herd.service.helper.SearchIndexUpdateHelperTest
[INFO] 
[INFO] Results:
[INFO] 
[INFO] Tests run: 1, Failures: 0, Errors: 0, Skipped: 0
[INFO] 
[INFO] 
[INFO] --- jacoco:0.8.7:report (jacoco-site) @ herd-service ---
[INFO] Loading execution data file C:\Users\osart\ATR_ProjectV2\compiledrepos\worker_pilotx1\42949039\herd-code\herd-service\target\jacoco.exec
[INFO] Analyzed bundle 'herd service' with 1 classes
[INFO] 
[INFO] --- jacoco:0.8.7:report (default-cli) @ herd-service ---
[INFO] Loading execution data file C:\Users\osart\ATR_ProjectV2\compiledrepos\worker_pilotx1\42949039\herd-code\herd-service\target\jacoco.exec
[INFO] Analyzed bundle 'herd service' with 1 classes
[INFO] ------------------------------------------------------------------------
[INFO] BUILD SUCCESS
[INFO] ------------------------------------------------------------------------
[INFO] Total time:  02:15 min
[INFO] Finished at: 2026-03-16T00:01:53-04:00
[INFO] ------------------------------------------------------------------------

===== MAVEN BASELINE-TEST END returncode=0 =====
[2026-03-16 00:01:54] Finished smoke baseline-test in 141.91s with returncode=0
[2026-03-16 00:01:54] Smoke execution started. baseline_module_args=['-pl', 'herd-code/herd-service'] pit_module_args=['-pl', 'herd-code/herd-service'] test_classes=-Dtest=SearchIndexUpdateHelperTest#testModifyTagInSearchIndexSearchIndexUpdateJmsListenerDisabled target_tests=['org.finra.herd.service.helper.SearchIndexUpdateHelperTest'] target_classes=['org.finra.herd.service.helper.SearchIndexUpdateHelper'] ast_test_method=testModifyTagInSearchIndexSearchIndexUpdateJmsListenerDisabled ast_focal_method=modifyTagInSearchIndex excluded_mutation_methods=['getSqsQueueName', 'modifyBusinessObjectDefinitionInSearchIndex', 'modifyBusinessObjectDefinitionsInSearchIndex', 'modifyTagsInSearchIndex', 'processMessage'] timeout=900s
[2026-03-16 00:01:54] Maven baseline command: mvn.cmd -o -B -pl herd-code/herd-service -Dtest=SearchIndexUpdateHelperTest#testModifyTagInSearchIndexSearchIndexUpdateJmsListenerDisabled -Drat.skip=true -DfailIfNoTests=false -Dcheckstyle.skip=true jacoco:prepare-agent test jacoco:report
[2026-03-16 00:01:54] Maven PIT command: mvn.cmd -o -B -pl herd-code/herd-service -DtargetTests=org.finra.herd.service.helper.SearchIndexUpdateHelperTest -DtargetClasses=org.finra.herd.service.helper.SearchIndexUpdateHelper -DincludedTestMethods=testModifyTagInSearchIndexSearchIndexUpdateJmsListenerDisabled -Dpitest.includedMethods=modifyTagInSearchIndex -DexcludedMethods=getSqsQueueName,modifyBusinessObjectDefinitionInSearchIndex,modifyBusinessObjectDefinitionsInSearchIndex,modifyTagsInSearchIndex,processMessage -DfailWhenNoMutations=false -Dthreads=1 -DtimeoutConstant=120000 -DtimeoutFactor=4.0 -DparseSurefireArgLine=false -Dfeatures=-auto_threads -Drat.skip=true -DfailIfNoTests=false -Dcheckstyle.skip=true org.pitest:pitest-maven:mutationCoverage
[2026-03-16 00:01:54] Starting smoke pit-targeted command=mvn.cmd -o -B -pl herd-code/herd-service -DtargetTests=org.finra.herd.service.helper.SearchIndexUpdateHelperTest -DtargetClasses=org.finra.herd.service.helper.SearchIndexUpdateHelper -DincludedTestMethods=testModifyTagInSearchIndexSearchIndexUpdateJmsListenerDisabled -Dpitest.includedMethods=modifyTagInSearchIndex -DexcludedMethods=getSqsQueueName,modifyBusinessObjectDefinitionInSearchIndex,modifyBusinessObjectDefinitionsInSearchIndex,modifyTagsInSearchIndex,processMessage -DfailWhenNoMutations=false -Dthreads=1 -DtimeoutConstant=120000 -DtimeoutFactor=4.0 -DparseSurefireArgLine=false -Dfeatures=-auto_threads -Drat.skip=true -DfailIfNoTests=false -Dcheckstyle.skip=true org.pitest:pitest-maven:mutationCoverage cwd=C:\Users\osart\ATR_ProjectV2\compiledrepos\worker_pilotx1\42949039

===== MAVEN PIT-TARGETED START =====
[INFO] Scanning for projects...
[INFO] 
[INFO] --------------------< org.finra.herd:herd-service >---------------------
[INFO] Building herd service 0.176.0-SNAPSHOT
[INFO]   from pom.xml
[INFO] --------------------------------[ jar ]---------------------------------
[INFO] 
[INFO] --- pitest:1.16.0:mutationCoverage (default-cli) @ herd-service ---
[INFO] Root dir is : C:\Users\osart\ATR_ProjectV2\compiledrepos\worker_pilotx1\42949039
[INFO] Found plugin : Default csv report plugin
[INFO] Found plugin : Default xml report plugin
[INFO] Found plugin : Default html report plugin
[INFO] Found plugin : Static initializer code detector plugin
[INFO] Found plugin : Excluded annotations plugin
[INFO] Found plugin : Try with resources filter
[INFO] Found plugin : Inlined finally block filter plugin
[INFO] Found plugin : Implicit null check filter
[INFO] Found plugin : Method reference null check filter
[INFO] Found plugin : For each loop filter
[INFO] Found plugin : Enum junk filter
[INFO] Found plugin : Record junk mutation filter
[INFO] Found plugin : String switch filter
[INFO] Found plugin : Assertions filter
[INFO] Found plugin : Enum switch filter
[INFO] Found plugin : Logging calls filter
[INFO] Found plugin : Infinite for loop filter
[INFO] Found plugin : Long running iterator loop filter
[INFO] Found plugin : For loop counter filter
[INFO] Found plugin : Kotlin junk mutations filter
[INFO] Found plugin : Groovy junk mutations filter
[INFO] Found plugin : Max mutations per class limit
[INFO] Found plugin : Equals shortcut equivalent mutant filter
[INFO] Found plugin : Trivial return vals equivalence filter
[INFO] Found plugin : Filters mutants with line number <= 1
[INFO] Found plugin : Division by one equivalent mutant filter
[INFO] Found plugin : Lombok junk mutations filter
[INFO] Found plugin : Filter mutations to defensive wrappers such as unmodifiableCollection on return or field write
[INFO] Found plugin : Mutant export plugin
[INFO] Found plugin : Auto add java.awt.headless=true to keep keyboard focus on Mac OS
[INFO] Found plugin : Auto set number of threads based on machine
[INFO] Found plugin : Automatically add -ea to launch args to enable assertions
[INFO] Found plugin : Default build verifier
[INFO] Found plugin : Detect missing JUnit5 plugin
[INFO] Found plugin : Detect missing TestNG plugin
[INFO] Found plugin : Detect missing kotlin plugin
[INFO] Found plugin : Detect missing spring plugin
[INFO] Found plugin : Default coverage exporter
[INFO] Found shared classpath plugin : Default mutation engine
[INFO] Found shared classpath plugin : JUnit plugin
[INFO] Available mutators : EXPERIMENTAL_ARGUMENT_PROPAGATION,FALSE_RETURNS,TRUE_RETURNS,CONDITIONALS_BOUNDARY,CONSTRUCTOR_CALLS,EMPTY_RETURNS,INCREMENTS,INLINE_CONSTS,INVERT_NEGS,MATH,NEGATE_CONDITIONALS,NON_VOID_METHOD_CALLS,NULL_RETURNS,PRIMITIVE_RETURNS,REMOVE_CONDITIONALS_EQUAL_IF,REMOVE_CONDITIONALS_EQUAL_ELSE,REMOVE_CONDITIONALS_ORDER_IF,REMOVE_CONDITIONALS_ORDER_ELSE,VOID_METHOD_CALLS,EXPERIMENTAL_BIG_DECIMAL,EXPERIMENTAL_BIG_INTEGER,EXPERIMENTAL_MEMBER_VARIABLE,EXPERIMENTAL_NAKED_RECEIVER,REMOVE_INCREMENTS,EXPERIMENTAL_SWITCH,EXPERIMENTAL_BIG_DECIMAL,EXPERIMENTAL_BIG_INTEGER
[INFO] Adding org.pitest:pitest to SUT classpath
[INFO] Mutating from C:\Users\osart\ATR_ProjectV2\compiledrepos\worker_pilotx1\42949039\herd-code\herd-service\target\classes
12:02:14 AM PIT >> INFO : Verbose logging is disabled. If you encounter a problem, please enable it before reporting an issue.
12:02:15 AM PIT >> INFO : Created 1 mutation test units in pre scan
12:02:17 AM PIT >> INFO : Sending 1 test classes to minion
12:02:17 AM PIT >> INFO : Sent tests to minion
/12:03:25 AM PIT >> INFO : Calculated coverage in 70 seconds.
12:03:26 AM PIT >> INFO : Created 1 mutation test units
/12:04:39 AM PIT >> INFO : Completed in 144 seconds
================================================================================
- Mutators
================================================================================
> org.pitest.mutationtest.engine.gregor.mutators.VoidMethodCallMutator
>> Generated 1 Killed 1 (100%)
> KILLED 1 SURVIVED 0 TIMED_OUT 0 NON_VIABLE 0 
> MEMORY_ERROR 0 NOT_STARTED 0 STARTED 0 RUN_ERROR 0 
> NO_COVERAGE 0 
--------------------------------------------------------------------------------
================================================================================
- Timings
================================================================================
> pre-scan for mutations : < 1 second
> scan classpath : < 1 second
> coverage and dependency analysis : 1 minutes and 10 seconds
> build mutation tests : < 1 second
> run mutation analysis : 1 minutes and 12 seconds
--------------------------------------------------------------------------------
> Total  : 2 minutes and 24 seconds
--------------------------------------------------------------------------------
================================================================================
- Statistics
================================================================================
>> Line Coverage (for mutated classes only): 11/41 (27%)
>> Generated 1 mutations Killed 1 (100%)
>> Mutations with no coverage 0. Test strength 100%
>> Ran 1 tests (1 tests per mutation)
Enhanced functionality available at https://www.arcmutate.com/

Build messages:- 
* Project uses Spring, but the Arcmutate Spring plugin is not present. (https://docs.arcmutate.com/docs/spring.html)
[INFO] ------------------------------------------------------------------------
[INFO] BUILD SUCCESS
[INFO] ------------------------------------------------------------------------
[INFO] Total time:  02:41 min
[INFO] Finished at: 2026-03-16T00:04:39-04:00
[INFO] ------------------------------------------------------------------------

===== MAVEN PIT-TARGETED END returncode=0 =====
[2026-03-16 00:04:40] Finished smoke pit-targeted in 165.99s with returncode=0
[2026-03-16 00:04:45] Smoke execution started. baseline_module_args=['-pl', 'herd-code/herd-service'] pit_module_args=['-pl', 'herd-code/herd-service'] test_classes=-Dtest=SearchIndexUpdateHelperTest#testModifyTagInSearchIndexSearchIndexUpdateJmsListenerDisabled target_tests=['org.finra.herd.service.helper.SearchIndexUpdateHelperTest'] target_classes=['org.finra.herd.service.helper.SearchIndexUpdateHelper'] ast_test_method=testModifyTagInSearchIndexSearchIndexUpdateJmsListenerDisabled ast_focal_method=modifyTagInSearchIndex excluded_mutation_methods=['getSqsQueueName', 'modifyBusinessObjectDefinitionInSearchIndex', 'modifyBusinessObjectDefinitionsInSearchIndex', 'modifyTagsInSearchIndex', 'processMessage'] timeout=900s
[2026-03-16 00:04:45] Maven baseline command: mvn.cmd -o -B -pl herd-code/herd-service -Dtest=SearchIndexUpdateHelperTest#testModifyTagInSearchIndexSearchIndexUpdateJmsListenerDisabled -Drat.skip=true -DfailIfNoTests=false -Dcheckstyle.skip=true jacoco:prepare-agent test jacoco:report
[2026-03-16 00:04:45] Maven PIT command: mvn.cmd -o -B -pl herd-code/herd-service -DtargetTests=org.finra.herd.service.helper.SearchIndexUpdateHelperTest -DtargetClasses=org.finra.herd.service.helper.SearchIndexUpdateHelper -DincludedTestMethods=testModifyTagInSearchIndexSearchIndexUpdateJmsListenerDisabled -Dpitest.includedMethods=modifyTagInSearchIndex -DexcludedMethods=getSqsQueueName,modifyBusinessObjectDefinitionInSearchIndex,modifyBusinessObjectDefinitionsInSearchIndex,modifyTagsInSearchIndex,processMessage -DfailWhenNoMutations=false -Dthreads=1 -DtimeoutConstant=120000 -DtimeoutFactor=4.0 -DparseSurefireArgLine=false -Dfeatures=-auto_threads -Drat.skip=true -DfailIfNoTests=false -Dcheckstyle.skip=true org.pitest:pitest-maven:mutationCoverage
[2026-03-16 00:04:45] Starting smoke baseline-test command=mvn.cmd -o -B -pl herd-code/herd-service -Dtest=SearchIndexUpdateHelperTest#testModifyTagInSearchIndexSearchIndexUpdateJmsListenerDisabled -Drat.skip=true -DfailIfNoTests=false -Dcheckstyle.skip=true jacoco:prepare-agent test jacoco:report cwd=C:\Users\osart\ATR_ProjectV2\compiledrepos\worker_pilotx1\42949039

===== MAVEN BASELINE-TEST START =====
[INFO] Scanning for projects...
[INFO] 
[INFO] --------------------< org.finra.herd:herd-service >---------------------
[INFO] Building herd service 0.176.0-SNAPSHOT
[INFO]   from pom.xml
[INFO] --------------------------------[ jar ]---------------------------------
[INFO] 
[INFO] --- jacoco:0.8.7:prepare-agent (default-cli) @ herd-service ---
[INFO] surefireArgLine set to -javaagent:C:\\Users\\osart\\.m2\\repository\\org\\jacoco\\org.jacoco.agent\\0.8.7\\org.jacoco.agent-0.8.7-runtime.jar=destfile=C:\\Users\\osart\\ATR_ProjectV2\\compiledrepos\\worker_pilotx1\\42949039\\herd-code\\herd-service\\target\\jacoco.exec,includes=org/finra/herd/service/helper/SearchIndexUpdateHelper*,output=file
[INFO] 
[INFO] --- jacoco:0.8.7:prepare-agent (jacoco-initialize) @ herd-service ---
[INFO] surefireArgLine set to -javaagent:C:\\Users\\osart\\.m2\\repository\\org\\jacoco\\org.jacoco.agent\\0.8.7\\org.jacoco.agent-0.8.7-runtime.jar=destfile=C:\\Users\\osart\\ATR_ProjectV2\\compiledrepos\\worker_pilotx1\\42949039\\herd-code\\herd-service\\target\\jacoco.exec,includes=org/finra/herd/service/helper/SearchIndexUpdateHelper*,output=file
[INFO] 
[INFO] --- build-helper:3.0.0:add-source (default) @ herd-service ---
[INFO] Source directory: C:\Users\osart\ATR_ProjectV2\compiledrepos\worker_pilotx1\42949039\herd-code\herd-service\target\generated-sources added.
[INFO] 
[INFO] --- resources:3.0.2:resources (default-resources) @ herd-service ---
[INFO] Using 'UTF-8' encoding to copy filtered resources.
[INFO] skip non existing resourceDirectory C:\Users\osart\ATR_ProjectV2\compiledrepos\worker_pilotx1\42949039\herd-code\herd-service\src\main\resources
[INFO] 
[INFO] --- flatten:1.1.0:flatten (flatten) @ herd-service ---
[INFO] Generating flattened POM of project org.finra.herd:herd-service:jar:0.176.0-SNAPSHOT...
[INFO] 
[INFO] --- compiler:3.7.0:compile (default-compile) @ herd-service ---
[INFO] Changes detected - recompiling the module!
[INFO] Compiling 359 source files to C:\Users\osart\ATR_ProjectV2\compiledrepos\worker_pilotx1\42949039\herd-code\herd-service\target\classes
[INFO] /C:/Users/osart/ATR_ProjectV2/compiledrepos/worker_pilotx1/42949039/herd-code/herd-service/src/main/java/org/finra/herd/service/helper/Hive13DdlGenerator.java: Some input files use unchecked or unsafe operations.
[INFO] /C:/Users/osart/ATR_ProjectV2/compiledrepos/worker_pilotx1/42949039/herd-code/herd-service/src/main/java/org/finra/herd/service/helper/Hive13DdlGenerator.java: Recompile with -Xlint:unchecked for details.
[INFO] 
[INFO] --- resources:3.0.2:testResources (default-testResources) @ herd-service ---
[INFO] Using 'UTF-8' encoding to copy filtered resources.
[INFO] Copying 17 resources
[INFO] 
[INFO] --- compiler:3.7.0:testCompile (default-testCompile) @ herd-service ---
[INFO] Nothing to compile - all classes are up to date
[INFO] 
[INFO] --- surefire:2.22.2:test (default-test) @ herd-service ---
[INFO] 
[INFO] -------------------------------------------------------
[INFO]  T E S T S
[INFO] -------------------------------------------------------
[INFO] Running org.finra.herd.service.helper.SearchIndexUpdateHelperTest
Using Log4J configuration location "classpath:herd-log4j-test.xml".
[INFO] Tests run: 1, Failures: 0, Errors: 0, Skipped: 0, Time elapsed: 73.489 s - in org.finra.herd.service.helper.SearchIndexUpdateHelperTest
[INFO] 
[INFO] Results:
[INFO] 
[INFO] Tests run: 1, Failures: 0, Errors: 0, Skipped: 0
[INFO] 
[INFO] 
[INFO] --- jacoco:0.8.7:report (jacoco-site) @ herd-service ---
[INFO] Loading execution data file C:\Users\osart\ATR_ProjectV2\compiledrepos\worker_pilotx1\42949039\herd-code\herd-service\target\jacoco.exec
[INFO] Analyzed bundle 'herd service' with 1 classes
[INFO] 
[INFO] --- jacoco:0.8.7:report (default-cli) @ herd-service ---
[INFO] Loading execution data file C:\Users\osart\ATR_ProjectV2\compiledrepos\worker_pilotx1\42949039\herd-code\herd-service\target\jacoco.exec
[INFO] Analyzed bundle 'herd service' with 1 classes
[INFO] ------------------------------------------------------------------------
[INFO] BUILD SUCCESS
[INFO] ------------------------------------------------------------------------
[INFO] Total time:  02:46 min
[INFO] Finished at: 2026-03-16T00:07:37-04:00
[INFO] ------------------------------------------------------------------------

===== MAVEN BASELINE-TEST END returncode=0 =====
[2026-03-16 00:07:38] Finished smoke baseline-test in 173.57s with returncode=0
[2026-03-16 00:07:38] [MutationLiveGate] Quiet mutation detected for focal=compiledrepos/worker_pilotx1/42949039/herd-code/herd-service/src/main/java/org/finra/herd/service/helper/SearchIndexUpdateHelper.java; starting prioritized retries (limit=2).
[2026-03-16 00:07:39] [MutationLiveGate] Retry 1 applied mutation type=signature class=MATH_PRIMITIVE_RETURNS.
[2026-03-16 00:07:39] Smoke execution started. baseline_module_args=['-pl', 'herd-code/herd-service'] pit_module_args=['-pl', 'herd-code/herd-service'] test_classes=-Dtest=SearchIndexUpdateHelperTest#testModifyTagInSearchIndexSearchIndexUpdateJmsListenerDisabled target_tests=['org.finra.herd.service.helper.SearchIndexUpdateHelperTest'] target_classes=['org.finra.herd.service.helper.SearchIndexUpdateHelper'] ast_test_method=testModifyTagInSearchIndexSearchIndexUpdateJmsListenerDisabled ast_focal_method=modifyTagInSearchIndex excluded_mutation_methods=['getSqsQueueName', 'modifyBusinessObjectDefinitionInSearchIndex', 'modifyBusinessObjectDefinitionsInSearchIndex', 'modifyTagsInSearchIndex', 'processMessage'] timeout=900s
[2026-03-16 00:07:39] Maven baseline command: mvn.cmd -o -B -pl herd-code/herd-service -Dtest=SearchIndexUpdateHelperTest#testModifyTagInSearchIndexSearchIndexUpdateJmsListenerDisabled -Drat.skip=true -DfailIfNoTests=false -Dcheckstyle.skip=true jacoco:prepare-agent test jacoco:report
[2026-03-16 00:07:39] Maven PIT command: mvn.cmd -o -B -pl herd-code/herd-service -DtargetTests=org.finra.herd.service.helper.SearchIndexUpdateHelperTest -DtargetClasses=org.finra.herd.service.helper.SearchIndexUpdateHelper -DincludedTestMethods=testModifyTagInSearchIndexSearchIndexUpdateJmsListenerDisabled -Dpitest.includedMethods=modifyTagInSearchIndex -DexcludedMethods=getSqsQueueName,modifyBusinessObjectDefinitionInSearchIndex,modifyBusinessObjectDefinitionsInSearchIndex,modifyTagsInSearchIndex,processMessage -DfailWhenNoMutations=false -Dthreads=1 -DtimeoutConstant=120000 -DtimeoutFactor=4.0 -DparseSurefireArgLine=false -Dfeatures=-auto_threads -Drat.skip=true -DfailIfNoTests=false -Dcheckstyle.skip=true org.pitest:pitest-maven:mutationCoverage
[2026-03-16 00:07:39] Starting smoke baseline-test command=mvn.cmd -o -B -pl herd-code/herd-service -Dtest=SearchIndexUpdateHelperTest#testModifyTagInSearchIndexSearchIndexUpdateJmsListenerDisabled -Drat.skip=true -DfailIfNoTests=false -Dcheckstyle.skip=true jacoco:prepare-agent test jacoco:report cwd=C:\Users\osart\ATR_ProjectV2\compiledrepos\worker_pilotx1\42949039

===== MAVEN BASELINE-TEST START =====
[INFO] Scanning for projects...
[INFO] 
[INFO] --------------------< org.finra.herd:herd-service >---------------------
[INFO] Building herd service 0.176.0-SNAPSHOT
[INFO]   from pom.xml
[INFO] --------------------------------[ jar ]---------------------------------
[INFO] 
[INFO] --- jacoco:0.8.7:prepare-agent (default-cli) @ herd-service ---
[INFO] surefireArgLine set to -javaagent:C:\\Users\\osart\\.m2\\repository\\org\\jacoco\\org.jacoco.agent\\0.8.7\\org.jacoco.agent-0.8.7-runtime.jar=destfile=C:\\Users\\osart\\ATR_ProjectV2\\compiledrepos\\worker_pilotx1\\42949039\\herd-code\\herd-service\\target\\jacoco.exec,includes=org/finra/herd/service/helper/SearchIndexUpdateHelper*,output=file
[INFO] 
[INFO] --- jacoco:0.8.7:prepare-agent (jacoco-initialize) @ herd-service ---
[INFO] surefireArgLine set to -javaagent:C:\\Users\\osart\\.m2\\repository\\org\\jacoco\\org.jacoco.agent\\0.8.7\\org.jacoco.agent-0.8.7-runtime.jar=destfile=C:\\Users\\osart\\ATR_ProjectV2\\compiledrepos\\worker_pilotx1\\42949039\\herd-code\\herd-service\\target\\jacoco.exec,includes=org/finra/herd/service/helper/SearchIndexUpdateHelper*,output=file
[INFO] 
[INFO] --- build-helper:3.0.0:add-source (default) @ herd-service ---
[INFO] Source directory: C:\Users\osart\ATR_ProjectV2\compiledrepos\worker_pilotx1\42949039\herd-code\herd-service\target\generated-sources added.
[INFO] 
[INFO] --- resources:3.0.2:resources (default-resources) @ herd-service ---
[INFO] Using 'UTF-8' encoding to copy filtered resources.
[INFO] skip non existing resourceDirectory C:\Users\osart\ATR_ProjectV2\compiledrepos\worker_pilotx1\42949039\herd-code\herd-service\src\main\resources
[INFO] 
[INFO] --- flatten:1.1.0:flatten (flatten) @ herd-service ---
[INFO] Generating flattened POM of project org.finra.herd:herd-service:jar:0.176.0-SNAPSHOT...
[INFO] 
[INFO] --- compiler:3.7.0:compile (default-compile) @ herd-service ---
[INFO] Changes detected - recompiling the module!
[INFO] Compiling 359 source files to C:\Users\osart\ATR_ProjectV2\compiledrepos\worker_pilotx1\42949039\herd-code\herd-service\target\classes
[INFO] /C:/Users/osart/ATR_ProjectV2/compiledrepos/worker_pilotx1/42949039/herd-code/herd-service/src/main/java/org/finra/herd/service/helper/Hive13DdlGenerator.java: Some input files use unchecked or unsafe operations.
[INFO] /C:/Users/osart/ATR_ProjectV2/compiledrepos/worker_pilotx1/42949039/herd-code/herd-service/src/main/java/org/finra/herd/service/helper/Hive13DdlGenerator.java: Recompile with -Xlint:unchecked for details.
[INFO] 
[INFO] --- resources:3.0.2:testResources (default-testResources) @ herd-service ---
[INFO] Using 'UTF-8' encoding to copy filtered resources.
[INFO] Copying 17 resources
[INFO] 
[INFO] --- compiler:3.7.0:testCompile (default-testCompile) @ herd-service ---
[INFO] Nothing to compile - all classes are up to date
[INFO] 
[INFO] --- surefire:2.22.2:test (default-test) @ herd-service ---
[INFO] 
[INFO] -------------------------------------------------------
[INFO]  T E S T S
[INFO] -------------------------------------------------------
[INFO] Running org.finra.herd.service.helper.SearchIndexUpdateHelperTest
Using Log4J configuration location "classpath:herd-log4j-test.xml".
[ERROR] Tests run: 1, Failures: 1, Errors: 0, Skipped: 0, Time elapsed: 31.377 s <<< FAILURE! - in org.finra.herd.service.helper.SearchIndexUpdateHelperTest
[ERROR] testModifyTagInSearchIndexSearchIndexUpdateJmsListenerDisabled(org.finra.herd.service.helper.SearchIndexUpdateHelperTest)  Time elapsed: 0.972 s  <<< FAILURE!
org.mockito.exceptions.verification.junit.ArgumentsAreDifferent: 

Argument(s) are different! Wanted:
jsonHelper.objectToJson(
    SearchIndexUpdateDto{businessObjectDefinitionIds=null, messageType='TAG', modificationType='UPDATE', tagIds=[1]}
);
-> at org.finra.herd.dao.helper.JsonHelper.objectToJson(JsonHelper.java:71)
Actual invocation has different arguments:
jsonHelper.objectToJson(
    SearchIndexUpdateDto{businessObjectDefinitionIds=null, messageType='TAG', modificationType='UPDATE', tagIds=[999]}
);
-> at org.finra.herd.service.helper.SearchIndexUpdateHelper.modifyTagInSearchIndex(SearchIndexUpdateHelper.java:100)

	at org.finra.herd.service.helper.SearchIndexUpdateHelperTest.testModifyTagInSearchIndexSearchIndexUpdateJmsListenerDisabled(SearchIndexUpdateHelperTest.java:393)

[INFO] 
[INFO] Results:
[INFO] 
[ERROR] Failures: 
[ERROR]   SearchIndexUpdateHelperTest.testModifyTagInSearchIndexSearchIndexUpdateJmsListenerDisabled:393 
Argument(s) are different! Wanted:
jsonHelper.objectToJson(
    SearchIndexUpdateDto{businessObjectDefinitionIds=null, messageType='TAG', modificationType='UPDATE', tagIds=[1]}
);
-> at org.finra.herd.dao.helper.JsonHelper.objectToJson(JsonHelper.java:71)
Actual invocation has different arguments:
jsonHelper.objectToJson(
    SearchIndexUpdateDto{businessObjectDefinitionIds=null, messageType='TAG', modificationType='UPDATE', tagIds=[999]}
);
-> at org.finra.herd.service.helper.SearchIndexUpdateHelper.modifyTagInSearchIndex(SearchIndexUpdateHelper.java:100)

[INFO] 
[ERROR] Tests run: 1, Failures: 1, Errors: 0, Skipped: 0
[INFO] 
[ERROR] There are test failures.

Please refer to C:\Users\osart\ATR_ProjectV2\compiledrepos\worker_pilotx1\42949039\herd-code\herd-service\target\surefire-reports for the individual test results.
Please refer to dump files (if any exist) [date].dump, [date]-jvmRun[N].dump and [date].dumpstream.
[INFO] 
[INFO] --- jacoco:0.8.7:report (jacoco-site) @ herd-service ---
[INFO] Loading execution data file C:\Users\osart\ATR_ProjectV2\compiledrepos\worker_pilotx1\42949039\herd-code\herd-service\target\jacoco.exec
[INFO] Analyzed bundle 'herd service' with 1 classes
[INFO] 
[INFO] --- jacoco:0.8.7:report (default-cli) @ herd-service ---
[INFO] Loading execution data file C:\Users\osart\ATR_ProjectV2\compiledrepos\worker_pilotx1\42949039\herd-code\herd-service\target\jacoco.exec
[INFO] Analyzed bundle 'herd service' with 1 classes
[INFO] ------------------------------------------------------------------------
[INFO] BUILD SUCCESS
[INFO] ------------------------------------------------------------------------
[INFO] Total time:  01:48 min
[INFO] Finished at: 2026-03-16T00:09:32-04:00
[INFO] ------------------------------------------------------------------------

===== MAVEN BASELINE-TEST END returncode=0 =====
[2026-03-16 00:09:33] Finished smoke baseline-test in 114.36s with returncode=0
[2026-03-16 00:09:33] Detected explicit Surefire failure markers despite successful Maven exit code.
[2026-03-16 00:09:33] Baseline failure log captured at C:\Users\osart\ATR_ProjectV2\output\worker_pilotx1\42949039\latest_failure_log.txt
[2026-03-16 00:09:33] [MutationLiveGate] Retry 1 activated a live mutation.
[2026-03-16 00:09:33] [IterativeHealing] Baseline failed for SearchIndexUpdateHelperTest; starting retry loop (max_retries=3).
[2026-03-16 00:09:33] [IterativeHealing] Retry 1/3 for SearchIndexUpdateHelperTest on focal SearchIndexUpdateHelper.
[2026-03-16 00:10:08] Smoke execution started. baseline_module_args=['-pl', 'herd-code/herd-service'] pit_module_args=['-pl', 'herd-code/herd-service'] test_classes=-Dtest=SearchIndexUpdateHelperTest#testModifyTagInSearchIndexSearchIndexUpdateJmsListenerDisabled target_tests=['org.finra.herd.service.helper.SearchIndexUpdateHelperTest'] target_classes=['org.finra.herd.service.helper.SearchIndexUpdateHelper'] ast_test_method=testModifyTagInSearchIndexSearchIndexUpdateJmsListenerDisabled ast_focal_method=modifyTagInSearchIndex excluded_mutation_methods=['getSqsQueueName', 'modifyBusinessObjectDefinitionInSearchIndex', 'modifyBusinessObjectDefinitionsInSearchIndex', 'modifyTagsInSearchIndex', 'processMessage'] timeout=900s
[2026-03-16 00:10:08] Maven baseline command: mvn.cmd -o -B -pl herd-code/herd-service -Dtest=SearchIndexUpdateHelperTest#testModifyTagInSearchIndexSearchIndexUpdateJmsListenerDisabled -Drat.skip=true -DfailIfNoTests=false -Dcheckstyle.skip=true jacoco:prepare-agent test jacoco:report
[2026-03-16 00:10:08] Maven PIT command: mvn.cmd -o -B -pl herd-code/herd-service -DtargetTests=org.finra.herd.service.helper.SearchIndexUpdateHelperTest -DtargetClasses=org.finra.herd.service.helper.SearchIndexUpdateHelper -DincludedTestMethods=testModifyTagInSearchIndexSearchIndexUpdateJmsListenerDisabled -Dpitest.includedMethods=modifyTagInSearchIndex -DexcludedMethods=getSqsQueueName,modifyBusinessObjectDefinitionInSearchIndex,modifyBusinessObjectDefinitionsInSearchIndex,modifyTagsInSearchIndex,processMessage -DfailWhenNoMutations=false -Dthreads=1 -DtimeoutConstant=120000 -DtimeoutFactor=4.0 -DparseSurefireArgLine=false -Dfeatures=-auto_threads -Drat.skip=true -DfailIfNoTests=false -Dcheckstyle.skip=true org.pitest:pitest-maven:mutationCoverage
[2026-03-16 00:10:08] Starting smoke baseline-test command=mvn.cmd -o -B -pl herd-code/herd-service -Dtest=SearchIndexUpdateHelperTest#testModifyTagInSearchIndexSearchIndexUpdateJmsListenerDisabled -Drat.skip=true -DfailIfNoTests=false -Dcheckstyle.skip=true jacoco:prepare-agent test jacoco:report cwd=C:\Users\osart\ATR_ProjectV2\compiledrepos\worker_pilotx1\42949039

===== MAVEN BASELINE-TEST START =====
[INFO] Scanning for projects...
[INFO] 
[INFO] --------------------< org.finra.herd:herd-service >---------------------
[INFO] Building herd service 0.176.0-SNAPSHOT
[INFO]   from pom.xml
[INFO] --------------------------------[ jar ]---------------------------------
[INFO] 
[INFO] --- jacoco:0.8.7:prepare-agent (default-cli) @ herd-service ---
[INFO] surefireArgLine set to -javaagent:C:\\Users\\osart\\.m2\\repository\\org\\jacoco\\org.jacoco.agent\\0.8.7\\org.jacoco.agent-0.8.7-runtime.jar=destfile=C:\\Users\\osart\\ATR_ProjectV2\\compiledrepos\\worker_pilotx1\\42949039\\herd-code\\herd-service\\target\\jacoco.exec,includes=org/finra/herd/service/helper/SearchIndexUpdateHelper*,output=file
[INFO] 
[INFO] --- jacoco:0.8.7:prepare-agent (jacoco-initialize) @ herd-service ---
[INFO] surefireArgLine set to -javaagent:C:\\Users\\osart\\.m2\\repository\\org\\jacoco\\org.jacoco.agent\\0.8.7\\org.jacoco.agent-0.8.7-runtime.jar=destfile=C:\\Users\\osart\\ATR_ProjectV2\\compiledrepos\\worker_pilotx1\\42949039\\herd-code\\herd-service\\target\\jacoco.exec,includes=org/finra/herd/service/helper/SearchIndexUpdateHelper*,output=file
[INFO] 
[INFO] --- build-helper:3.0.0:add-source (default) @ herd-service ---
[INFO] Source directory: C:\Users\osart\ATR_ProjectV2\compiledrepos\worker_pilotx1\42949039\herd-code\herd-service\target\generated-sources added.
[INFO] 
[INFO] --- resources:3.0.2:resources (default-resources) @ herd-service ---
[INFO] Using 'UTF-8' encoding to copy filtered resources.
[INFO] skip non existing resourceDirectory C:\Users\osart\ATR_ProjectV2\compiledrepos\worker_pilotx1\42949039\herd-code\herd-service\src\main\resources
[INFO] 
[INFO] --- flatten:1.1.0:flatten (flatten) @ herd-service ---
[INFO] Generating flattened POM of project org.finra.herd:herd-service:jar:0.176.0-SNAPSHOT...
[INFO] 
[INFO] --- compiler:3.7.0:compile (default-compile) @ herd-service ---
[INFO] Nothing to compile - all classes are up to date
[INFO] 
[INFO] --- resources:3.0.2:testResources (default-testResources) @ herd-service ---
[INFO] Using 'UTF-8' encoding to copy filtered resources.
[INFO] Copying 17 resources
[INFO] 
[INFO] --- compiler:3.7.0:testCompile (default-testCompile) @ herd-service ---
[INFO] Changes detected - recompiling the module!
[INFO] Compiling 285 source files to C:\Users\osart\ATR_ProjectV2\compiledrepos\worker_pilotx1\42949039\herd-code\herd-service\target\test-classes
[INFO] /C:/Users/osart/ATR_ProjectV2/compiledrepos/worker_pilotx1/42949039/herd-code/herd-service/src/test/java/org/finra/herd/service/BusinessObjectDataServiceTestHelper.java: Some input files use unchecked or unsafe operations.
[INFO] /C:/Users/osart/ATR_ProjectV2/compiledrepos/worker_pilotx1/42949039/herd-code/herd-service/src/test/java/org/finra/herd/service/BusinessObjectDataServiceTestHelper.java: Recompile with -Xlint:unchecked for details.
[INFO] 
[INFO] --- surefire:2.22.2:test (default-test) @ herd-service ---
[INFO] 
[INFO] -------------------------------------------------------
[INFO]  T E S T S
[INFO] -------------------------------------------------------
[INFO] Running org.finra.herd.service.helper.SearchIndexUpdateHelperTest
Using Log4J configuration location "classpath:herd-log4j-test.xml".
[INFO] Tests run: 1, Failures: 0, Errors: 0, Skipped: 0, Time elapsed: 31.564 s - in org.finra.herd.service.helper.SearchIndexUpdateHelperTest
[INFO] 
[INFO] Results:
[INFO] 
[INFO] Tests run: 1, Failures: 0, Errors: 0, Skipped: 0
[INFO] 
[INFO] 
[INFO] --- jacoco:0.8.7:report (jacoco-site) @ herd-service ---
[INFO] Loading execution data file C:\Users\osart\ATR_ProjectV2\compiledrepos\worker_pilotx1\42949039\herd-code\herd-service\target\jacoco.exec
[INFO] Analyzed bundle 'herd service' with 1 classes
[INFO] 
[INFO] --- jacoco:0.8.7:report (default-cli) @ herd-service ---
[INFO] Loading execution data file C:\Users\osart\ATR_ProjectV2\compiledrepos\worker_pilotx1\42949039\herd-code\herd-service\target\jacoco.exec
[INFO] Analyzed bundle 'herd service' with 1 classes
[INFO] ------------------------------------------------------------------------
[INFO] BUILD SUCCESS
[INFO] ------------------------------------------------------------------------
[INFO] Total time:  01:10 min
[INFO] Finished at: 2026-03-16T00:11:21-04:00
[INFO] ------------------------------------------------------------------------

===== MAVEN BASELINE-TEST END returncode=0 =====
[2026-03-16 00:11:22] Finished smoke baseline-test in 73.38s with returncode=0
[2026-03-16 00:11:22] [IterativeHealing] Baseline passed on retry 1 for SearchIndexUpdateHelperTest; running targeted PIT.
[2026-03-16 00:11:22] Smoke execution started. baseline_module_args=['-pl', 'herd-code/herd-service'] pit_module_args=['-pl', 'herd-code/herd-service'] test_classes=-Dtest=SearchIndexUpdateHelperTest#testModifyTagInSearchIndexSearchIndexUpdateJmsListenerDisabled target_tests=['org.finra.herd.service.helper.SearchIndexUpdateHelperTest'] target_classes=['org.finra.herd.service.helper.SearchIndexUpdateHelper'] ast_test_method=testModifyTagInSearchIndexSearchIndexUpdateJmsListenerDisabled ast_focal_method=modifyTagInSearchIndex excluded_mutation_methods=['getSqsQueueName', 'modifyBusinessObjectDefinitionInSearchIndex', 'modifyBusinessObjectDefinitionsInSearchIndex', 'modifyTagsInSearchIndex', 'processMessage'] timeout=900s
[2026-03-16 00:11:22] Maven baseline command: mvn.cmd -o -B -pl herd-code/herd-service -Dtest=SearchIndexUpdateHelperTest#testModifyTagInSearchIndexSearchIndexUpdateJmsListenerDisabled -Drat.skip=true -DfailIfNoTests=false -Dcheckstyle.skip=true jacoco:prepare-agent test jacoco:report
[2026-03-16 00:11:22] Maven PIT command: mvn.cmd -o -B -pl herd-code/herd-service -DtargetTests=org.finra.herd.service.helper.SearchIndexUpdateHelperTest -DtargetClasses=org.finra.herd.service.helper.SearchIndexUpdateHelper -DincludedTestMethods=testModifyTagInSearchIndexSearchIndexUpdateJmsListenerDisabled -Dpitest.includedMethods=modifyTagInSearchIndex -DexcludedMethods=getSqsQueueName,modifyBusinessObjectDefinitionInSearchIndex,modifyBusinessObjectDefinitionsInSearchIndex,modifyTagsInSearchIndex,processMessage -DfailWhenNoMutations=false -Dthreads=1 -DtimeoutConstant=120000 -DtimeoutFactor=4.0 -DparseSurefireArgLine=false -Dfeatures=-auto_threads -Drat.skip=true -DfailIfNoTests=false -Dcheckstyle.skip=true org.pitest:pitest-maven:mutationCoverage
[2026-03-16 00:11:22] Starting smoke pit-targeted command=mvn.cmd -o -B -pl herd-code/herd-service -DtargetTests=org.finra.herd.service.helper.SearchIndexUpdateHelperTest -DtargetClasses=org.finra.herd.service.helper.SearchIndexUpdateHelper -DincludedTestMethods=testModifyTagInSearchIndexSearchIndexUpdateJmsListenerDisabled -Dpitest.includedMethods=modifyTagInSearchIndex -DexcludedMethods=getSqsQueueName,modifyBusinessObjectDefinitionInSearchIndex,modifyBusinessObjectDefinitionsInSearchIndex,modifyTagsInSearchIndex,processMessage -DfailWhenNoMutations=false -Dthreads=1 -DtimeoutConstant=120000 -DtimeoutFactor=4.0 -DparseSurefireArgLine=false -Dfeatures=-auto_threads -Drat.skip=true -DfailIfNoTests=false -Dcheckstyle.skip=true org.pitest:pitest-maven:mutationCoverage cwd=C:\Users\osart\ATR_ProjectV2\compiledrepos\worker_pilotx1\42949039

===== MAVEN PIT-TARGETED START =====
[INFO] Scanning for projects...
[INFO] 
[INFO] --------------------< org.finra.herd:herd-service >---------------------
[INFO] Building herd service 0.176.0-SNAPSHOT
[INFO]   from pom.xml
[INFO] --------------------------------[ jar ]---------------------------------
[INFO] 
[INFO] --- pitest:1.16.0:mutationCoverage (default-cli) @ herd-service ---
[INFO] Root dir is : C:\Users\osart\ATR_ProjectV2\compiledrepos\worker_pilotx1\42949039
[INFO] Found plugin : Default csv report plugin
[INFO] Found plugin : Default xml report plugin
[INFO] Found plugin : Default html report plugin
[INFO] Found plugin : Static initializer code detector plugin
[INFO] Found plugin : Excluded annotations plugin
[INFO] Found plugin : Try with resources filter
[INFO] Found plugin : Inlined finally block filter plugin
[INFO] Found plugin : Implicit null check filter
[INFO] Found plugin : Method reference null check filter
[INFO] Found plugin : For each loop filter
[INFO] Found plugin : Enum junk filter
[INFO] Found plugin : Record junk mutation filter
[INFO] Found plugin : String switch filter
[INFO] Found plugin : Assertions filter
[INFO] Found plugin : Enum switch filter
[INFO] Found plugin : Logging calls filter
[INFO] Found plugin : Infinite for loop filter
[INFO] Found plugin : Long running iterator loop filter
[INFO] Found plugin : For loop counter filter
[INFO] Found plugin : Kotlin junk mutations filter
[INFO] Found plugin : Groovy junk mutations filter
[INFO] Found plugin : Max mutations per class limit
[INFO] Found plugin : Equals shortcut equivalent mutant filter
[INFO] Found plugin : Trivial return vals equivalence filter
[INFO] Found plugin : Filters mutants with line number <= 1
[INFO] Found plugin : Division by one equivalent mutant filter
[INFO] Found plugin : Lombok junk mutations filter
[INFO] Found plugin : Filter mutations to defensive wrappers such as unmodifiableCollection on return or field write
[INFO] Found plugin : Mutant export plugin
[INFO] Found plugin : Auto add java.awt.headless=true to keep keyboard focus on Mac OS
[INFO] Found plugin : Auto set number of threads based on machine
[INFO] Found plugin : Automatically add -ea to launch args to enable assertions
[INFO] Found plugin : Default build verifier
[INFO] Found plugin : Detect missing JUnit5 plugin
[INFO] Found plugin : Detect missing TestNG plugin
[INFO] Found plugin : Detect missing kotlin plugin
[INFO] Found plugin : Detect missing spring plugin
[INFO] Found plugin : Default coverage exporter
[INFO] Found shared classpath plugin : Default mutation engine
[INFO] Found shared classpath plugin : JUnit plugin
[INFO] Available mutators : EXPERIMENTAL_ARGUMENT_PROPAGATION,FALSE_RETURNS,TRUE_RETURNS,CONDITIONALS_BOUNDARY,CONSTRUCTOR_CALLS,EMPTY_RETURNS,INCREMENTS,INLINE_CONSTS,INVERT_NEGS,MATH,NEGATE_CONDITIONALS,NON_VOID_METHOD_CALLS,NULL_RETURNS,PRIMITIVE_RETURNS,REMOVE_CONDITIONALS_EQUAL_IF,REMOVE_CONDITIONALS_EQUAL_ELSE,REMOVE_CONDITIONALS_ORDER_IF,REMOVE_CONDITIONALS_ORDER_ELSE,VOID_METHOD_CALLS,EXPERIMENTAL_BIG_DECIMAL,EXPERIMENTAL_BIG_INTEGER,EXPERIMENTAL_MEMBER_VARIABLE,EXPERIMENTAL_NAKED_RECEIVER,REMOVE_INCREMENTS,EXPERIMENTAL_SWITCH,EXPERIMENTAL_BIG_DECIMAL,EXPERIMENTAL_BIG_INTEGER
[INFO] Adding org.pitest:pitest to SUT classpath
[INFO] Mutating from C:\Users\osart\ATR_ProjectV2\compiledrepos\worker_pilotx1\42949039\herd-code\herd-service\target\classes
12:11:38 AM PIT >> INFO : Verbose logging is disabled. If you encounter a problem, please enable it before reporting an issue.
12:11:39 AM PIT >> INFO : Created 1 mutation test units in pre scan
12:11:40 AM PIT >> INFO : Sending 1 test classes to minion
12:11:40 AM PIT >> INFO : Sent tests to minion
/12:12:16 AM PIT >> INFO : Calculated coverage in 37 seconds.
12:12:16 AM PIT >> INFO : Created 1 mutation test units
/12:12:50 AM PIT >> INFO : Completed in 72 seconds
================================================================================
- Mutators
================================================================================
> org.pitest.mutationtest.engine.gregor.mutators.VoidMethodCallMutator
>> Generated 1 Killed 1 (100%)
> KILLED 1 SURVIVED 0 TIMED_OUT 0 NON_VIABLE 0 
> MEMORY_ERROR 0 NOT_STARTED 0 STARTED 0 RUN_ERROR 0 
> NO_COVERAGE 0 
--------------------------------------------------------------------------------
================================================================================
- Timings
================================================================================
> pre-scan for mutations : < 1 second
> scan classpath : < 1 second
> coverage and dependency analysis : 37 seconds
> build mutation tests : < 1 second
> run mutation analysis : 33 seconds
--------------------------------------------------------------------------------
> Total  : 1 minutes and 11 seconds
--------------------------------------------------------------------------------
================================================================================
- Statistics
================================================================================
>> Line Coverage (for mutated classes only): 11/41 (27%)
>> Generated 1 mutations Killed 1 (100%)
>> Mutations with no coverage 0. Test strength 100%
>> Ran 1 tests (1 tests per mutation)
Enhanced functionality available at https://www.arcmutate.com/

Build messages:- 
* Project uses Spring, but the Arcmutate Spring plugin is not present. (https://docs.arcmutate.com/docs/spring.html)
[INFO] ------------------------------------------------------------------------
[INFO] BUILD SUCCESS
[INFO] ------------------------------------------------------------------------
[INFO] Total time:  01:25 min
[INFO] Finished at: 2026-03-16T00:12:50-04:00
[INFO] ------------------------------------------------------------------------

===== MAVEN PIT-TARGETED END returncode=0 =====
[2026-03-16 00:12:51] Finished smoke pit-targeted in 89.38s with returncode=0
[2026-03-16 00:12:53] Smoke execution started. baseline_module_args=['-pl', 'herd-code/herd-service'] pit_module_args=['-pl', 'herd-code/herd-service'] test_classes=-Dtest=SearchIndexUpdateHelperTest#testModifyTagInSearchIndexSearchIndexUpdateJmsListenerDisabled target_tests=['org.finra.herd.service.helper.SearchIndexUpdateHelperTest'] target_classes=['org.finra.herd.service.helper.SearchIndexUpdateHelper'] ast_test_method=testModifyTagInSearchIndexSearchIndexUpdateJmsListenerDisabled ast_focal_method=modifyTagInSearchIndex excluded_mutation_methods=['getSqsQueueName', 'modifyBusinessObjectDefinitionInSearchIndex', 'modifyBusinessObjectDefinitionsInSearchIndex', 'modifyTagsInSearchIndex', 'processMessage'] timeout=900s
[2026-03-16 00:12:53] Maven baseline command: mvn.cmd -o -B -pl herd-code/herd-service -Dtest=SearchIndexUpdateHelperTest#testModifyTagInSearchIndexSearchIndexUpdateJmsListenerDisabled -Drat.skip=true -DfailIfNoTests=false -Dcheckstyle.skip=true jacoco:prepare-agent test jacoco:report
[2026-03-16 00:12:53] Maven PIT command: mvn.cmd -o -B -pl herd-code/herd-service -DtargetTests=org.finra.herd.service.helper.SearchIndexUpdateHelperTest -DtargetClasses=org.finra.herd.service.helper.SearchIndexUpdateHelper -DincludedTestMethods=testModifyTagInSearchIndexSearchIndexUpdateJmsListenerDisabled -Dpitest.includedMethods=modifyTagInSearchIndex -DexcludedMethods=getSqsQueueName,modifyBusinessObjectDefinitionInSearchIndex,modifyBusinessObjectDefinitionsInSearchIndex,modifyTagsInSearchIndex,processMessage -DfailWhenNoMutations=false -Dthreads=1 -DtimeoutConstant=120000 -DtimeoutFactor=4.0 -DparseSurefireArgLine=false -Dfeatures=-auto_threads -Drat.skip=true -DfailIfNoTests=false -Dcheckstyle.skip=true org.pitest:pitest-maven:mutationCoverage
[2026-03-16 00:12:53] Starting smoke baseline-test command=mvn.cmd -o -B -pl herd-code/herd-service -Dtest=SearchIndexUpdateHelperTest#testModifyTagInSearchIndexSearchIndexUpdateJmsListenerDisabled -Drat.skip=true -DfailIfNoTests=false -Dcheckstyle.skip=true jacoco:prepare-agent test jacoco:report cwd=C:\Users\osart\ATR_ProjectV2\compiledrepos\worker_pilotx1\42949039

===== MAVEN BASELINE-TEST START =====
[INFO] Scanning for projects...
[INFO] 
[INFO] --------------------< org.finra.herd:herd-service >---------------------
[INFO] Building herd service 0.176.0-SNAPSHOT
[INFO]   from pom.xml
[INFO] --------------------------------[ jar ]---------------------------------
[INFO] 
[INFO] --- jacoco:0.8.7:prepare-agent (default-cli) @ herd-service ---
[INFO] surefireArgLine set to -javaagent:C:\\Users\\osart\\.m2\\repository\\org\\jacoco\\org.jacoco.agent\\0.8.7\\org.jacoco.agent-0.8.7-runtime.jar=destfile=C:\\Users\\osart\\ATR_ProjectV2\\compiledrepos\\worker_pilotx1\\42949039\\herd-code\\herd-service\\target\\jacoco.exec,includes=org/finra/herd/service/helper/SearchIndexUpdateHelper*,output=file
[INFO] 
[INFO] --- jacoco:0.8.7:prepare-agent (jacoco-initialize) @ herd-service ---
[INFO] surefireArgLine set to -javaagent:C:\\Users\\osart\\.m2\\repository\\org\\jacoco\\org.jacoco.agent\\0.8.7\\org.jacoco.agent-0.8.7-runtime.jar=destfile=C:\\Users\\osart\\ATR_ProjectV2\\compiledrepos\\worker_pilotx1\\42949039\\herd-code\\herd-service\\target\\jacoco.exec,includes=org/finra/herd/service/helper/SearchIndexUpdateHelper*,output=file
[INFO] 
[INFO] --- build-helper:3.0.0:add-source (default) @ herd-service ---
[INFO] Source directory: C:\Users\osart\ATR_ProjectV2\compiledrepos\worker_pilotx1\42949039\herd-code\herd-service\target\generated-sources added.
[INFO] 
[INFO] --- resources:3.0.2:resources (default-resources) @ herd-service ---
[INFO] Using 'UTF-8' encoding to copy filtered resources.
[INFO] skip non existing resourceDirectory C:\Users\osart\ATR_ProjectV2\compiledrepos\worker_pilotx1\42949039\herd-code\herd-service\src\main\resources
[INFO] 
[INFO] --- flatten:1.1.0:flatten (flatten) @ herd-service ---
[INFO] Generating flattened POM of project org.finra.herd:herd-service:jar:0.176.0-SNAPSHOT...
[INFO] 
[INFO] --- compiler:3.7.0:compile (default-compile) @ herd-service ---
[INFO] Nothing to compile - all classes are up to date
[INFO] 
[INFO] --- resources:3.0.2:testResources (default-testResources) @ herd-service ---
[INFO] Using 'UTF-8' encoding to copy filtered resources.
[INFO] Copying 17 resources
[INFO] 
[INFO] --- compiler:3.7.0:testCompile (default-testCompile) @ herd-service ---
[INFO] Changes detected - recompiling the module!
[INFO] Compiling 285 source files to C:\Users\osart\ATR_ProjectV2\compiledrepos\worker_pilotx1\42949039\herd-code\herd-service\target\test-classes
[INFO] /C:/Users/osart/ATR_ProjectV2/compiledrepos/worker_pilotx1/42949039/herd-code/herd-service/src/test/java/org/finra/herd/service/BusinessObjectDataServiceTestHelper.java: Some input files use unchecked or unsafe operations.
[INFO] /C:/Users/osart/ATR_ProjectV2/compiledrepos/worker_pilotx1/42949039/herd-code/herd-service/src/test/java/org/finra/herd/service/BusinessObjectDataServiceTestHelper.java: Recompile with -Xlint:unchecked for details.
[INFO] 
[INFO] --- surefire:2.22.2:test (default-test) @ herd-service ---
[INFO] 
[INFO] -------------------------------------------------------
[INFO]  T E S T S
[INFO] -------------------------------------------------------
[INFO] Running org.finra.herd.service.helper.SearchIndexUpdateHelperTest
Using Log4J configuration location "classpath:herd-log4j-test.xml".
[ERROR] Tests run: 1, Failures: 1, Errors: 0, Skipped: 0, Time elapsed: 31.471 s <<< FAILURE! - in org.finra.herd.service.helper.SearchIndexUpdateHelperTest
[ERROR] testModifyTagInSearchIndexSearchIndexUpdateJmsListenerDisabled(org.finra.herd.service.helper.SearchIndexUpdateHelperTest)  Time elapsed: 0.859 s  <<< FAILURE!
org.mockito.exceptions.verification.junit.ArgumentsAreDifferent: 

Argument(s) are different! Wanted:
jsonHelper.objectToJson(
    SearchIndexUpdateDto{businessObjectDefinitionIds=null, messageType='TAG', modificationType='UPDATE', tagIds=[1]}
);
-> at org.finra.herd.dao.helper.JsonHelper.objectToJson(JsonHelper.java:71)
Actual invocation has different arguments:
jsonHelper.objectToJson(
    SearchIndexUpdateDto{businessObjectDefinitionIds=null, messageType='TAG', modificationType='UPDATE', tagIds=[999]}
);
-> at org.finra.herd.service.helper.SearchIndexUpdateHelper.modifyTagInSearchIndex(SearchIndexUpdateHelper.java:100)

	at org.finra.herd.service.helper.SearchIndexUpdateHelperTest.testModifyTagInSearchIndexSearchIndexUpdateJmsListenerDisabled(SearchIndexUpdateHelperTest.java:393)

[INFO] 
[INFO] Results:
[INFO] 
[ERROR] Failures: 
[ERROR]   SearchIndexUpdateHelperTest.testModifyTagInSearchIndexSearchIndexUpdateJmsListenerDisabled:393 
Argument(s) are different! Wanted:
jsonHelper.objectToJson(
    SearchIndexUpdateDto{businessObjectDefinitionIds=null, messageType='TAG', modificationType='UPDATE', tagIds=[1]}
);
-> at org.finra.herd.dao.helper.JsonHelper.objectToJson(JsonHelper.java:71)
Actual invocation has different arguments:
jsonHelper.objectToJson(
    SearchIndexUpdateDto{businessObjectDefinitionIds=null, messageType='TAG', modificationType='UPDATE', tagIds=[999]}
);
-> at org.finra.herd.service.helper.SearchIndexUpdateHelper.modifyTagInSearchIndex(SearchIndexUpdateHelper.java:100)

[INFO] 
[ERROR] Tests run: 1, Failures: 1, Errors: 0, Skipped: 0
[INFO] 
[ERROR] There are test failures.

Please refer to C:\Users\osart\ATR_ProjectV2\compiledrepos\worker_pilotx1\42949039\herd-code\herd-service\target\surefire-reports for the individual test results.
Please refer to dump files (if any exist) [date].dump, [date]-jvmRun[N].dump and [date].dumpstream.
[INFO] 
[INFO] --- jacoco:0.8.7:report (jacoco-site) @ herd-service ---
[INFO] Loading execution data file C:\Users\osart\ATR_ProjectV2\compiledrepos\worker_pilotx1\42949039\herd-code\herd-service\target\jacoco.exec
[INFO] Analyzed bundle 'herd service' with 1 classes
[INFO] 
[INFO] --- jacoco:0.8.7:report (default-cli) @ herd-service ---
[INFO] Loading execution data file C:\Users\osart\ATR_ProjectV2\compiledrepos\worker_pilotx1\42949039\herd-code\herd-service\target\jacoco.exec
[INFO] Analyzed bundle 'herd service' with 1 classes
[INFO] ------------------------------------------------------------------------
[INFO] BUILD SUCCESS
[INFO] ------------------------------------------------------------------------
[INFO] Total time:  01:12 min
[INFO] Finished at: 2026-03-16T00:14:08-04:00
[INFO] ------------------------------------------------------------------------

===== MAVEN BASELINE-TEST END returncode=0 =====
[2026-03-16 00:14:08] Finished smoke baseline-test in 75.41s with returncode=0
[2026-03-16 00:14:08] Detected explicit Surefire failure markers despite successful Maven exit code.
[2026-03-16 00:14:08] Baseline failure log captured at C:\Users\osart\ATR_ProjectV2\output\worker_pilotx1\42949039\latest_failure_log.txt
[2026-03-16 00:14:08] [RegenerativeSync] Starting primary generation pass for SearchIndexUpdateHelperTest on focal SearchIndexUpdateHelper.
[2026-03-16 00:17:12] Smoke execution started. baseline_module_args=['-pl', 'herd-code/herd-service'] pit_module_args=['-pl', 'herd-code/herd-service'] test_classes=-Dtest=SearchIndexUpdateHelperTest#testModifyTagInSearchIndexSearchIndexUpdateJmsListenerDisabled target_tests=['org.finra.herd.service.helper.SearchIndexUpdateHelperTest'] target_classes=['org.finra.herd.service.helper.SearchIndexUpdateHelper'] ast_test_method=testModifyTagInSearchIndexSearchIndexUpdateJmsListenerDisabled ast_focal_method=modifyTagInSearchIndex excluded_mutation_methods=['getSqsQueueName', 'modifyBusinessObjectDefinitionInSearchIndex', 'modifyBusinessObjectDefinitionsInSearchIndex', 'modifyTagsInSearchIndex', 'processMessage'] timeout=900s
[2026-03-16 00:17:12] Maven baseline command: mvn.cmd -o -B -pl herd-code/herd-service -Dtest=SearchIndexUpdateHelperTest#testModifyTagInSearchIndexSearchIndexUpdateJmsListenerDisabled -Drat.skip=true -DfailIfNoTests=false -Dcheckstyle.skip=true jacoco:prepare-agent test jacoco:report
[2026-03-16 00:17:12] Maven PIT command: mvn.cmd -o -B -pl herd-code/herd-service -DtargetTests=org.finra.herd.service.helper.SearchIndexUpdateHelperTest -DtargetClasses=org.finra.herd.service.helper.SearchIndexUpdateHelper -DincludedTestMethods=testModifyTagInSearchIndexSearchIndexUpdateJmsListenerDisabled -Dpitest.includedMethods=modifyTagInSearchIndex -DexcludedMethods=getSqsQueueName,modifyBusinessObjectDefinitionInSearchIndex,modifyBusinessObjectDefinitionsInSearchIndex,modifyTagsInSearchIndex,processMessage -DfailWhenNoMutations=false -Dthreads=1 -DtimeoutConstant=120000 -DtimeoutFactor=4.0 -DparseSurefireArgLine=false -Dfeatures=-auto_threads -Drat.skip=true -DfailIfNoTests=false -Dcheckstyle.skip=true org.pitest:pitest-maven:mutationCoverage
[2026-03-16 00:17:12] Starting smoke baseline-test command=mvn.cmd -o -B -pl herd-code/herd-service -Dtest=SearchIndexUpdateHelperTest#testModifyTagInSearchIndexSearchIndexUpdateJmsListenerDisabled -Drat.skip=true -DfailIfNoTests=false -Dcheckstyle.skip=true jacoco:prepare-agent test jacoco:report cwd=C:\Users\osart\ATR_ProjectV2\compiledrepos\worker_pilotx1\42949039

===== MAVEN BASELINE-TEST START =====
[INFO] Scanning for projects...
[INFO] 
[INFO] --------------------< org.finra.herd:herd-service >---------------------
[INFO] Building herd service 0.176.0-SNAPSHOT
[INFO]   from pom.xml
[INFO] --------------------------------[ jar ]---------------------------------
[INFO] 
[INFO] --- jacoco:0.8.7:prepare-agent (default-cli) @ herd-service ---
[INFO] surefireArgLine set to -javaagent:C:\\Users\\osart\\.m2\\repository\\org\\jacoco\\org.jacoco.agent\\0.8.7\\org.jacoco.agent-0.8.7-runtime.jar=destfile=C:\\Users\\osart\\ATR_ProjectV2\\compiledrepos\\worker_pilotx1\\42949039\\herd-code\\herd-service\\target\\jacoco.exec,includes=org/finra/herd/service/helper/SearchIndexUpdateHelper*,output=file
[INFO] 
[INFO] --- jacoco:0.8.7:prepare-agent (jacoco-initialize) @ herd-service ---
[INFO] surefireArgLine set to -javaagent:C:\\Users\\osart\\.m2\\repository\\org\\jacoco\\org.jacoco.agent\\0.8.7\\org.jacoco.agent-0.8.7-runtime.jar=destfile=C:\\Users\\osart\\ATR_ProjectV2\\compiledrepos\\worker_pilotx1\\42949039\\herd-code\\herd-service\\target\\jacoco.exec,includes=org/finra/herd/service/helper/SearchIndexUpdateHelper*,output=file
[INFO] 
[INFO] --- build-helper:3.0.0:add-source (default) @ herd-service ---
[INFO] Source directory: C:\Users\osart\ATR_ProjectV2\compiledrepos\worker_pilotx1\42949039\herd-code\herd-service\target\generated-sources added.
[INFO] 
[INFO] --- resources:3.0.2:resources (default-resources) @ herd-service ---
[INFO] Using 'UTF-8' encoding to copy filtered resources.
[INFO] skip non existing resourceDirectory C:\Users\osart\ATR_ProjectV2\compiledrepos\worker_pilotx1\42949039\herd-code\herd-service\src\main\resources
[INFO] 
[INFO] --- flatten:1.1.0:flatten (flatten) @ herd-service ---
[INFO] Generating flattened POM of project org.finra.herd:herd-service:jar:0.176.0-SNAPSHOT...
[INFO] 
[INFO] --- compiler:3.7.0:compile (default-compile) @ herd-service ---
[INFO] Nothing to compile - all classes are up to date
[INFO] 
[INFO] --- resources:3.0.2:testResources (default-testResources) @ herd-service ---
[INFO] Using 'UTF-8' encoding to copy filtered resources.
[INFO] Copying 17 resources
[INFO] 
[INFO] --- compiler:3.7.0:testCompile (default-testCompile) @ herd-service ---
[INFO] Changes detected - recompiling the module!
[INFO] Compiling 285 source files to C:\Users\osart\ATR_ProjectV2\compiledrepos\worker_pilotx1\42949039\herd-code\herd-service\target\test-classes
[INFO] /C:/Users/osart/ATR_ProjectV2/compiledrepos/worker_pilotx1/42949039/herd-code/herd-service/src/test/java/org/finra/herd/service/BusinessObjectDataServiceTestHelper.java: Some input files use unchecked or unsafe operations.
[INFO] /C:/Users/osart/ATR_ProjectV2/compiledrepos/worker_pilotx1/42949039/herd-code/herd-service/src/test/java/org/finra/herd/service/BusinessObjectDataServiceTestHelper.java: Recompile with -Xlint:unchecked for details.
[INFO] 
[INFO] --- surefire:2.22.2:test (default-test) @ herd-service ---
[INFO] 
[INFO] -------------------------------------------------------
[INFO]  T E S T S
[INFO] -------------------------------------------------------
[INFO] Running org.finra.herd.service.helper.SearchIndexUpdateHelperTest
Using Log4J configuration location "classpath:herd-log4j-test.xml".
[INFO] Tests run: 1, Failures: 0, Errors: 0, Skipped: 0, Time elapsed: 30.86 s - in org.finra.herd.service.helper.SearchIndexUpdateHelperTest
[INFO] 
[INFO] Results:
[INFO] 
[INFO] Tests run: 1, Failures: 0, Errors: 0, Skipped: 0
[INFO] 
[INFO] 
[INFO] --- jacoco:0.8.7:report (jacoco-site) @ herd-service ---
[INFO] Loading execution data file C:\Users\osart\ATR_ProjectV2\compiledrepos\worker_pilotx1\42949039\herd-code\herd-service\target\jacoco.exec
[INFO] Analyzed bundle 'herd service' with 1 classes
[INFO] 
[INFO] --- jacoco:0.8.7:report (default-cli) @ herd-service ---
[INFO] Loading execution data file C:\Users\osart\ATR_ProjectV2\compiledrepos\worker_pilotx1\42949039\herd-code\herd-service\target\jacoco.exec
[INFO] Analyzed bundle 'herd service' with 1 classes
[INFO] ------------------------------------------------------------------------
[INFO] BUILD SUCCESS
[INFO] ------------------------------------------------------------------------
[INFO] Total time:  01:11 min
[INFO] Finished at: 2026-03-16T00:18:26-04:00
[INFO] ------------------------------------------------------------------------

===== MAVEN BASELINE-TEST END returncode=0 =====
[2026-03-16 00:18:26] Finished smoke baseline-test in 74.40s with returncode=0
[2026-03-16 00:18:26] [RegenerativeSync] Baseline passed on first pass for SearchIndexUpdateHelperTest; running targeted PIT.
[2026-03-16 00:18:26] Smoke execution started. baseline_module_args=['-pl', 'herd-code/herd-service'] pit_module_args=['-pl', 'herd-code/herd-service'] test_classes=-Dtest=SearchIndexUpdateHelperTest#testModifyTagInSearchIndexSearchIndexUpdateJmsListenerDisabled target_tests=['org.finra.herd.service.helper.SearchIndexUpdateHelperTest'] target_classes=['org.finra.herd.service.helper.SearchIndexUpdateHelper'] ast_test_method=testModifyTagInSearchIndexSearchIndexUpdateJmsListenerDisabled ast_focal_method=modifyTagInSearchIndex excluded_mutation_methods=['getSqsQueueName', 'modifyBusinessObjectDefinitionInSearchIndex', 'modifyBusinessObjectDefinitionsInSearchIndex', 'modifyTagsInSearchIndex', 'processMessage'] timeout=900s
[2026-03-16 00:18:26] Maven baseline command: mvn.cmd -o -B -pl herd-code/herd-service -Dtest=SearchIndexUpdateHelperTest#testModifyTagInSearchIndexSearchIndexUpdateJmsListenerDisabled -Drat.skip=true -DfailIfNoTests=false -Dcheckstyle.skip=true jacoco:prepare-agent test jacoco:report
[2026-03-16 00:18:26] Maven PIT command: mvn.cmd -o -B -pl herd-code/herd-service -DtargetTests=org.finra.herd.service.helper.SearchIndexUpdateHelperTest -DtargetClasses=org.finra.herd.service.helper.SearchIndexUpdateHelper -DincludedTestMethods=testModifyTagInSearchIndexSearchIndexUpdateJmsListenerDisabled -Dpitest.includedMethods=modifyTagInSearchIndex -DexcludedMethods=getSqsQueueName,modifyBusinessObjectDefinitionInSearchIndex,modifyBusinessObjectDefinitionsInSearchIndex,modifyTagsInSearchIndex,processMessage -DfailWhenNoMutations=false -Dthreads=1 -DtimeoutConstant=120000 -DtimeoutFactor=4.0 -DparseSurefireArgLine=false -Dfeatures=-auto_threads -Drat.skip=true -DfailIfNoTests=false -Dcheckstyle.skip=true org.pitest:pitest-maven:mutationCoverage
[2026-03-16 00:18:26] Starting smoke pit-targeted command=mvn.cmd -o -B -pl herd-code/herd-service -DtargetTests=org.finra.herd.service.helper.SearchIndexUpdateHelperTest -DtargetClasses=org.finra.herd.service.helper.SearchIndexUpdateHelper -DincludedTestMethods=testModifyTagInSearchIndexSearchIndexUpdateJmsListenerDisabled -Dpitest.includedMethods=modifyTagInSearchIndex -DexcludedMethods=getSqsQueueName,modifyBusinessObjectDefinitionInSearchIndex,modifyBusinessObjectDefinitionsInSearchIndex,modifyTagsInSearchIndex,processMessage -DfailWhenNoMutations=false -Dthreads=1 -DtimeoutConstant=120000 -DtimeoutFactor=4.0 -DparseSurefireArgLine=false -Dfeatures=-auto_threads -Drat.skip=true -DfailIfNoTests=false -Dcheckstyle.skip=true org.pitest:pitest-maven:mutationCoverage cwd=C:\Users\osart\ATR_ProjectV2\compiledrepos\worker_pilotx1\42949039

===== MAVEN PIT-TARGETED START =====
[INFO] Scanning for projects...
[INFO] 
[INFO] --------------------< org.finra.herd:herd-service >---------------------
[INFO] Building herd service 0.176.0-SNAPSHOT
[INFO]   from pom.xml
[INFO] --------------------------------[ jar ]---------------------------------
[INFO] 
[INFO] --- pitest:1.16.0:mutationCoverage (default-cli) @ herd-service ---
[INFO] Root dir is : C:\Users\osart\ATR_ProjectV2\compiledrepos\worker_pilotx1\42949039
[INFO] Found plugin : Default csv report plugin
[INFO] Found plugin : Default xml report plugin
[INFO] Found plugin : Default html report plugin
[INFO] Found plugin : Static initializer code detector plugin
[INFO] Found plugin : Excluded annotations plugin
[INFO] Found plugin : Try with resources filter
[INFO] Found plugin : Inlined finally block filter plugin
[INFO] Found plugin : Implicit null check filter
[INFO] Found plugin : Method reference null check filter
[INFO] Found plugin : For each loop filter
[INFO] Found plugin : Enum junk filter
[INFO] Found plugin : Record junk mutation filter
[INFO] Found plugin : String switch filter
[INFO] Found plugin : Assertions filter
[INFO] Found plugin : Enum switch filter
[INFO] Found plugin : Logging calls filter
[INFO] Found plugin : Infinite for loop filter
[INFO] Found plugin : Long running iterator loop filter
[INFO] Found plugin : For loop counter filter
[INFO] Found plugin : Kotlin junk mutations filter
[INFO] Found plugin : Groovy junk mutations filter
[INFO] Found plugin : Max mutations per class limit
[INFO] Found plugin : Equals shortcut equivalent mutant filter
[INFO] Found plugin : Trivial return vals equivalence filter
[INFO] Found plugin : Filters mutants with line number <= 1
[INFO] Found plugin : Division by one equivalent mutant filter
[INFO] Found plugin : Lombok junk mutations filter
[INFO] Found plugin : Filter mutations to defensive wrappers such as unmodifiableCollection on return or field write
[INFO] Found plugin : Mutant export plugin
[INFO] Found plugin : Auto add java.awt.headless=true to keep keyboard focus on Mac OS
[INFO] Found plugin : Auto set number of threads based on machine
[INFO] Found plugin : Automatically add -ea to launch args to enable assertions
[INFO] Found plugin : Default build verifier
[INFO] Found plugin : Detect missing JUnit5 plugin
[INFO] Found plugin : Detect missing TestNG plugin
[INFO] Found plugin : Detect missing kotlin plugin
[INFO] Found plugin : Detect missing spring plugin
[INFO] Found plugin : Default coverage exporter
[INFO] Found shared classpath plugin : Default mutation engine
[INFO] Found shared classpath plugin : JUnit plugin
[INFO] Available mutators : EXPERIMENTAL_ARGUMENT_PROPAGATION,FALSE_RETURNS,TRUE_RETURNS,CONDITIONALS_BOUNDARY,CONSTRUCTOR_CALLS,EMPTY_RETURNS,INCREMENTS,INLINE_CONSTS,INVERT_NEGS,MATH,NEGATE_CONDITIONALS,NON_VOID_METHOD_CALLS,NULL_RETURNS,PRIMITIVE_RETURNS,REMOVE_CONDITIONALS_EQUAL_IF,REMOVE_CONDITIONALS_EQUAL_ELSE,REMOVE_CONDITIONALS_ORDER_IF,REMOVE_CONDITIONALS_ORDER_ELSE,VOID_METHOD_CALLS,EXPERIMENTAL_BIG_DECIMAL,EXPERIMENTAL_BIG_INTEGER,EXPERIMENTAL_MEMBER_VARIABLE,EXPERIMENTAL_NAKED_RECEIVER,REMOVE_INCREMENTS,EXPERIMENTAL_SWITCH,EXPERIMENTAL_BIG_DECIMAL,EXPERIMENTAL_BIG_INTEGER
[INFO] Adding org.pitest:pitest to SUT classpath
[INFO] Mutating from C:\Users\osart\ATR_ProjectV2\compiledrepos\worker_pilotx1\42949039\herd-code\herd-service\target\classes
12:18:44 AM PIT >> INFO : Verbose logging is disabled. If you encounter a problem, please enable it before reporting an issue.
12:18:45 AM PIT >> INFO : Created 1 mutation test units in pre scan
12:18:46 AM PIT >> INFO : Sending 1 test classes to minion
12:18:46 AM PIT >> INFO : Sent tests to minion
/12:19:16 AM PIT >> INFO : Calculated coverage in 31 seconds.
12:19:16 AM PIT >> INFO : Created 1 mutation test units
/12:19:48 AM PIT >> INFO : Completed in 63 seconds
================================================================================
- Mutators
================================================================================
> org.pitest.mutationtest.engine.gregor.mutators.VoidMethodCallMutator
>> Generated 1 Killed 0 (0%)
> KILLED 0 SURVIVED 1 TIMED_OUT 0 NON_VIABLE 0 
> MEMORY_ERROR 0 NOT_STARTED 0 STARTED 0 RUN_ERROR 0 
> NO_COVERAGE 0 
--------------------------------------------------------------------------------
================================================================================
- Timings
================================================================================
> pre-scan for mutations : < 1 second
> scan classpath : < 1 second
> coverage and dependency analysis : 31 seconds
> build mutation tests : < 1 second
> run mutation analysis : 31 seconds
--------------------------------------------------------------------------------
> Total  : 1 minutes and 3 seconds
--------------------------------------------------------------------------------
================================================================================
- Statistics
================================================================================
>> Line Coverage (for mutated classes only): 11/41 (27%)
>> Generated 1 mutations Killed 0 (0%)
>> Mutations with no coverage 0. Test strength 0%
>> Ran 1 tests (1 tests per mutation)
Enhanced functionality available at https://www.arcmutate.com/

Build messages:- 
* Project uses Spring, but the Arcmutate Spring plugin is not present. (https://docs.arcmutate.com/docs/spring.html)
[INFO] ------------------------------------------------------------------------
[INFO] BUILD SUCCESS
[INFO] ------------------------------------------------------------------------
[INFO] Total time:  01:18 min
[INFO] Finished at: 2026-03-16T00:19:48-04:00
[INFO] ------------------------------------------------------------------------

===== MAVEN PIT-TARGETED END returncode=0 =====
[2026-03-16 00:19:49] Finished smoke pit-targeted in 82.36s with returncode=0
